Archive member included to satisfy reference by file (symbol)

c:/program files (x86)/atmel/studio/7.0/toolchain/arm/arm-gnu-toolchain/bin/../lib/gcc/arm-none-eabi/6.3.1/thumb/v6-m\libgcc.a(_udivsi3.o)
                              src/ASF/sam0/drivers/system/clock/clock_saml22/clock.o (__aeabi_uidiv)
c:/program files (x86)/atmel/studio/7.0/toolchain/arm/arm-gnu-toolchain/bin/../lib/gcc/arm-none-eabi/6.3.1/thumb/v6-m\libgcc.a(_dvmd_tls.o)
                              c:/program files (x86)/atmel/studio/7.0/toolchain/arm/arm-gnu-toolchain/bin/../lib/gcc/arm-none-eabi/6.3.1/thumb/v6-m\libgcc.a(_udivsi3.o) (__aeabi_idiv0)
c:/program files (x86)/atmel/studio/7.0/toolchain/arm/arm-gnu-toolchain/bin/../lib/gcc/arm-none-eabi/6.3.1/../../../../arm-none-eabi/lib/thumb/v6-m\libc_nano.a(lib_a-exit.o)
                              c:/program files (x86)/atmel/studio/7.0/toolchain/arm/arm-gnu-toolchain/bin/../lib/gcc/arm-none-eabi/6.3.1/../../../../arm-none-eabi/lib/thumb/v6-m/crt0.o (exit)
c:/program files (x86)/atmel/studio/7.0/toolchain/arm/arm-gnu-toolchain/bin/../lib/gcc/arm-none-eabi/6.3.1/../../../../arm-none-eabi/lib/thumb/v6-m\libc_nano.a(lib_a-impure.o)
                              c:/program files (x86)/atmel/studio/7.0/toolchain/arm/arm-gnu-toolchain/bin/../lib/gcc/arm-none-eabi/6.3.1/../../../../arm-none-eabi/lib/thumb/v6-m\libc_nano.a(lib_a-exit.o) (_global_impure_ptr)
c:/program files (x86)/atmel/studio/7.0/toolchain/arm/arm-gnu-toolchain/bin/../lib/gcc/arm-none-eabi/6.3.1/../../../../arm-none-eabi/lib/thumb/v6-m\libc_nano.a(lib_a-init.o)
                              c:/program files (x86)/atmel/studio/7.0/toolchain/arm/arm-gnu-toolchain/bin/../lib/gcc/arm-none-eabi/6.3.1/../../../../arm-none-eabi/lib/thumb/v6-m/crt0.o (__libc_init_array)
c:/program files (x86)/atmel/studio/7.0/toolchain/arm/arm-gnu-toolchain/bin/../lib/gcc/arm-none-eabi/6.3.1/../../../../arm-none-eabi/lib/thumb/v6-m\libc_nano.a(lib_a-memcpy-stub.o)
                              FreeRtos/queue.o (memcpy)
c:/program files (x86)/atmel/studio/7.0/toolchain/arm/arm-gnu-toolchain/bin/../lib/gcc/arm-none-eabi/6.3.1/../../../../arm-none-eabi/lib/thumb/v6-m\libc_nano.a(lib_a-memset.o)
                              c:/program files (x86)/atmel/studio/7.0/toolchain/arm/arm-gnu-toolchain/bin/../lib/gcc/arm-none-eabi/6.3.1/../../../../arm-none-eabi/lib/thumb/v6-m/crt0.o (memset)

Allocating common symbols
Common symbol       size              file

sLedOnTask          0x4               FreeRtosExampleTask/FreeRtosTasks.o
_tc_instances       0x10              src/ASF/sam0/drivers/tc/tc_interrupt.o
sLedffTask          0x4               FreeRtosExampleTask/FreeRtosTasks.o
tc_instance         0x1c              src/qs_tc_callback.o

Discarded input sections

 .text          0x00000000        0x0 c:/program files (x86)/atmel/studio/7.0/toolchain/arm/arm-gnu-toolchain/bin/../lib/gcc/arm-none-eabi/6.3.1/thumb/v6-m/crti.o
 .data          0x00000000        0x0 c:/program files (x86)/atmel/studio/7.0/toolchain/arm/arm-gnu-toolchain/bin/../lib/gcc/arm-none-eabi/6.3.1/thumb/v6-m/crti.o
 .bss           0x00000000        0x0 c:/program files (x86)/atmel/studio/7.0/toolchain/arm/arm-gnu-toolchain/bin/../lib/gcc/arm-none-eabi/6.3.1/thumb/v6-m/crti.o
 .data          0x00000000        0x4 c:/program files (x86)/atmel/studio/7.0/toolchain/arm/arm-gnu-toolchain/bin/../lib/gcc/arm-none-eabi/6.3.1/thumb/v6-m/crtbegin.o
 .text          0x00000000       0x78 c:/program files (x86)/atmel/studio/7.0/toolchain/arm/arm-gnu-toolchain/bin/../lib/gcc/arm-none-eabi/6.3.1/../../../../arm-none-eabi/lib/thumb/v6-m/crt0.o
 .data          0x00000000        0x0 c:/program files (x86)/atmel/studio/7.0/toolchain/arm/arm-gnu-toolchain/bin/../lib/gcc/arm-none-eabi/6.3.1/../../../../arm-none-eabi/lib/thumb/v6-m/crt0.o
 .bss           0x00000000        0x0 c:/program files (x86)/atmel/studio/7.0/toolchain/arm/arm-gnu-toolchain/bin/../lib/gcc/arm-none-eabi/6.3.1/../../../../arm-none-eabi/lib/thumb/v6-m/crt0.o
 .ARM.extab     0x00000000        0x0 c:/program files (x86)/atmel/studio/7.0/toolchain/arm/arm-gnu-toolchain/bin/../lib/gcc/arm-none-eabi/6.3.1/../../../../arm-none-eabi/lib/thumb/v6-m/crt0.o
 .ARM.exidx     0x00000000        0x8 c:/program files (x86)/atmel/studio/7.0/toolchain/arm/arm-gnu-toolchain/bin/../lib/gcc/arm-none-eabi/6.3.1/../../../../arm-none-eabi/lib/thumb/v6-m/crt0.o
 .ARM.attributes
                0x00000000       0x1b c:/program files (x86)/atmel/studio/7.0/toolchain/arm/arm-gnu-toolchain/bin/../lib/gcc/arm-none-eabi/6.3.1/../../../../arm-none-eabi/lib/thumb/v6-m/crt0.o
 .group         0x00000000        0x8 FreeRtosExampleTask/FreeRtosTasks.o
 .group         0x00000000        0x8 FreeRtosExampleTask/FreeRtosTasks.o
 .group         0x00000000        0x8 FreeRtosExampleTask/FreeRtosTasks.o
 .group         0x00000000        0x8 FreeRtosExampleTask/FreeRtosTasks.o
 .group         0x00000000        0x8 FreeRtosExampleTask/FreeRtosTasks.o
[...]
Memory Configuration

Name             Origin             Length             Attributes
rom              0x00000000         0x00040000         xr
ram              0x20000000         0x00008000         xrw
*default*        0x00000000         0xffffffff

Linker script and memory map

LOAD c:/program files (x86)/atmel/studio/7.0/toolchain/arm/arm-gnu-toolchain/bin/../lib/gcc/arm-none-eabi/6.3.1/thumb/v6-m/crti.o
LOAD c:/program files (x86)/atmel/studio/7.0/toolchain/arm/arm-gnu-toolchain/bin/../lib/gcc/arm-none-eabi/6.3.1/thumb/v6-m/crtbegin.o
LOAD c:/program files (x86)/atmel/studio/7.0/toolchain/arm/arm-gnu-toolchain/bin/../lib/gcc/arm-none-eabi/6.3.1/../../../../arm-none-eabi/lib/thumb/v6-m/crt0.o
LOAD FreeRtosExampleTask/FreeRtosTasks.o
LOAD FreeRtosExampleTask/LedTasks.o
LOAD FreeRtos/croutine.o
LOAD FreeRtos/event_groups.o
LOAD FreeRtos/list.o
LOAD FreeRtos/portable/GCC/ARM_CM0/port.o
LOAD FreeRtos/portable/MemMang/heap_1.o
LOAD FreeRtos/queue.o
LOAD FreeRtos/stream_buffer.o
LOAD FreeRtos/tasks.o
LOAD FreeRtos/timers.o
LOAD src/ASF/sam0/drivers/tc/tc_interrupt.o
LOAD src/ASF/sam0/drivers/tc/tc_sam_I_c/tc.o
LOAD src/qs_tc_callback.o
LOAD src/ASF/common/utils/interrupt/interrupt_sam_nvic.o
LOAD src/ASF/sam0/boards/saml22_xplained_pro/board_init.o
LOAD src/ASF/sam0/drivers/port/port.o
LOAD src/ASF/sam0/drivers/system/clock/clock_saml22/clock.o
LOAD src/ASF/sam0/drivers/system/clock/clock_saml22/gclk.o
LOAD src/ASF/sam0/drivers/system/interrupt/system_interrupt.o
LOAD src/ASF/sam0/drivers/system/pinmux/pinmux.o
LOAD src/ASF/sam0/drivers/system/system.o
LOAD src/ASF/sam0/utils/cmsis/saml22/source/gcc/startup_saml22.o
LOAD src/ASF/sam0/utils/cmsis/saml22/source/system_saml22.o
LOAD src/ASF/sam0/utils/syscalls/gcc/syscalls.o
LOAD src/led_toggle.o
START GROUP
LOAD ../src/ASF/thirdparty/CMSIS/Lib/GCC\libarm_cortexM0l_math.a
LOAD c:/program files (x86)/atmel/studio/7.0/toolchain/arm/arm-gnu-toolchain/bin/../lib/gcc/arm-none-eabi/6.3.1/../../../../arm-none-eabi/lib/thumb/v6-m\libm.a
END GROUP
START GROUP
LOAD c:/program files (x86)/atmel/studio/7.0/toolchain/arm/arm-gnu-toolchain/bin/../lib/gcc/arm-none-eabi/6.3.1/thumb/v6-m\libgcc.a
LOAD c:/program files (x86)/atmel/studio/7.0/toolchain/arm/arm-gnu-toolchain/bin/../lib/gcc/arm-none-eabi/6.3.1/../../../../arm-none-eabi/lib/thumb/v6-m\libc_nano.a
END GROUP
START GROUP
LOAD c:/program files (x86)/atmel/studio/7.0/toolchain/arm/arm-gnu-toolchain/bin/../lib/gcc/arm-none-eabi/6.3.1/thumb/v6-m\libgcc.a
LOAD c:/program files (x86)/atmel/studio/7.0/toolchain/arm/arm-gnu-toolchain/bin/../lib/gcc/arm-none-eabi/6.3.1/../../../../arm-none-eabi/lib/thumb/v6-m\libc_nano.a
END GROUP
LOAD c:/program files (x86)/atmel/studio/7.0/toolchain/arm/arm-gnu-toolchain/bin/../lib/gcc/arm-none-eabi/6.3.1/thumb/v6-m/crtend.o
LOAD c:/program files (x86)/atmel/studio/7.0/toolchain/arm/arm-gnu-toolchain/bin/../lib/gcc/arm-none-eabi/6.3.1/thumb/v6-m/crtn.o
                0x00002000                STACK_SIZE = DEFINED (STACK_SIZE)?STACK_SIZE:DEFINED (__stack_size__)?__stack_size__:0x2000

.text           0x00000000     0x1f60
                0x00000000                . = ALIGN (0x4)
                0x00000000                _sfixed = .
 *(.vectors .vectors.*)
 .vectors       0x00000000       0xa8 src/ASF/sam0/utils/cmsis/saml22/source/gcc/startup_saml22.o
                0x00000000                exception_table
 *(.text .text.* .gnu.linkonce.t.*)
 .text          0x000000a8       0x60 c:/program files (x86)/atmel/studio/7.0/toolchain/arm/arm-gnu-toolchain/bin/../lib/gcc/arm-none-eabi/6.3.1/thumb/v6-m/crtbegin.o
 .text.FreeRtosTasks
                0x00000108       0x64 FreeRtosExampleTask/FreeRtosTasks.o
                0x00000108                FreeRtosTasks
 .text.system_pinmux_get_group_from_gpio_pin
                0x0000016c       0x60 FreeRtosExampleTask/LedTasks.o
 .text.port_get_group_from_gpio_pin
                0x000001cc       0x24 FreeRtosExampleTask/LedTasks.o
 .text.port_pin_set_output_level
                0x000001f0       0x54 FreeRtosExampleTask/LedTasks.o
 .text.led_on   0x00000244       0x1c FreeRtosExampleTask/LedTasks.o
                0x00000244                led_on
 .text.led_off  0x00000260       0x1c FreeRtosExampleTask/LedTasks.o
                0x00000260                led_off
 .text.vListInitialise
                0x0000027c       0x3c FreeRtos/list.o
                0x0000027c                vListInitialise
 .text.vListInitialiseItem
                0x000002b8       0x16 FreeRtos/list.o
                0x000002b8                vListInitialiseItem
 .text.vListInsertEnd
                0x000002ce       0x44 FreeRtos/list.o
                0x000002ce                vListInsertEnd
 .text.vListInsert
                0x00000312       0x6c FreeRtos/list.o
                0x00000312                vListInsert
 .text.uxListRemove
                0x0000037e       0x50 FreeRtos/list.o
                0x0000037e                uxListRemove
 *fill*         0x000003ce        0x2 
 .text.pxPortInitialiseStack
                0x000003d0       0x54 FreeRtos/portable/GCC/ARM_CM0/port.o
                0x000003d0                pxPortInitialiseStack
 .text.prvTaskExitError
                0x00000424       0x1c FreeRtos/portable/GCC/ARM_CM0/port.o
 .text.SVC_Handler
                0x00000440        0xa FreeRtos/portable/GCC/ARM_CM0/port.o
                0x00000440                SVC_Handler
 *fill*         0x0000044a        0x6 
 .text.vPortStartFirstTask
                0x00000450       0x38 FreeRtos/portable/GCC/ARM_CM0/port.o
 .text.xPortStartScheduler
                0x00000488       0x58 FreeRtos/portable/GCC/ARM_CM0/port.o
                0x00000488                xPortStartScheduler
 .text.vPortYield
                0x000004e0       0x20 FreeRtos/portable/GCC/ARM_CM0/port.o
                0x000004e0                vPortYield
 .text.vPortEnterCritical
                0x00000500       0x24 FreeRtos/portable/GCC/ARM_CM0/port.o
                0x00000500                vPortEnterCritical
 .text.vPortExitCritical
                0x00000524       0x24 FreeRtos/portable/GCC/ARM_CM0/port.o
                0x00000524                vPortExitCritical
 .text.ulSetInterruptMaskFromISR
                0x00000548        0xc FreeRtos/portable/GCC/ARM_CM0/port.o
                0x00000548                ulSetInterruptMaskFromISR
 .text.vClearInterruptMaskFromISR
                0x00000554        0x8 FreeRtos/portable/GCC/ARM_CM0/port.o
                0x00000554                vClearInterruptMaskFromISR
 *fill*         0x0000055c        0x4 
 .text.PendSV_Handler
                0x00000560       0x48 FreeRtos/portable/GCC/ARM_CM0/port.o
                0x00000560                PendSV_Handler
 .text.SysTick_Handler
                0x000005a8       0x40 FreeRtos/portable/GCC/ARM_CM0/port.o
                0x000005a8                SysTick_Handler
 .text.prvSetupTimerInterrupt
                0x000005e8       0x34 FreeRtos/portable/GCC/ARM_CM0/port.o
 .text.pvPortMalloc
                0x0000061c       0x94 FreeRtos/portable/MemMang/heap_1.o
                0x0000061c                pvPortMalloc
 .text.vPortFree
                0x000006b0       0x10 FreeRtos/portable/MemMang/heap_1.o
                0x000006b0                vPortFree
 .text.xTaskCreate
                0x000006c0       0xa0 FreeRtos/tasks.o
                0x000006c0                xTaskCreate
 .text.prvInitialiseNewTask
                0x00000760       0xf4 FreeRtos/tasks.o
 .text.prvAddNewTaskToReadyList
                0x00000854       0xdc FreeRtos/tasks.o
 .text.vTaskDelay
                0x00000930       0x4c FreeRtos/tasks.o
                0x00000930                vTaskDelay
 .text.vTaskStartScheduler
                0x0000097c       0x68 FreeRtos/tasks.o
                0x0000097c                vTaskStartScheduler
 .text.vTaskSuspendAll
                0x000009e4       0x18 FreeRtos/tasks.o
                0x000009e4                vTaskSuspendAll
 .text.xTaskResumeAll
                0x000009fc      0x128 FreeRtos/tasks.o
                0x000009fc                xTaskResumeAll
 .text.xTaskIncrementTick
                0x00000b24      0x15c FreeRtos/tasks.o
                0x00000b24                xTaskIncrementTick
 .text.vTaskSwitchContext
                0x00000c80       0x98 FreeRtos/tasks.o
                0x00000c80                vTaskSwitchContext
 .text.prvIdleTask
                0x00000d18       0x28 FreeRtos/tasks.o
 .text.prvInitialiseTaskLists
                0x00000d40       0x80 FreeRtos/tasks.o
 .text.prvCheckTasksWaitingTermination
                0x00000dc0        0xa FreeRtos/tasks.o
 *fill*         0x00000dca        0x2 
 .text.prvResetNextTaskUnblockTime
                0x00000dcc       0x3c FreeRtos/tasks.o
 .text.prvAddCurrentTaskToDelayedList
                0x00000e08       0xb4 FreeRtos/tasks.o
 .text.TC0_Handler
                0x00000ebc       0x14 src/ASF/sam0/drivers/tc/tc_interrupt.o
                0x00000ebc                TC0_Handler
 .text.TC1_Handler
                0x00000ed0       0x14 src/ASF/sam0/drivers/tc/tc_interrupt.o
                0x00000ed0                TC1_Handler
 .text.TC2_Handler
                0x00000ee4       0x14 src/ASF/sam0/drivers/tc/tc_interrupt.o
                0x00000ee4                TC2_Handler
 .text.TC3_Handler
                0x00000ef8       0x14 src/ASF/sam0/drivers/tc/tc_interrupt.o
                0x00000ef8                TC3_Handler
 .text._tc_interrupt_handler
                0x00000f0c       0xb8 src/ASF/sam0/drivers/tc/tc_interrupt.o
                0x00000f0c                _tc_interrupt_handler
 .text.cpu_irq_enter_critical
                0x00000fc4       0x54 src/ASF/common/utils/interrupt/interrupt_sam_nvic.o
                0x00000fc4                cpu_irq_enter_critical
 .text.cpu_irq_leave_critical
                0x00001018       0x40 src/ASF/common/utils/interrupt/interrupt_sam_nvic.o
                0x00001018                cpu_irq_leave_critical
 .text.system_pinmux_get_group_from_gpio_pin
                0x00001058       0x60 src/ASF/sam0/boards/saml22_xplained_pro/board_init.o
 .text.port_get_group_from_gpio_pin
                0x000010b8       0x24 src/ASF/sam0/boards/saml22_xplained_pro/board_init.o
 .text.port_get_config_defaults
                0x000010dc       0x22 src/ASF/sam0/boards/saml22_xplained_pro/board_init.o
 *fill*         0x000010fe        0x2 
 .text.port_pin_set_output_level
                0x00001100       0x54 src/ASF/sam0/boards/saml22_xplained_pro/board_init.o
 .text.system_board_init
                0x00001154       0x50 src/ASF/sam0/boards/saml22_xplained_pro/board_init.o
                0x00001154                board_init
                0x00001154                system_board_init
 .text.system_pinmux_get_config_defaults
                0x000011a4       0x28 src/ASF/sam0/drivers/port/port.o
 .text.port_pin_set_config
                0x000011cc       0x60 src/ASF/sam0/drivers/port/port.o
                0x000011cc                port_pin_set_config
 .text.system_gclk_gen_get_config_defaults
                0x0000122c       0x2e src/ASF/sam0/drivers/system/clock/clock_saml22/clock.o
 *fill*         0x0000125a        0x2 
 .text.system_cpu_clock_set_divider
                0x0000125c       0x28 src/ASF/sam0/drivers/system/clock/clock_saml22/clock.o
 .text.system_backup_clock_set_divider
                0x00001284       0x28 src/ASF/sam0/drivers/system/clock/clock_saml22/clock.o
 .text.system_cpu_clock_get_hz
                0x000012ac       0x30 src/ASF/sam0/drivers/system/clock/clock_saml22/clock.o
 .text.system_flash_set_waitstates
                0x000012dc       0x34 src/ASF/sam0/drivers/system/clock/clock_saml22/clock.o
 .text.system_switch_performance_level
                0x00001310       0x58 src/ASF/sam0/drivers/system/clock/clock_saml22/clock.o
 .text._system_dfll_wait_for_sync
                0x00001368       0x1c src/ASF/sam0/drivers/system/clock/clock_saml22/clock.o
 .text.system_clock_source_get_hz
                0x00001384       0xbc src/ASF/sam0/drivers/system/clock/clock_saml22/clock.o
                0x00001384                system_clock_source_get_hz
 .text.system_clock_init
                0x00001440       0xdc src/ASF/sam0/drivers/system/clock/clock_saml22/clock.o
                0x00001440                system_clock_init
 .text.system_apb_clock_set_mask
                0x0000151c       0x5c src/ASF/sam0/drivers/system/clock/clock_saml22/gclk.o
 .text.system_interrupt_enter_critical_section
                0x00001578       0x14 src/ASF/sam0/drivers/system/clock/clock_saml22/gclk.o
 .text.system_interrupt_leave_critical_section
                0x0000158c       0x14 src/ASF/sam0/drivers/system/clock/clock_saml22/gclk.o
 .text.system_gclk_is_syncing
                0x000015a0       0x38 src/ASF/sam0/drivers/system/clock/clock_saml22/gclk.o
 .text.system_gclk_init
                0x000015d8       0x30 src/ASF/sam0/drivers/system/clock/clock_saml22/gclk.o
                0x000015d8                system_gclk_init
 .text.system_gclk_gen_set_config
                0x00001608      0x110 src/ASF/sam0/drivers/system/clock/clock_saml22/gclk.o
                0x00001608                system_gclk_gen_set_config
 .text.system_gclk_gen_enable
                0x00001718       0x5c src/ASF/sam0/drivers/system/clock/clock_saml22/gclk.o
                0x00001718                system_gclk_gen_enable
 .text.system_gclk_gen_get_hz
                0x00001774       0xc0 src/ASF/sam0/drivers/system/clock/clock_saml22/gclk.o
                0x00001774                system_gclk_gen_get_hz
 .text.system_gclk_chan_get_hz
                0x00001834       0x54 src/ASF/sam0/drivers/system/clock/clock_saml22/gclk.o
                0x00001834                system_gclk_chan_get_hz
 .text.system_pinmux_get_group_from_gpio_pin
                0x00001888       0x60 src/ASF/sam0/drivers/system/pinmux/pinmux.o
 .text._system_pinmux_config
                0x000018e8      0x110 src/ASF/sam0/drivers/system/pinmux/pinmux.o
 .text.system_pinmux_pin_set_config
                0x000019f8       0x48 src/ASF/sam0/drivers/system/pinmux/pinmux.o
                0x000019f8                system_pinmux_pin_set_config
 .text._system_dummy_init
                0x00001a40        0xa src/ASF/sam0/drivers/system/system.o
                0x00001a40                _system_extint_init
                0x00001a40                _system_events_init
                0x00001a40                _system_dummy_init
                0x00001a40                _system_divas_init
 *fill*         0x00001a4a        0x2 
 .text.system_init
                0x00001a4c       0x34 src/ASF/sam0/drivers/system/system.o
                0x00001a4c                system_init
 .text.Reset_Handler
                0x00001a80       0x84 src/ASF/sam0/utils/cmsis/saml22/source/gcc/startup_saml22.o
                0x00001a80                Reset_Handler
 .text.Dummy_Handler
                0x00001b04        0x6 src/ASF/sam0/utils/cmsis/saml22/source/gcc/startup_saml22.o
                0x00001b04                DMAC_Handler
                0x00001b04                TRNG_Handler
                0x00001b04                HardFault_Handler
                0x00001b04                AC_Handler
                0x00001b04                NMI_Handler
                0x00001b04                SERCOM1_Handler
                0x00001b04                ADC_Handler
                0x00001b04                SERCOM2_Handler
                0x00001b04                TCC0_Handler
                0x00001b04                RTC_Handler
                0x00001b04                EIC_Handler
                0x00001b04                WDT_Handler
                0x00001b04                USB_Handler
                0x00001b04                Dummy_Handler
                0x00001b04                SERCOM5_Handler
                0x00001b04                EVSYS_Handler
                0x00001b04                SERCOM3_Handler
                0x00001b04                SERCOM4_Handler
                0x00001b04                NVMCTRL_Handler
                0x00001b04                SYSTEM_Handler
                0x00001b04                SERCOM0_Handler
                0x00001b04                PTC_Handler
                0x00001b04                FREQM_Handler
                0x00001b04                SLCD_Handler
                0x00001b04                AES_Handler
 *fill*         0x00001b0a        0x2 
 .text.NVIC_SetPriority
                0x00001b0c       0xdc src/led_toggle.o
 .text.SysTick_Config
                0x00001be8       0x4c src/led_toggle.o
 .text.system_pinmux_get_group_from_gpio_pin
                0x00001c34       0x60 src/led_toggle.o
 .text.port_get_group_from_gpio_pin
                0x00001c94       0x24 src/led_toggle.o
 .text.port_get_config_defaults
                0x00001cb8       0x22 src/led_toggle.o
 *fill*         0x00001cda        0x2 
 .text.port_pin_set_output_level
                0x00001cdc       0x54 src/led_toggle.o
 .text.config_led
                0x00001d30       0x3c src/led_toggle.o
 .text.main     0x00001d6c       0x3c src/led_toggle.o
                0x00001d6c                main
 .text          0x00001da8      0x114 c:/program files (x86)/atmel/studio/7.0/toolchain/arm/arm-gnu-toolchain/bin/../lib/gcc/arm-none-eabi/6.3.1/thumb/v6-m\libgcc.a(_udivsi3.o)
                0x00001da8                __aeabi_uidiv
                0x00001da8                __udivsi3
                0x00001eb4                __aeabi_uidivmod
 .text          0x00001ebc        0x4 c:/program files (x86)/atmel/studio/7.0/toolchain/arm/arm-gnu-toolchain/bin/../lib/gcc/arm-none-eabi/6.3.1/thumb/v6-m\libgcc.a(_dvmd_tls.o)
                0x00001ebc                __aeabi_idiv0
                0x00001ebc                __aeabi_ldiv0
 .text.__libc_init_array
                0x00001ec0       0x48 c:/program files (x86)/atmel/studio/7.0/toolchain/arm/arm-gnu-toolchain/bin/../lib/gcc/arm-none-eabi/6.3.1/../../../../arm-none-eabi/lib/thumb/v6-m\libc_nano.a(lib_a-init.o)
                0x00001ec0                __libc_init_array
 *(.glue_7t)
 .glue_7t       0x00001f08        0x0 linker stubs
 *(.glue_7)
 .glue_7        0x00001f08        0x0 linker stubs
 *(.rodata .rodata* .gnu.linkonce.r.*)
 .rodata        0x00001f08        0xf FreeRtosExampleTask/FreeRtosTasks.o
 *fill*         0x00001f17        0x1 
 .rodata        0x00001f18        0x5 FreeRtos/tasks.o
 *fill*         0x00001f1d        0x3 
 .rodata.system_clock_source_get_hz
                0x00001f20       0x20 src/ASF/sam0/drivers/system/clock/clock_saml22/clock.o
 *(.ARM.extab* .gnu.linkonce.armextab.*)
                0x00001f40                . = ALIGN (0x4)
 *(.init)
 .init          0x00001f40        0x4 c:/program files (x86)/atmel/studio/7.0/toolchain/arm/arm-gnu-toolchain/bin/../lib/gcc/arm-none-eabi/6.3.1/thumb/v6-m/crti.o
                0x00001f40                _init
 .init          0x00001f44        0x8 c:/program files (x86)/atmel/studio/7.0/toolchain/arm/arm-gnu-toolchain/bin/../lib/gcc/arm-none-eabi/6.3.1/thumb/v6-m/crtn.o
                0x00001f4c                . = ALIGN (0x4)
                0x00001f4c                __preinit_array_start = .
 *(.preinit_array)
                0x00001f4c                __preinit_array_end = .
                0x00001f4c                . = ALIGN (0x4)
                0x00001f4c                __init_array_start = .
 *(SORT(.init_array.*))
 *(.init_array)
 .init_array    0x00001f4c        0x4 c:/program files (x86)/atmel/studio/7.0/toolchain/arm/arm-gnu-toolchain/bin/../lib/gcc/arm-none-eabi/6.3.1/thumb/v6-m/crtbegin.o
                0x00001f50                __init_array_end = .
                0x00001f50                . = ALIGN (0x4)
 *crtbegin.o(.ctors)
 *(EXCLUDE_FILE(*crtend.o) .ctors)
 *(SORT(.ctors.*))
 *crtend.o(.ctors)
                0x00001f50                . = ALIGN (0x4)
 *(.fini)
 .fini          0x00001f50        0x4 c:/program files (x86)/atmel/studio/7.0/toolchain/arm/arm-gnu-toolchain/bin/../lib/gcc/arm-none-eabi/6.3.1/thumb/v6-m/crti.o
                0x00001f50                _fini
 .fini          0x00001f54        0x8 c:/program files (x86)/atmel/studio/7.0/toolchain/arm/arm-gnu-toolchain/bin/../lib/gcc/arm-none-eabi/6.3.1/thumb/v6-m/crtn.o
                0x00001f5c                . = ALIGN (0x4)
                0x00001f5c                __fini_array_start = .
 *(.fini_array)
 .fini_array    0x00001f5c        0x4 c:/program files (x86)/atmel/studio/7.0/toolchain/arm/arm-gnu-toolchain/bin/../lib/gcc/arm-none-eabi/6.3.1/thumb/v6-m/crtbegin.o
 *(SORT(.fini_array.*))
                0x00001f60                __fini_array_end = .
 *crtbegin.o(.dtors)
 *(EXCLUDE_FILE(*crtend.o) .dtors)
 *(SORT(.dtors.*))
 *crtend.o(.dtors)
                0x00001f60                . = ALIGN (0x4)
                0x00001f60                _efixed = .
                [!provide]                PROVIDE (__exidx_start, .)

.vfp11_veneer   0x00001f60        0x0
 .vfp11_veneer  0x00001f60        0x0 linker stubs

.v4_bx          0x00001f60        0x0
 .v4_bx         0x00001f60        0x0 linker stubs

.iplt           0x00001f60        0x0
 .iplt          0x00001f60        0x0 c:/program files (x86)/atmel/studio/7.0/toolchain/arm/arm-gnu-toolchain/bin/../lib/gcc/arm-none-eabi/6.3.1/thumb/v6-m/crtbegin.o

.eh_frame       0x00001f60        0x0
 .eh_frame      0x00001f60        0x0 c:/program files (x86)/atmel/studio/7.0/toolchain/arm/arm-gnu-toolchain/bin/../lib/gcc/arm-none-eabi/6.3.1/thumb/v6-m/crtbegin.o

.rel.dyn        0x00001f60        0x0
 .rel.iplt      0x00001f60        0x0 c:/program files (x86)/atmel/studio/7.0/toolchain/arm/arm-gnu-toolchain/bin/../lib/gcc/arm-none-eabi/6.3.1/thumb/v6-m/crtbegin.o

.jcr            0x00001f60        0x0
 .jcr           0x00001f60        0x0 c:/program files (x86)/atmel/studio/7.0/toolchain/arm/arm-gnu-toolchain/bin/../lib/gcc/arm-none-eabi/6.3.1/thumb/v6-m/crtbegin.o

.igot.plt       0x00001f60        0x0
 .igot.plt      0x00001f60        0x0 c:/program files (x86)/atmel/studio/7.0/toolchain/arm/arm-gnu-toolchain/bin/../lib/gcc/arm-none-eabi/6.3.1/thumb/v6-m/crtbegin.o

.ARM.exidx
 *(.ARM.exidx* .gnu.linkonce.armexidx.*)
                [!provide]                PROVIDE (__exidx_end, .)
                0x00001f60                . = ALIGN (0x4)
                0x00001f60                _etext = .

.relocate       0x20000000        0x8 load address 0x00001f60
                0x20000000                . = ALIGN (0x4)
                0x20000000                _srelocate = .
 *(.ramfunc .ramfunc.*)
 *(.data .data.*)
 .data.uxCriticalNesting
                0x20000000        0x4 FreeRtos/portable/GCC/ARM_CM0/port.o
 .data.g_interrupt_enabled
                0x20000004        0x1 src/ASF/common/utils/interrupt/interrupt_sam_nvic.o
                0x20000004                g_interrupt_enabled
                0x20000008                . = ALIGN (0x4)
 *fill*         0x20000005        0x3 
                0x20000008                _erelocate = .

.bss            0x20000008     0x38c0 load address 0x00001f68
                0x20000008                . = ALIGN (0x4)
                0x20000008                _sbss = .
                0x20000008                _szero = .
 *(.bss .bss.*)
 .bss           0x20000008       0x1c c:/program files (x86)/atmel/studio/7.0/toolchain/arm/arm-gnu-toolchain/bin/../lib/gcc/arm-none-eabi/6.3.1/thumb/v6-m/crtbegin.o
 .bss.ucHeap    0x20000024     0x3778 FreeRtos/portable/MemMang/heap_1.o
 .bss.xNextFreeByte
                0x2000379c        0x4 FreeRtos/portable/MemMang/heap_1.o
 .bss.pucAlignedHeap.13122
                0x200037a0        0x4 FreeRtos/portable/MemMang/heap_1.o
 .bss.pxCurrentTCB
                0x200037a4        0x4 FreeRtos/tasks.o
                0x200037a4                pxCurrentTCB
 .bss.pxReadyTasksLists
                0x200037a8       0x64 FreeRtos/tasks.o
 .bss.xDelayedTaskList1
                0x2000380c       0x14 FreeRtos/tasks.o
 .bss.xDelayedTaskList2
                0x20003820       0x14 FreeRtos/tasks.o
 .bss.pxDelayedTaskList
                0x20003834        0x4 FreeRtos/tasks.o
 .bss.pxOverflowDelayedTaskList
                0x20003838        0x4 FreeRtos/tasks.o
 .bss.xPendingReadyList
                0x2000383c       0x14 FreeRtos/tasks.o
 .bss.xSuspendedTaskList
                0x20003850       0x14 FreeRtos/tasks.o
 .bss.uxCurrentNumberOfTasks
                0x20003864        0x4 FreeRtos/tasks.o
 .bss.xTickCount
                0x20003868        0x4 FreeRtos/tasks.o
 .bss.uxTopReadyPriority
                0x2000386c        0x4 FreeRtos/tasks.o
 .bss.xSchedulerRunning
                0x20003870        0x4 FreeRtos/tasks.o
 .bss.uxPendedTicks
                0x20003874        0x4 FreeRtos/tasks.o
 .bss.xYieldPending
                0x20003878        0x4 FreeRtos/tasks.o
 .bss.xNumOfOverflows
                0x2000387c        0x4 FreeRtos/tasks.o
 .bss.uxTaskNumber
                0x20003880        0x4 FreeRtos/tasks.o
 .bss.xNextTaskUnblockTime
                0x20003884        0x4 FreeRtos/tasks.o
 .bss.xIdleTaskHandle
                0x20003888        0x4 FreeRtos/tasks.o
 .bss.uxSchedulerSuspended
                0x2000388c        0x4 FreeRtos/tasks.o
 .bss.cpu_irq_critical_section_counter
                0x20003890        0x4 src/ASF/common/utils/interrupt/interrupt_sam_nvic.o
 .bss.cpu_irq_prev_interrupt_state
                0x20003894        0x1 src/ASF/common/utils/interrupt/interrupt_sam_nvic.o
 *fill*         0x20003895        0x3 
 .bss._system_clock_inst
                0x20003898       0x18 src/ASF/sam0/drivers/system/clock/clock_saml22/clock.o
 *(COMMON)
 COMMON         0x200038b0        0x8 FreeRtosExampleTask/FreeRtosTasks.o
                0x200038b0                sLedOnTask
                0x200038b4                sLedffTask
 COMMON         0x200038b8       0x10 src/ASF/sam0/drivers/tc/tc_interrupt.o
                0x200038b8                _tc_instances
                0x200038c8                . = ALIGN (0x4)
                0x200038c8                _ebss = .
                0x200038c8                _ezero = .

.stack          0x200038c8     0x2000 load address 0x00005828
                0x200038c8                . = ALIGN (0x8)
                0x200038c8                _sstack = .
                0x200058c8                . = (. + STACK_SIZE)
 *fill*         0x200038c8     0x2000 
                0x200058c8                . = ALIGN (0x8)
                0x200058c8                _estack = .
                0x200058c8                . = ALIGN (0x4)
                0x200058c8                _end = .
OUTPUT(LED_TOGGLE1.elf elf32-littlearm)

.ARM.attributes
                0x00000000       0x28
 .ARM.attributes
                0x00000000       0x1e c:/program files (x86)/atmel/studio/7.0/toolchain/arm/arm-gnu-toolchain/bin/../lib/gcc/arm-none-eabi/6.3.1/thumb/v6-m/crti.o
 .ARM.attributes
                0x0000001e       0x2c c:/program files (x86)/atmel/studio/7.0/toolchain/arm/arm-gnu-toolchain/bin/../lib/gcc/arm-none-eabi/6.3.1/thumb/v6-m/crtbegin.o
 .ARM.attributes
                0x0000004a       0x32 FreeRtosExampleTask/FreeRtosTasks.o
 .ARM.attributes
                0x0000007c       0x32 FreeRtosExampleTask/LedTasks.o
 .ARM.attributes
                0x000000ae       0x32 FreeRtos/list.o
 .ARM.attributes
                0x000000e0       0x32 FreeRtos/portable/GCC/ARM_CM0/port.o
 .ARM.attributes
                0x00000112       0x32 FreeRtos/portable/MemMang/heap_1.o
 .ARM.attributes
                0x00000144       0x32 FreeRtos/tasks.o
 .ARM.attributes
                0x00000176       0x32 src/ASF/sam0/drivers/tc/tc_interrupt.o
 .ARM.attributes
                0x000001a8       0x32 src/ASF/common/utils/interrupt/interrupt_sam_nvic.o
 .ARM.attributes
                0x000001da       0x32 src/ASF/sam0/boards/saml22_xplained_pro/board_init.o
 .ARM.attributes
                0x0000020c       0x32 src/ASF/sam0/drivers/port/port.o
 .ARM.attributes
                0x0000023e       0x32 src/ASF/sam0/drivers/system/clock/clock_saml22/clock.o
 .ARM.attributes
                0x00000270       0x32 src/ASF/sam0/drivers/system/clock/clock_saml22/gclk.o
 .ARM.attributes
                0x000002a2       0x32 src/ASF/sam0/drivers/system/pinmux/pinmux.o
 .ARM.attributes
                0x000002d4       0x32 src/ASF/sam0/drivers/system/system.o
 .ARM.attributes
                0x00000306       0x32 src/ASF/sam0/utils/cmsis/saml22/source/gcc/startup_saml22.o
 .ARM.attributes
                0x00000338       0x32 src/led_toggle.o
 .ARM.attributes
                0x0000036a       0x1e c:/program files (x86)/atmel/studio/7.0/toolchain/arm/arm-gnu-toolchain/bin/../lib/gcc/arm-none-eabi/6.3.1/thumb/v6-m\libgcc.a(_udivsi3.o)
 .ARM.attributes
                0x00000388       0x1e c:/program files (x86)/atmel/studio/7.0/toolchain/arm/arm-gnu-toolchain/bin/../lib/gcc/arm-none-eabi/6.3.1/thumb/v6-m\libgcc.a(_dvmd_tls.o)
 .ARM.attributes
                0x000003a6       0x2c c:/program files (x86)/atmel/studio/7.0/toolchain/arm/arm-gnu-toolchain/bin/../lib/gcc/arm-none-eabi/6.3.1/../../../../arm-none-eabi/lib/thumb/v6-m\libc_nano.a(lib_a-init.o)
 .ARM.attributes
                0x000003d2       0x1e c:/program files (x86)/atmel/studio/7.0/toolchain/arm/arm-gnu-toolchain/bin/../lib/gcc/arm-none-eabi/6.3.1/thumb/v6-m/crtn.o

.comment        0x00000000       0x59
 .comment       0x00000000       0x59 FreeRtosExampleTask/FreeRtosTasks.o
                                 0x5a (size before relaxing)
 .comment       0x00000059       0x5a FreeRtosExampleTask/LedTasks.o
 .comment       0x00000059       0x5a FreeRtos/list.o
 .comment       0x00000059       0x5a FreeRtos/portable/GCC/ARM_CM0/port.o
 .comment       0x00000059       0x5a FreeRtos/portable/MemMang/heap_1.o
 .comment       0x00000059       0x5a FreeRtos/tasks.o
 .comment       0x00000059       0x5a src/ASF/sam0/drivers/tc/tc_interrupt.o
 .comment       0x00000059       0x5a src/ASF/common/utils/interrupt/interrupt_sam_nvic.o
 .comment       0x00000059       0x5a src/ASF/sam0/boards/saml22_xplained_pro/board_init.o
 .comment       0x00000059       0x5a src/ASF/sam0/drivers/port/port.o
 .comment       0x00000059       0x5a src/ASF/sam0/drivers/system/clock/clock_saml22/clock.o
 .comment       0x00000059       0x5a src/ASF/sam0/drivers/system/clock/clock_saml22/gclk.o
 .comment       0x00000059       0x5a src/ASF/sam0/drivers/system/pinmux/pinmux.o
 .comment       0x00000059       0x5a src/ASF/sam0/drivers/system/system.o
 .comment       0x00000059       0x5a src/ASF/sam0/utils/cmsis/saml22/source/gcc/startup_saml22.o
 .comment       0x00000059       0x5a src/led_toggle.o

.debug_info     0x00000000    0x14653
 .debug_info    0x00000000      0xb03 FreeRtosExampleTask/FreeRtosTasks.o
 .debug_info    0x00000b03     0x119c FreeRtosExampleTask/LedTasks.o
 .debug_info    0x00001c9f      0xc6f FreeRtos/list.o
 .debug_info    0x0000290e      0xc90 FreeRtos/portable/GCC/ARM_CM0/port.o
 .debug_info    0x0000359e      0xb56 FreeRtos/portable/MemMang/heap_1.o
 .debug_info    0x000040f4     0x20da FreeRtos/tasks.o
 .debug_info    0x000061ce     0x1fa8 src/ASF/sam0/drivers/tc/tc_interrupt.o
 .debug_info    0x00008176      0xb0c src/ASF/common/utils/interrupt/interrupt_sam_nvic.o
 .debug_info    0x00008c82     0x1245 src/ASF/sam0/boards/saml22_xplained_pro/board_init.o
 .debug_info    0x00009ec7     0x121a src/ASF/sam0/drivers/port/port.o
 .debug_info    0x0000b0e1     0x4185 src/ASF/sam0/drivers/system/clock/clock_saml22/clock.o
 .debug_info    0x0000f266     0x1a41 src/ASF/sam0/drivers/system/clock/clock_saml22/gclk.o
 .debug_info    0x00010ca7     0x12db src/ASF/sam0/drivers/system/pinmux/pinmux.o
 .debug_info    0x00011f82      0xa74 src/ASF/sam0/drivers/system/system.o
 .debug_info    0x000129f6      0x4da src/ASF/sam0/utils/cmsis/saml22/source/gcc/startup_saml22.o
 .debug_info    0x00012ed0     0x1783 src/led_toggle.o

.debug_abbrev   0x00000000     0x286d
 .debug_abbrev  0x00000000      0x1f0 FreeRtosExampleTask/FreeRtosTasks.o
 .debug_abbrev  0x000001f0      0x28d FreeRtosExampleTask/LedTasks.o
 .debug_abbrev  0x0000047d      0x203 FreeRtos/list.o
 .debug_abbrev  0x00000680      0x2ce FreeRtos/portable/GCC/ARM_CM0/port.o
 .debug_abbrev  0x0000094e      0x252 FreeRtos/portable/MemMang/heap_1.o
 .debug_abbrev  0x00000ba0      0x2e6 FreeRtos/tasks.o
 .debug_abbrev  0x00000e86      0x2d9 src/ASF/sam0/drivers/tc/tc_interrupt.o
 .debug_abbrev  0x0000115f      0x22e src/ASF/common/utils/interrupt/interrupt_sam_nvic.o
 .debug_abbrev  0x0000138d      0x28d src/ASF/sam0/boards/saml22_xplained_pro/board_init.o
 .debug_abbrev  0x0000161a      0x266 src/ASF/sam0/drivers/port/port.o
 .debug_abbrev  0x00001880      0x3ce src/ASF/sam0/drivers/system/clock/clock_saml22/clock.o
 .debug_abbrev  0x00001c4e      0x36f src/ASF/sam0/drivers/system/clock/clock_saml22/gclk.o
 .debug_abbrev  0x00001fbd      0x2a2 src/ASF/sam0/drivers/system/pinmux/pinmux.o
 .debug_abbrev  0x0000225f      0x1e1 src/ASF/sam0/drivers/system/system.o
 .debug_abbrev  0x00002440      0x142 src/ASF/sam0/utils/cmsis/saml22/source/gcc/startup_saml22.o
 .debug_abbrev  0x00002582      0x2eb src/led_toggle.o

.debug_loc      0x00000000     0x1e2f
 .debug_loc     0x00000000       0x38 FreeRtosExampleTask/FreeRtosTasks.o
 .debug_loc     0x00000038      0x100 FreeRtosExampleTask/LedTasks.o
 .debug_loc     0x00000138      0x118 FreeRtos/list.o
 .debug_loc     0x00000250      0x1dc FreeRtos/portable/GCC/ARM_CM0/port.o
 .debug_loc     0x0000042c       0xc8 FreeRtos/portable/MemMang/heap_1.o
 .debug_loc     0x000004f4      0x8f5 FreeRtos/tasks.o
 .debug_loc     0x00000de9      0x190 src/ASF/sam0/drivers/tc/tc_interrupt.o
 .debug_loc     0x00000f79       0x64 src/ASF/common/utils/interrupt/interrupt_sam_nvic.o
 .debug_loc     0x00000fdd      0x118 src/ASF/sam0/boards/saml22_xplained_pro/board_init.o
 .debug_loc     0x000010f5       0xa8 src/ASF/sam0/drivers/port/port.o
 .debug_loc     0x0000119d      0x53e src/ASF/sam0/drivers/system/clock/clock_saml22/clock.o
 .debug_loc     0x000016db      0x394 src/ASF/sam0/drivers/system/clock/clock_saml22/gclk.o
 .debug_loc     0x00001a6f      0x118 src/ASF/sam0/drivers/system/pinmux/pinmux.o
 .debug_loc     0x00001b87       0x58 src/ASF/sam0/drivers/system/system.o
 .debug_loc     0x00001bdf       0x64 src/ASF/sam0/utils/cmsis/saml22/source/gcc/startup_saml22.o
 .debug_loc     0x00001c43      0x1ec src/led_toggle.o

.debug_aranges  0x00000000      0x628
 .debug_aranges
                0x00000000       0x20 FreeRtosExampleTask/FreeRtosTasks.o
 .debug_aranges
                0x00000020       0x40 FreeRtosExampleTask/LedTasks.o
 .debug_aranges
                0x00000060       0x40 FreeRtos/list.o
 .debug_aranges
                0x000000a0       0x88 FreeRtos/portable/GCC/ARM_CM0/port.o
 .debug_aranges
                0x00000128       0x38 FreeRtos/portable/MemMang/heap_1.o
 .debug_aranges
                0x00000160      0x168 FreeRtos/tasks.o
 .debug_aranges
                0x000002c8       0x58 src/ASF/sam0/drivers/tc/tc_interrupt.o
 .debug_aranges
                0x00000320       0x28 src/ASF/common/utils/interrupt/interrupt_sam_nvic.o
 .debug_aranges
                0x00000348       0x40 src/ASF/sam0/boards/saml22_xplained_pro/board_init.o
 .debug_aranges
                0x00000388       0x30 src/ASF/sam0/drivers/port/port.o
 .debug_aranges
                0x000003b8       0xe0 src/ASF/sam0/drivers/system/clock/clock_saml22/clock.o
 .debug_aranges
                0x00000498       0xa0 src/ASF/sam0/drivers/system/clock/clock_saml22/gclk.o
 .debug_aranges
                0x00000538       0x40 src/ASF/sam0/drivers/system/pinmux/pinmux.o
 .debug_aranges
                0x00000578       0x28 src/ASF/sam0/drivers/system/system.o
 .debug_aranges
                0x000005a0       0x28 src/ASF/sam0/utils/cmsis/saml22/source/gcc/startup_saml22.o
 .debug_aranges
                0x000005c8       0x60 src/led_toggle.o

.debug_ranges   0x00000000      0x528
 .debug_ranges  0x00000000       0x10 FreeRtosExampleTask/FreeRtosTasks.o
 .debug_ranges  0x00000010       0x30 FreeRtosExampleTask/LedTasks.o
 .debug_ranges  0x00000040       0x30 FreeRtos/list.o
 .debug_ranges  0x00000070       0x78 FreeRtos/portable/GCC/ARM_CM0/port.o
 .debug_ranges  0x000000e8       0x28 FreeRtos/portable/MemMang/heap_1.o
 .debug_ranges  0x00000110      0x158 FreeRtos/tasks.o
 .debug_ranges  0x00000268       0x48 src/ASF/sam0/drivers/tc/tc_interrupt.o
 .debug_ranges  0x000002b0       0x18 src/ASF/common/utils/interrupt/interrupt_sam_nvic.o
 .debug_ranges  0x000002c8       0x30 src/ASF/sam0/boards/saml22_xplained_pro/board_init.o
 .debug_ranges  0x000002f8       0x20 src/ASF/sam0/drivers/port/port.o
 .debug_ranges  0x00000318       0xd0 src/ASF/sam0/drivers/system/clock/clock_saml22/clock.o
 .debug_ranges  0x000003e8       0x90 src/ASF/sam0/drivers/system/clock/clock_saml22/gclk.o
 .debug_ranges  0x00000478       0x30 src/ASF/sam0/drivers/system/pinmux/pinmux.o
 .debug_ranges  0x000004a8       0x18 src/ASF/sam0/drivers/system/system.o
 .debug_ranges  0x000004c0       0x18 src/ASF/sam0/utils/cmsis/saml22/source/gcc/startup_saml22.o
 .debug_ranges  0x000004d8       0x50 src/led_toggle.o

.debug_macro    0x00000000    0x1e429
 .debug_macro   0x00000000      0x632 FreeRtosExampleTask/FreeRtosTasks.o
 .debug_macro   0x00000632      0x8b0 FreeRtosExampleTask/FreeRtosTasks.o
 .debug_macro   0x00000ee2      0x16d FreeRtosExampleTask/FreeRtosTasks.o
 .debug_macro   0x0000104f       0x22 FreeRtosExampleTask/FreeRtosTasks.o
 .debug_macro   0x00001071       0x87 FreeRtosExampleTask/FreeRtosTasks.o
 .debug_macro   0x000010f8       0x51 FreeRtosExampleTask/FreeRtosTasks.o
 .debug_macro   0x00001149       0xef FreeRtosExampleTask/FreeRtosTasks.o
 .debug_macro   0x00001238       0x6a FreeRtosExampleTask/FreeRtosTasks.o
 .debug_macro   0x000012a2      0x1df FreeRtosExampleTask/FreeRtosTasks.o
 .debug_macro   0x00001481      0x6d7 FreeRtosExampleTask/FreeRtosTasks.o
 .debug_macro   0x00001b58       0x16 FreeRtosExampleTask/FreeRtosTasks.o
 .debug_macro   0x00001b6e       0x76 FreeRtosExampleTask/FreeRtosTasks.o
 .debug_macro   0x00001be4       0x16 FreeRtosExampleTask/FreeRtosTasks.o
 .debug_macro   0x00001bfa      0x6db FreeRtosExampleTask/FreeRtosTasks.o
 .debug_macro   0x000022d5      0xdd8 FreeRtosExampleTask/FreeRtosTasks.o
 .debug_macro   0x000030ad       0x22 FreeRtosExampleTask/FreeRtosTasks.o
 .debug_macro   0x000030cf       0x40 FreeRtosExampleTask/FreeRtosTasks.o
 .debug_macro   0x0000310f       0x3a FreeRtosExampleTask/FreeRtosTasks.o
 .debug_macro   0x00003149       0x1f FreeRtosExampleTask/FreeRtosTasks.o
 .debug_macro   0x00003168      0x376 FreeRtosExampleTask/FreeRtosTasks.o
 .debug_macro   0x000034de      0x718 FreeRtosExampleTask/FreeRtosTasks.o
 .debug_macro   0x00003bf6      0x95d FreeRtosExampleTask/FreeRtosTasks.o
 .debug_macro   0x00004553      0x279 FreeRtosExampleTask/FreeRtosTasks.o
 .debug_macro   0x000047cc      0x222 FreeRtosExampleTask/FreeRtosTasks.o
 .debug_macro   0x000049ee      0xe16 FreeRtosExampleTask/FreeRtosTasks.o
 .debug_macro   0x00005804      0x5b8 FreeRtosExampleTask/FreeRtosTasks.o
 .debug_macro   0x00005dbc      0x5be FreeRtosExampleTask/FreeRtosTasks.o
 .debug_macro   0x0000637a      0x628 FreeRtosExampleTask/FreeRtosTasks.o
 .debug_macro   0x000069a2      0x172 FreeRtosExampleTask/FreeRtosTasks.o
 .debug_macro   0x00006b14      0x25c FreeRtosExampleTask/FreeRtosTasks.o
 .debug_macro   0x00006d70      0x46b FreeRtosExampleTask/FreeRtosTasks.o
 .debug_macro   0x000071db      0x21c FreeRtosExampleTask/FreeRtosTasks.o
 .debug_macro   0x000073f7      0x76c FreeRtosExampleTask/FreeRtosTasks.o
 .debug_macro   0x00007b63      0x7c4 FreeRtosExampleTask/FreeRtosTasks.o
 .debug_macro   0x00008327      0x291 FreeRtosExampleTask/FreeRtosTasks.o
 .debug_macro   0x000085b8      0x5f5 FreeRtosExampleTask/FreeRtosTasks.o
 .debug_macro   0x00008bad      0x1c6 FreeRtosExampleTask/FreeRtosTasks.o
 .debug_macro   0x00008d73      0x30a FreeRtosExampleTask/FreeRtosTasks.o
 .debug_macro   0x0000907d       0xac FreeRtosExampleTask/FreeRtosTasks.o
 .debug_macro   0x00009129     0x1c53 FreeRtosExampleTask/FreeRtosTasks.o
 .debug_macro   0x0000ad7c      0xff6 FreeRtosExampleTask/FreeRtosTasks.o
 .debug_macro   0x0000bd72      0xd45 FreeRtosExampleTask/FreeRtosTasks.o
 .debug_macro   0x0000cab7      0x877 FreeRtosExampleTask/FreeRtosTasks.o
 .debug_macro   0x0000d32e      0x9c1 FreeRtosExampleTask/FreeRtosTasks.o
 .debug_macro   0x0000dcef      0x8b2 FreeRtosExampleTask/FreeRtosTasks.o
 .debug_macro   0x0000e5a1     0x19c2 FreeRtosExampleTask/FreeRtosTasks.o
 .debug_macro   0x0000ff63       0xe7 FreeRtosExampleTask/FreeRtosTasks.o
 .debug_macro   0x0001004a      0xb7c FreeRtosExampleTask/FreeRtosTasks.o
 .debug_macro   0x00010bc6      0x36e FreeRtosExampleTask/FreeRtosTasks.o
 .debug_macro   0x00010f34       0x7c FreeRtosExampleTask/FreeRtosTasks.o
 .debug_macro   0x00010fb0       0xac FreeRtosExampleTask/FreeRtosTasks.o
 .debug_macro   0x0001105c       0xca FreeRtosExampleTask/FreeRtosTasks.o
 .debug_macro   0x00011126       0x4c FreeRtosExampleTask/FreeRtosTasks.o
 .debug_macro   0x00011172       0xdc FreeRtosExampleTask/FreeRtosTasks.o
 .debug_macro   0x0001124e       0xb2 FreeRtosExampleTask/FreeRtosTasks.o
 .debug_macro   0x00011300       0x64 FreeRtosExampleTask/FreeRtosTasks.o
 .debug_macro   0x00011364      0x469 FreeRtosExampleTask/FreeRtosTasks.o
 .debug_macro   0x000117cd       0x4c FreeRtosExampleTask/FreeRtosTasks.o
 .debug_macro   0x00011819      0x14d FreeRtosExampleTask/FreeRtosTasks.o
 .debug_macro   0x00011966       0x5e FreeRtosExampleTask/FreeRtosTasks.o
 .debug_macro   0x000119c4       0xa0 FreeRtosExampleTask/FreeRtosTasks.o
 .debug_macro   0x00011a64       0xc4 FreeRtosExampleTask/FreeRtosTasks.o
 .debug_macro   0x00011b28       0xb2 FreeRtosExampleTask/FreeRtosTasks.o
 .debug_macro   0x00011bda       0x4c FreeRtosExampleTask/FreeRtosTasks.o
 .debug_macro   0x00011c26       0x64 FreeRtosExampleTask/FreeRtosTasks.o
 .debug_macro   0x00011c8a       0x40 FreeRtosExampleTask/FreeRtosTasks.o
 .debug_macro   0x00011cca      0x1de FreeRtosExampleTask/FreeRtosTasks.o
 .debug_macro   0x00011ea8       0x22 FreeRtosExampleTask/FreeRtosTasks.o
 .debug_macro   0x00011eca      0x162 FreeRtosExampleTask/FreeRtosTasks.o
 .debug_macro   0x0001202c      0x174 FreeRtosExampleTask/FreeRtosTasks.o
 .debug_macro   0x000121a0      0x174 FreeRtosExampleTask/FreeRtosTasks.o
 .debug_macro   0x00012314      0x174 FreeRtosExampleTask/FreeRtosTasks.o
 .debug_macro   0x00012488      0x174 FreeRtosExampleTask/FreeRtosTasks.o
 .debug_macro   0x000125fc      0x174 FreeRtosExampleTask/FreeRtosTasks.o
 .debug_macro   0x00012770      0x174 FreeRtosExampleTask/FreeRtosTasks.o
 .debug_macro   0x000128e4      0x11f FreeRtosExampleTask/FreeRtosTasks.o
 .debug_macro   0x00012a03       0x5e FreeRtosExampleTask/FreeRtosTasks.o
 .debug_macro   0x00012a61      0x16c FreeRtosExampleTask/FreeRtosTasks.o
 .debug_macro   0x00012bcd       0xfa FreeRtosExampleTask/FreeRtosTasks.o
 .debug_macro   0x00012cc7       0xfa FreeRtosExampleTask/FreeRtosTasks.o
 .debug_macro   0x00012dc1       0xfa FreeRtosExampleTask/FreeRtosTasks.o
 .debug_macro   0x00012ebb       0xfa FreeRtosExampleTask/FreeRtosTasks.o
 .debug_macro   0x00012fb5      0x124 FreeRtosExampleTask/FreeRtosTasks.o
 .debug_macro   0x000130d9       0x2e FreeRtosExampleTask/FreeRtosTasks.o
 .debug_macro   0x00013107      0x1fe FreeRtosExampleTask/FreeRtosTasks.o
 .debug_macro   0x00013305       0x3a FreeRtosExampleTask/FreeRtosTasks.o
 .debug_macro   0x0001333f      0x417 FreeRtosExampleTask/FreeRtosTasks.o
 .debug_macro   0x00013756     0x2eb7 FreeRtosExampleTask/FreeRtosTasks.o
 .debug_macro   0x0001660d       0x6d FreeRtosExampleTask/FreeRtosTasks.o
 .debug_macro   0x0001667a       0x58 FreeRtosExampleTask/FreeRtosTasks.o
 .debug_macro   0x000166d2       0x35 FreeRtosExampleTask/FreeRtosTasks.o
 .debug_macro   0x00016707       0x9c FreeRtosExampleTask/FreeRtosTasks.o
 .debug_macro   0x000167a3       0x16 FreeRtosExampleTask/FreeRtosTasks.o
 .debug_macro   0x000167b9       0x35 FreeRtosExampleTask/FreeRtosTasks.o
 .debug_macro   0x000167ee      0x353 FreeRtosExampleTask/FreeRtosTasks.o
 .debug_macro   0x00016b41       0x10 FreeRtosExampleTask/FreeRtosTasks.o
 .debug_macro   0x00016b51       0x58 FreeRtosExampleTask/FreeRtosTasks.o
 .debug_macro   0x00016ba9       0x1f FreeRtosExampleTask/FreeRtosTasks.o
 .debug_macro   0x00016bc8       0x43 FreeRtosExampleTask/FreeRtosTasks.o
 .debug_macro   0x00016c0b       0x20 FreeRtosExampleTask/FreeRtosTasks.o
 .debug_macro   0x00016c2b      0x187 FreeRtosExampleTask/FreeRtosTasks.o
 .debug_macro   0x00016db2       0x10 FreeRtosExampleTask/FreeRtosTasks.o
 .debug_macro   0x00016dc2       0x1c FreeRtosExampleTask/FreeRtosTasks.o
 .debug_macro   0x00016dde       0x52 FreeRtosExampleTask/FreeRtosTasks.o
 .debug_macro   0x00016e30       0x40 FreeRtosExampleTask/FreeRtosTasks.o
 .debug_macro   0x00016e70       0x10 FreeRtosExampleTask/FreeRtosTasks.o
 .debug_macro   0x00016e80       0x40 FreeRtosExampleTask/FreeRtosTasks.o
 .debug_macro   0x00016ec0       0xd7 FreeRtosExampleTask/FreeRtosTasks.o
 .debug_macro   0x00016f97       0x16 FreeRtosExampleTask/FreeRtosTasks.o
 .debug_macro   0x00016fad      0x18b FreeRtosExampleTask/FreeRtosTasks.o
 .debug_macro   0x00017138       0x16 FreeRtosExampleTask/FreeRtosTasks.o
 .debug_macro   0x0001714e       0x16 FreeRtosExampleTask/FreeRtosTasks.o
 .debug_macro   0x00017164       0x29 FreeRtosExampleTask/FreeRtosTasks.o
 .debug_macro   0x0001718d       0x51 FreeRtosExampleTask/FreeRtosTasks.o
 .debug_macro   0x000171de       0x3e FreeRtosExampleTask/FreeRtosTasks.o
 .debug_macro   0x0001721c      0x3df FreeRtosExampleTask/FreeRtosTasks.o
 .debug_macro   0x000175fb      0x2bd FreeRtosExampleTask/FreeRtosTasks.o
 .debug_macro   0x000178b8      0x7da FreeRtosExampleTask/FreeRtosTasks.o
 .debug_macro   0x00018092       0x94 FreeRtosExampleTask/FreeRtosTasks.o
 .debug_macro   0x00018126      0x15a FreeRtosExampleTask/FreeRtosTasks.o
 .debug_macro   0x00018280       0xa6 FreeRtosExampleTask/FreeRtosTasks.o
 .debug_macro   0x00018326       0x1c FreeRtosExampleTask/FreeRtosTasks.o
 .debug_macro   0x00018342       0x26 FreeRtosExampleTask/FreeRtosTasks.o
 .debug_macro   0x00018368      0x54a FreeRtosExampleTask/FreeRtosTasks.o
 .debug_macro   0x000188b2       0x11 FreeRtosExampleTask/FreeRtosTasks.o
 .debug_macro   0x000188c3       0x20 FreeRtosExampleTask/FreeRtosTasks.o
 .debug_macro   0x000188e3       0xb5 FreeRtosExampleTask/FreeRtosTasks.o
 .debug_macro   0x00018998       0xaa FreeRtosExampleTask/FreeRtosTasks.o
 .debug_macro   0x00018a42      0x632 FreeRtosExampleTask/LedTasks.o
 .debug_macro   0x00019074      0x5f0 FreeRtos/list.o
 .debug_macro   0x00019664      0x660 FreeRtos/portable/GCC/ARM_CM0/port.o
 .debug_macro   0x00019cc4      0x612 FreeRtos/portable/MemMang/heap_1.o
 .debug_macro   0x0001a2d6      0x6df FreeRtos/tasks.o
 .debug_macro   0x0001a9b5       0x10 FreeRtos/tasks.o
 .debug_macro   0x0001a9c5      0x5da src/ASF/sam0/drivers/tc/tc_interrupt.o
 .debug_macro   0x0001af9f       0x10 src/ASF/sam0/drivers/tc/tc_interrupt.o
 .debug_macro   0x0001afaf       0x43 src/ASF/sam0/drivers/tc/tc_interrupt.o
 .debug_macro   0x0001aff2       0x2e src/ASF/sam0/drivers/tc/tc_interrupt.o
 .debug_macro   0x0001b020       0x66 src/ASF/sam0/drivers/tc/tc_interrupt.o
 .debug_macro   0x0001b086      0x56c src/ASF/common/utils/interrupt/interrupt_sam_nvic.o
 .debug_macro   0x0001b5f2      0x5a8 src/ASF/sam0/boards/saml22_xplained_pro/board_init.o
 .debug_macro   0x0001bb9a      0x586 src/ASF/sam0/drivers/port/port.o
 .debug_macro   0x0001c120      0x5d4 src/ASF/sam0/drivers/system/clock/clock_saml22/clock.o
 .debug_macro   0x0001c6f4      0x20d src/ASF/sam0/drivers/system/clock/clock_saml22/clock.o
 .debug_macro   0x0001c901      0x5a3 src/ASF/sam0/drivers/system/clock/clock_saml22/gclk.o
 .debug_macro   0x0001cea4      0x57e src/ASF/sam0/drivers/system/pinmux/pinmux.o
 .debug_macro   0x0001d422      0x5b1 src/ASF/sam0/drivers/system/system.o
 .debug_macro   0x0001d9d3      0x353 src/ASF/sam0/utils/cmsis/saml22/source/gcc/startup_saml22.o
 .debug_macro   0x0001dd26       0x3a src/ASF/sam0/utils/cmsis/saml22/source/gcc/startup_saml22.o
 .debug_macro   0x0001dd60      0x6c9 src/led_toggle.o

.debug_line     0x00000000     0xb1f6
 .debug_line    0x00000000      0xad6 FreeRtosExampleTask/FreeRtosTasks.o
 .debug_line    0x00000ad6      0xb45 FreeRtosExampleTask/LedTasks.o
 .debug_line    0x0000161b      0xac1 FreeRtos/list.o
 .debug_line    0x000020dc      0xb8b FreeRtos/portable/GCC/ARM_CM0/port.o
 .debug_line    0x00002c67      0xab6 FreeRtos/portable/MemMang/heap_1.o
 .debug_line    0x0000371d     0x1154 FreeRtos/tasks.o
 .debug_line    0x00004871      0xb0f src/ASF/sam0/drivers/tc/tc_interrupt.o
 .debug_line    0x00005380      0x936 src/ASF/common/utils/interrupt/interrupt_sam_nvic.o
 .debug_line    0x00005cb6      0xa26 src/ASF/sam0/boards/saml22_xplained_pro/board_init.o
 .debug_line    0x000066dc      0x969 src/ASF/sam0/drivers/port/port.o
 .debug_line    0x00007045      0xd56 src/ASF/sam0/drivers/system/clock/clock_saml22/clock.o
 .debug_line    0x00007d9b      0xbd0 src/ASF/sam0/drivers/system/clock/clock_saml22/gclk.o
 .debug_line    0x0000896b      0x9b4 src/ASF/sam0/drivers/system/pinmux/pinmux.o
 .debug_line    0x0000931f      0xa47 src/ASF/sam0/drivers/system/system.o
 .debug_line    0x00009d66      0x6b9 src/ASF/sam0/utils/cmsis/saml22/source/gcc/startup_saml22.o
 .debug_line    0x0000a41f      0xdd7 src/led_toggle.o

.debug_str      0x00000000    0xa1cef
 .debug_str     0x00000000    0x9b252 FreeRtosExampleTask/FreeRtosTasks.o
                              0x9b687 (size before relaxing)
 .debug_str     0x0009b252      0x2a3 FreeRtosExampleTask/LedTasks.o
                              0x9b7f0 (size before relaxing)
 .debug_str     0x0009b4f5      0x129 FreeRtos/list.o
                              0x9af46 (size before relaxing)
 .debug_str     0x0009b61e      0x40c FreeRtos/portable/GCC/ARM_CM0/port.o
                              0x9b8eb (size before relaxing)
 .debug_str     0x0009ba2a      0x151 FreeRtos/portable/MemMang/heap_1.o
                              0x9b5dc (size before relaxing)
 .debug_str     0x0009bb7b     0x173f FreeRtos/tasks.o
                              0x9cee4 (size before relaxing)
 .debug_str     0x0009d2ba     0x12d1 src/ASF/sam0/drivers/tc/tc_interrupt.o
                              0x95f2a (size before relaxing)
 .debug_str     0x0009e58b       0x94 src/ASF/common/utils/interrupt/interrupt_sam_nvic.o
                              0x94c4a (size before relaxing)
 .debug_str     0x0009e61f      0x145 src/ASF/sam0/boards/saml22_xplained_pro/board_init.o
                              0x97ed0 (size before relaxing)
 .debug_str     0x0009e764       0xaa src/ASF/sam0/drivers/port/port.o
                              0x950dd (size before relaxing)
 .debug_str     0x0009e80e     0x2c19 src/ASF/sam0/drivers/system/clock/clock_saml22/clock.o
                              0x97de1 (size before relaxing)
 .debug_str     0x000a1427      0x2b6 src/ASF/sam0/drivers/system/clock/clock_saml22/gclk.o
                              0x9579a (size before relaxing)
 .debug_str     0x000a16dd       0xf4 src/ASF/sam0/drivers/system/pinmux/pinmux.o
                              0x9509f (size before relaxing)
 .debug_str     0x000a17d1       0x47 src/ASF/sam0/drivers/system/system.o
                              0x94cb4 (size before relaxing)
 .debug_str     0x000a1818      0x39d src/ASF/sam0/utils/cmsis/saml22/source/gcc/startup_saml22.o
                              0x7f2fc (size before relaxing)
 .debug_str     0x000a1bb5      0x13a src/led_toggle.o
                              0x9c5fe (size before relaxing)

.debug_frame    0x00000000     0x132c
 .debug_frame   0x00000000       0x30 FreeRtosExampleTask/FreeRtosTasks.o
 .debug_frame   0x00000030       0xa8 FreeRtosExampleTask/LedTasks.o
 .debug_frame   0x000000d8       0xb0 FreeRtos/list.o
 .debug_frame   0x00000188      0x174 FreeRtos/portable/GCC/ARM_CM0/port.o
 .debug_frame   0x000002fc       0x88 FreeRtos/portable/MemMang/heap_1.o
 .debug_frame   0x00000384      0x53c FreeRtos/tasks.o
 .debug_frame   0x000008c0      0x100 src/ASF/sam0/drivers/tc/tc_interrupt.o
 .debug_frame   0x000009c0       0x4c src/ASF/common/utils/interrupt/interrupt_sam_nvic.o
 .debug_frame   0x00000a0c       0xb0 src/ASF/sam0/boards/saml22_xplained_pro/board_init.o
 .debug_frame   0x00000abc       0x70 src/ASF/sam0/drivers/port/port.o
 .debug_frame   0x00000b2c      0x31c src/ASF/sam0/drivers/system/clock/clock_saml22/clock.o
 .debug_frame   0x00000e48      0x224 src/ASF/sam0/drivers/system/clock/clock_saml22/gclk.o
 .debug_frame   0x0000106c       0xb0 src/ASF/sam0/drivers/system/pinmux/pinmux.o
 .debug_frame   0x0000111c       0x48 src/ASF/sam0/drivers/system/system.o
 .debug_frame   0x00001164       0x4c src/ASF/sam0/utils/cmsis/saml22/source/gcc/startup_saml22.o
 .debug_frame   0x000011b0      0x130 src/led_toggle.o
 .debug_frame   0x000012e0       0x20 c:/program files (x86)/atmel/studio/7.0/toolchain/arm/arm-gnu-toolchain/bin/../lib/gcc/arm-none-eabi/6.3.1/thumb/v6-m\libgcc.a(_udivsi3.o)
 .debug_frame   0x00001300       0x2c c:/program files (x86)/atmel/studio/7.0/toolchain/arm/arm-gnu-toolchain/bin/../lib/gcc/arm-none-eabi/6.3.1/../../../../arm-none-eabi/lib/thumb/v6-m\libc_nano.a(lib_a-init.o)

Cross Reference Table

Symbol                                            File
AC_Handler                                        src/ASF/sam0/utils/cmsis/saml22/source/gcc/startup_saml22.o
ADC_Handler                                       src/ASF/sam0/utils/cmsis/saml22/source/gcc/startup_saml22.o
AES_Handler                                       src/ASF/sam0/utils/cmsis/saml22/source/gcc/startup_saml22.o
DMAC_Handler                                      src/ASF/sam0/utils/cmsis/saml22/source/gcc/startup_saml22.o
Dummy_Handler                                     src/ASF/sam0/utils/cmsis/saml22/source/gcc/startup_saml22.o
EIC_Handler                                       src/ASF/sam0/utils/cmsis/saml22/source/gcc/startup_saml22.o
EVSYS_Handler                                     src/ASF/sam0/utils/cmsis/saml22/source/gcc/startup_saml22.o
FREQM_Handler                                     src/ASF/sam0/utils/cmsis/saml22/source/gcc/startup_saml22.o
FreeRtosTasks                                     FreeRtosExampleTask/FreeRtosTasks.o
                                                  src/led_toggle.o
HardFault_Handler                                 src/ASF/sam0/utils/cmsis/saml22/source/gcc/startup_saml22.o
NMI_Handler                                       src/ASF/sam0/utils/cmsis/saml22/source/gcc/startup_saml22.o
NVMCTRL_Handler                                   src/ASF/sam0/utils/cmsis/saml22/source/gcc/startup_saml22.o
PTC_Handler                                       src/ASF/sam0/utils/cmsis/saml22/source/gcc/startup_saml22.o
PendSV_Handler                                    FreeRtos/portable/GCC/ARM_CM0/port.o
RTC_Handler                                       src/ASF/sam0/utils/cmsis/saml22/source/gcc/startup_saml22.o
Reset_Handler                                     src/ASF/sam0/utils/cmsis/saml22/source/gcc/startup_saml22.o
SERCOM0_Handler                                   src/ASF/sam0/utils/cmsis/saml22/source/gcc/startup_saml22.o
SERCOM1_Handler                                   src/ASF/sam0/utils/cmsis/saml22/source/gcc/startup_saml22.o
SERCOM2_Handler                                   src/ASF/sam0/utils/cmsis/saml22/source/gcc/startup_saml22.o
SERCOM3_Handler                                   src/ASF/sam0/utils/cmsis/saml22/source/gcc/startup_saml22.o
SERCOM4_Handler                                   src/ASF/sam0/utils/cmsis/saml22/source/gcc/startup_saml22.o
SERCOM5_Handler                                   src/ASF/sam0/utils/cmsis/saml22/source/gcc/startup_saml22.o
SLCD_Handler                                      src/ASF/sam0/utils/cmsis/saml22/source/gcc/startup_saml22.o
SVC_Handler                                       FreeRtos/portable/GCC/ARM_CM0/port.o
SYSTEM_Handler                                    src/ASF/sam0/utils/cmsis/saml22/source/gcc/startup_saml22.o
SysTick_Handler                                   FreeRtos/portable/GCC/ARM_CM0/port.o
SystemCoreClock                                   src/ASF/sam0/utils/cmsis/saml22/source/system_saml22.o
SystemCoreClockUpdate                             src/ASF/sam0/utils/cmsis/saml22/source/system_saml22.o
SystemInit                                        src/ASF/sam0/utils/cmsis/saml22/source/system_saml22.o
TC0_Handler                                       src/ASF/sam0/drivers/tc/tc_interrupt.o
TC1_Handler                                       src/ASF/sam0/drivers/tc/tc_interrupt.o
TC2_Handler                                       src/ASF/sam0/drivers/tc/tc_interrupt.o
TC3_Handler                                       src/ASF/sam0/drivers/tc/tc_interrupt.o
TCC0_Handler                                      src/ASF/sam0/utils/cmsis/saml22/source/gcc/startup_saml22.o
TRNG_Handler                                      src/ASF/sam0/utils/cmsis/saml22/source/gcc/startup_saml22.o
USB_Handler                                       src/ASF/sam0/utils/cmsis/saml22/source/gcc/startup_saml22.o
WDT_Handler                                       src/ASF/sam0/utils/cmsis/saml22/source/gcc/startup_saml22.o
_Jv_RegisterClasses                               c:/program files (x86)/atmel/studio/7.0/toolchain/arm/arm-gnu-toolchain/bin/../lib/gcc/arm-none-eabi/6.3.1/thumb/v6-m/crtbegin.o
__aeabi_idiv0                                     c:/program files (x86)/atmel/studio/7.0/toolchain/arm/arm-gnu-toolchain/bin/../lib/gcc/arm-none-eabi/6.3.1/thumb/v6-m\libgcc.a(_dvmd_tls.o)
                                                  c:/program files (x86)/atmel/studio/7.0/toolchain/arm/arm-gnu-toolchain/bin/../lib/gcc/arm-none-eabi/6.3.1/thumb/v6-m\libgcc.a(_udivsi3.o)
__aeabi_ldiv0                                     c:/program files (x86)/atmel/studio/7.0/toolchain/arm/arm-gnu-toolchain/bin/../lib/gcc/arm-none-eabi/6.3.1/thumb/v6-m\libgcc.a(_dvmd_tls.o)
__aeabi_uidiv                                     c:/program files (x86)/atmel/studio/7.0/toolchain/arm/arm-gnu-toolchain/bin/../lib/gcc/arm-none-eabi/6.3.1/thumb/v6-m\libgcc.a(_udivsi3.o)
                                                  src/ASF/sam0/drivers/system/clock/clock_saml22/gclk.o
                                                  src/ASF/sam0/drivers/system/clock/clock_saml22/clock.o
__aeabi_uidivmod                                  c:/program files (x86)/atmel/studio/7.0/toolchain/arm/arm-gnu-toolchain/bin/../lib/gcc/arm-none-eabi/6.3.1/thumb/v6-m\libgcc.a(_udivsi3.o)
__bss_end__                                       c:/program files (x86)/atmel/studio/7.0/toolchain/arm/arm-gnu-toolchain/bin/../lib/gcc/arm-none-eabi/6.3.1/../../../../arm-none-eabi/lib/thumb/v6-m/crt0.o
__bss_start__                                     c:/program files (x86)/atmel/studio/7.0/toolchain/arm/arm-gnu-toolchain/bin/../lib/gcc/arm-none-eabi/6.3.1/../../../../arm-none-eabi/lib/thumb/v6-m/crt0.o
__call_exitprocs                                  c:/program files (x86)/atmel/studio/7.0/toolchain/arm/arm-gnu-toolchain/bin/../lib/gcc/arm-none-eabi/6.3.1/../../../../arm-none-eabi/lib/thumb/v6-m\libc_nano.a(lib_a-exit.o)
__deregister_frame_info                           c:/program files (x86)/atmel/studio/7.0/toolchain/arm/arm-gnu-toolchain/bin/../lib/gcc/arm-none-eabi/6.3.1/thumb/v6-m/crtbegin.o
__dso_handle                                      c:/program files (x86)/atmel/studio/7.0/toolchain/arm/arm-gnu-toolchain/bin/../lib/gcc/arm-none-eabi/6.3.1/thumb/v6-m/crtbegin.o
__init_array_end                                  c:/program files (x86)/atmel/studio/7.0/toolchain/arm/arm-gnu-toolchain/bin/../lib/gcc/arm-none-eabi/6.3.1/../../../../arm-none-eabi/lib/thumb/v6-m\libc_nano.a(lib_a-init.o)
__init_array_start                                c:/program files (x86)/atmel/studio/7.0/toolchain/arm/arm-gnu-toolchain/bin/../lib/gcc/arm-none-eabi/6.3.1/../../../../arm-none-eabi/lib/thumb/v6-m\libc_nano.a(lib_a-init.o)
__libc_fini_array                                 c:/program files (x86)/atmel/studio/7.0/toolchain/arm/arm-gnu-toolchain/bin/../lib/gcc/arm-none-eabi/6.3.1/../../../../arm-none-eabi/lib/thumb/v6-m/crt0.o
__libc_init_array                                 c:/program files (x86)/atmel/studio/7.0/toolchain/arm/arm-gnu-toolchain/bin/../lib/gcc/arm-none-eabi/6.3.1/../../../../arm-none-eabi/lib/thumb/v6-m\libc_nano.a(lib_a-init.o)
                                                  src/ASF/sam0/utils/cmsis/saml22/source/gcc/startup_saml22.o
                                                  c:/program files (x86)/atmel/studio/7.0/toolchain/arm/arm-gnu-toolchain/bin/../lib/gcc/arm-none-eabi/6.3.1/../../../../arm-none-eabi/lib/thumb/v6-m/crt0.o
__preinit_array_end                               c:/program files (x86)/atmel/studio/7.0/toolchain/arm/arm-gnu-toolchain/bin/../lib/gcc/arm-none-eabi/6.3.1/../../../../arm-none-eabi/lib/thumb/v6-m\libc_nano.a(lib_a-init.o)
__preinit_array_start                             c:/program files (x86)/atmel/studio/7.0/toolchain/arm/arm-gnu-toolchain/bin/../lib/gcc/arm-none-eabi/6.3.1/../../../../arm-none-eabi/lib/thumb/v6-m\libc_nano.a(lib_a-init.o)
__register_frame_info                             c:/program files (x86)/atmel/studio/7.0/toolchain/arm/arm-gnu-toolchain/bin/../lib/gcc/arm-none-eabi/6.3.1/thumb/v6-m/crtbegin.o
__sf_fake_stderr                                  c:/program files (x86)/atmel/studio/7.0/toolchain/arm/arm-gnu-toolchain/bin/../lib/gcc/arm-none-eabi/6.3.1/../../../../arm-none-eabi/lib/thumb/v6-m\libc_nano.a(lib_a-impure.o)
__sf_fake_stdin                                   c:/program files (x86)/atmel/studio/7.0/toolchain/arm/arm-gnu-toolchain/bin/../lib/gcc/arm-none-eabi/6.3.1/../../../../arm-none-eabi/lib/thumb/v6-m\libc_nano.a(lib_a-impure.o)
__sf_fake_stdout                                  c:/program files (x86)/atmel/studio/7.0/toolchain/arm/arm-gnu-toolchain/bin/../lib/gcc/arm-none-eabi/6.3.1/../../../../arm-none-eabi/lib/thumb/v6-m\libc_nano.a(lib_a-impure.o)
__stack                                           c:/program files (x86)/atmel/studio/7.0/toolchain/arm/arm-gnu-toolchain/bin/../lib/gcc/arm-none-eabi/6.3.1/../../../../arm-none-eabi/lib/thumb/v6-m/crt0.o
__udivsi3                                         c:/program files (x86)/atmel/studio/7.0/toolchain/arm/arm-gnu-toolchain/bin/../lib/gcc/arm-none-eabi/6.3.1/thumb/v6-m\libgcc.a(_udivsi3.o)
_close                                            src/ASF/sam0/utils/syscalls/gcc/syscalls.o
_end                                              src/ASF/sam0/utils/syscalls/gcc/syscalls.o
_erelocate                                        src/ASF/sam0/utils/cmsis/saml22/source/gcc/startup_saml22.o
_estack                                           src/ASF/sam0/utils/cmsis/saml22/source/gcc/startup_saml22.o
_etext                                            src/ASF/sam0/utils/cmsis/saml22/source/gcc/startup_saml22.o
_exit                                             src/ASF/sam0/utils/syscalls/gcc/syscalls.o
                                                  c:/program files (x86)/atmel/studio/7.0/toolchain/arm/arm-gnu-toolchain/bin/../lib/gcc/arm-none-eabi/6.3.1/../../../../arm-none-eabi/lib/thumb/v6-m\libc_nano.a(lib_a-exit.o)
_ezero                                            src/ASF/sam0/utils/cmsis/saml22/source/gcc/startup_saml22.o
_fini                                             c:/program files (x86)/atmel/studio/7.0/toolchain/arm/arm-gnu-toolchain/bin/../lib/gcc/arm-none-eabi/6.3.1/thumb/v6-m/crti.o
_fstat                                            src/ASF/sam0/utils/syscalls/gcc/syscalls.o
_getpid                                           src/ASF/sam0/utils/syscalls/gcc/syscalls.o
_global_impure_ptr                                c:/program files (x86)/atmel/studio/7.0/toolchain/arm/arm-gnu-toolchain/bin/../lib/gcc/arm-none-eabi/6.3.1/../../../../arm-none-eabi/lib/thumb/v6-m\libc_nano.a(lib_a-impure.o)
                                                  c:/program files (x86)/atmel/studio/7.0/toolchain/arm/arm-gnu-toolchain/bin/../lib/gcc/arm-none-eabi/6.3.1/../../../../arm-none-eabi/lib/thumb/v6-m\libc_nano.a(lib_a-exit.o)
_impure_ptr                                       c:/program files (x86)/atmel/studio/7.0/toolchain/arm/arm-gnu-toolchain/bin/../lib/gcc/arm-none-eabi/6.3.1/../../../../arm-none-eabi/lib/thumb/v6-m\libc_nano.a(lib_a-impure.o)
_init                                             c:/program files (x86)/atmel/studio/7.0/toolchain/arm/arm-gnu-toolchain/bin/../lib/gcc/arm-none-eabi/6.3.1/thumb/v6-m/crti.o
                                                  c:/program files (x86)/atmel/studio/7.0/toolchain/arm/arm-gnu-toolchain/bin/../lib/gcc/arm-none-eabi/6.3.1/../../../../arm-none-eabi/lib/thumb/v6-m\libc_nano.a(lib_a-init.o)
_isatty                                           src/ASF/sam0/utils/syscalls/gcc/syscalls.o
_kill                                             src/ASF/sam0/utils/syscalls/gcc/syscalls.o
_lseek                                            src/ASF/sam0/utils/syscalls/gcc/syscalls.o
_mainCRTStartup                                   c:/program files (x86)/atmel/studio/7.0/toolchain/arm/arm-gnu-toolchain/bin/../lib/gcc/arm-none-eabi/6.3.1/../../../../arm-none-eabi/lib/thumb/v6-m/crt0.o
_sbrk                                             src/ASF/sam0/utils/syscalls/gcc/syscalls.o
_sfixed                                           src/ASF/sam0/utils/cmsis/saml22/source/gcc/startup_saml22.o
_srelocate                                        src/ASF/sam0/utils/cmsis/saml22/source/gcc/startup_saml22.o
_start                                            c:/program files (x86)/atmel/studio/7.0/toolchain/arm/arm-gnu-toolchain/bin/../lib/gcc/arm-none-eabi/6.3.1/../../../../arm-none-eabi/lib/thumb/v6-m/crt0.o
_system_divas_init                                src/ASF/sam0/drivers/system/system.o
_system_dummy_init                                src/ASF/sam0/drivers/system/system.o
_system_events_init                               src/ASF/sam0/drivers/system/system.o
_system_extint_init                               src/ASF/sam0/drivers/system/system.o
_szero                                            src/ASF/sam0/utils/cmsis/saml22/source/gcc/startup_saml22.o
_tc_get_inst_index                                src/ASF/sam0/drivers/tc/tc_sam_I_c/tc.o
                                                  src/qs_tc_callback.o
_tc_instances                                     src/ASF/sam0/drivers/tc/tc_interrupt.o
                                                  src/ASF/sam0/drivers/tc/tc_sam_I_c/tc.o
_tc_interrupt_handler                             src/ASF/sam0/drivers/tc/tc_interrupt.o
atexit                                            c:/program files (x86)/atmel/studio/7.0/toolchain/arm/arm-gnu-toolchain/bin/../lib/gcc/arm-none-eabi/6.3.1/../../../../arm-none-eabi/lib/thumb/v6-m/crt0.o
board_init                                        src/ASF/sam0/boards/saml22_xplained_pro/board_init.o
configure_tc                                      src/qs_tc_callback.o
configure_tc_callbacks                            src/qs_tc_callback.o
cpu_irq_enter_critical                            src/ASF/common/utils/interrupt/interrupt_sam_nvic.o
                                                  src/ASF/sam0/drivers/system/clock/clock_saml22/gclk.o
cpu_irq_leave_critical                            src/ASF/common/utils/interrupt/interrupt_sam_nvic.o
                                                  src/ASF/sam0/drivers/system/clock/clock_saml22/gclk.o
exception_table                                   src/ASF/sam0/utils/cmsis/saml22/source/gcc/startup_saml22.o
exit                                              c:/program files (x86)/atmel/studio/7.0/toolchain/arm/arm-gnu-toolchain/bin/../lib/gcc/arm-none-eabi/6.3.1/../../../../arm-none-eabi/lib/thumb/v6-m\libc_nano.a(lib_a-exit.o)
                                                  c:/program files (x86)/atmel/studio/7.0/toolchain/arm/arm-gnu-toolchain/bin/../lib/gcc/arm-none-eabi/6.3.1/../../../../arm-none-eabi/lib/thumb/v6-m/crt0.o
g_interrupt_enabled                               src/ASF/common/utils/interrupt/interrupt_sam_nvic.o
hardware_init_hook                                c:/program files (x86)/atmel/studio/7.0/toolchain/arm/arm-gnu-toolchain/bin/../lib/gcc/arm-none-eabi/6.3.1/../../../../arm-none-eabi/lib/thumb/v6-m/crt0.o
led_off                                           FreeRtosExampleTask/LedTasks.o
                                                  FreeRtosExampleTask/FreeRtosTasks.o
led_on                                            FreeRtosExampleTask/LedTasks.o
                                                  FreeRtosExampleTask/FreeRtosTasks.o
link                                              src/ASF/sam0/utils/syscalls/gcc/syscalls.o
main                                              src/led_toggle.o
                                                  src/ASF/sam0/utils/cmsis/saml22/source/gcc/startup_saml22.o
                                                  c:/program files (x86)/atmel/studio/7.0/toolchain/arm/arm-gnu-toolchain/bin/../lib/gcc/arm-none-eabi/6.3.1/../../../../arm-none-eabi/lib/thumb/v6-m/crt0.o
memcpy                                            c:/program files (x86)/atmel/studio/7.0/toolchain/arm/arm-gnu-toolchain/bin/../lib/gcc/arm-none-eabi/6.3.1/../../../../arm-none-eabi/lib/thumb/v6-m\libc_nano.a(lib_a-memcpy-stub.o)
                                                  FreeRtos/stream_buffer.o
                                                  FreeRtos/queue.o
memset                                            c:/program files (x86)/atmel/studio/7.0/toolchain/arm/arm-gnu-toolchain/bin/../lib/gcc/arm-none-eabi/6.3.1/../../../../arm-none-eabi/lib/thumb/v6-m\libc_nano.a(lib_a-memset.o)
                                                  FreeRtos/stream_buffer.o
                                                  c:/program files (x86)/atmel/studio/7.0/toolchain/arm/arm-gnu-toolchain/bin/../lib/gcc/arm-none-eabi/6.3.1/../../../../arm-none-eabi/lib/thumb/v6-m/crt0.o
pcTaskGetName                                     FreeRtos/tasks.o
port_group_set_config                             src/ASF/sam0/drivers/port/port.o
port_pin_set_config                               src/ASF/sam0/drivers/port/port.o
                                                  src/led_toggle.o
                                                  src/ASF/sam0/boards/saml22_xplained_pro/board_init.o
pvPortMalloc                                      FreeRtos/portable/MemMang/heap_1.o
                                                  FreeRtos/tasks.o
                                                  FreeRtos/stream_buffer.o
                                                  FreeRtos/queue.o
                                                  FreeRtos/event_groups.o
pxCurrentTCB                                      FreeRtos/tasks.o
                                                  FreeRtos/portable/GCC/ARM_CM0/port.o
pxPortInitialiseStack                             FreeRtos/portable/GCC/ARM_CM0/port.o
                                                  FreeRtos/tasks.o
sLedOnTask                                        FreeRtosExampleTask/FreeRtosTasks.o
sLedffTask                                        FreeRtosExampleTask/FreeRtosTasks.o
software_init_hook                                c:/program files (x86)/atmel/studio/7.0/toolchain/arm/arm-gnu-toolchain/bin/../lib/gcc/arm-none-eabi/6.3.1/../../../../arm-none-eabi/lib/thumb/v6-m/crt0.o
system_board_init                                 src/ASF/sam0/boards/saml22_xplained_pro/board_init.o
system_clock_init                                 src/ASF/sam0/drivers/system/clock/clock_saml22/clock.o
system_clock_source_dfll_set_config               src/ASF/sam0/drivers/system/clock/clock_saml22/clock.o
system_clock_source_disable                       src/ASF/sam0/drivers/system/clock/clock_saml22/clock.o
system_clock_source_dpll_set_config               src/ASF/sam0/drivers/system/clock/clock_saml22/clock.o
system_clock_source_enable                        src/ASF/sam0/drivers/system/clock/clock_saml22/clock.o
system_clock_source_failure_is_detect             src/ASF/sam0/drivers/system/clock/clock_saml22/clock.o
system_clock_source_get_hz                        src/ASF/sam0/drivers/system/clock/clock_saml22/clock.o
                                                  src/ASF/sam0/drivers/system/clock/clock_saml22/gclk.o
system_clock_source_is_ready                      src/ASF/sam0/drivers/system/clock/clock_saml22/clock.o
system_clock_source_osc16m_set_config             src/ASF/sam0/drivers/system/clock/clock_saml22/clock.o
system_clock_source_osculp32k_set_config          src/ASF/sam0/drivers/system/clock/clock_saml22/clock.o
system_clock_source_write_calibration             src/ASF/sam0/drivers/system/clock/clock_saml22/clock.o
system_clock_source_xosc32k_set_config            src/ASF/sam0/drivers/system/clock/clock_saml22/clock.o
system_clock_source_xosc32k_set_switch_back       src/ASF/sam0/drivers/system/clock/clock_saml22/clock.o
system_clock_source_xosc_set_config               src/ASF/sam0/drivers/system/clock/clock_saml22/clock.o
system_clock_source_xosc_set_switch_back          src/ASF/sam0/drivers/system/clock/clock_saml22/clock.o
system_gclk_chan_disable                          src/ASF/sam0/drivers/system/clock/clock_saml22/gclk.o
system_gclk_chan_enable                           src/ASF/sam0/drivers/system/clock/clock_saml22/gclk.o
                                                  src/ASF/sam0/drivers/tc/tc_sam_I_c/tc.o
system_gclk_chan_get_hz                           src/ASF/sam0/drivers/system/clock/clock_saml22/gclk.o
                                                  src/ASF/sam0/drivers/system/clock/clock_saml22/clock.o
system_gclk_chan_is_enabled                       src/ASF/sam0/drivers/system/clock/clock_saml22/gclk.o
system_gclk_chan_is_locked                        src/ASF/sam0/drivers/system/clock/clock_saml22/gclk.o
system_gclk_chan_lock                             src/ASF/sam0/drivers/system/clock/clock_saml22/gclk.o
system_gclk_chan_set_config                       src/ASF/sam0/drivers/system/clock/clock_saml22/gclk.o
                                                  src/ASF/sam0/drivers/tc/tc_sam_I_c/tc.o
system_gclk_gen_disable                           src/ASF/sam0/drivers/system/clock/clock_saml22/gclk.o
system_gclk_gen_enable                            src/ASF/sam0/drivers/system/clock/clock_saml22/gclk.o
                                                  src/ASF/sam0/drivers/system/clock/clock_saml22/clock.o
system_gclk_gen_get_hz                            src/ASF/sam0/drivers/system/clock/clock_saml22/gclk.o
                                                  src/led_toggle.o
                                                  src/ASF/sam0/drivers/system/clock/clock_saml22/clock.o
system_gclk_gen_is_enabled                        src/ASF/sam0/drivers/system/clock/clock_saml22/gclk.o
system_gclk_gen_set_config                        src/ASF/sam0/drivers/system/clock/clock_saml22/gclk.o
                                                  src/ASF/sam0/drivers/system/clock/clock_saml22/clock.o
system_gclk_init                                  src/ASF/sam0/drivers/system/clock/clock_saml22/gclk.o
                                                  src/ASF/sam0/drivers/system/clock/clock_saml22/clock.o
system_init                                       src/ASF/sam0/drivers/system/system.o
                                                  src/led_toggle.o
system_interrupt_clear_pending                    src/ASF/sam0/drivers/system/interrupt/system_interrupt.o
system_interrupt_get_priority                     src/ASF/sam0/drivers/system/interrupt/system_interrupt.o
system_interrupt_is_pending                       src/ASF/sam0/drivers/system/interrupt/system_interrupt.o
system_interrupt_set_pending                      src/ASF/sam0/drivers/system/interrupt/system_interrupt.o
system_interrupt_set_priority                     src/ASF/sam0/drivers/system/interrupt/system_interrupt.o
system_pinmux_group_set_config                    src/ASF/sam0/drivers/system/pinmux/pinmux.o
                                                  src/ASF/sam0/drivers/port/port.o
system_pinmux_group_set_input_sample_mode         src/ASF/sam0/drivers/system/pinmux/pinmux.o
system_pinmux_pin_set_config                      src/ASF/sam0/drivers/system/pinmux/pinmux.o
                                                  src/ASF/sam0/drivers/port/port.o
                                                  src/ASF/sam0/drivers/tc/tc_sam_I_c/tc.o
tc_callback_to_change_duty_cycle                  src/qs_tc_callback.o
tc_get_capture_value                              src/ASF/sam0/drivers/tc/tc_sam_I_c/tc.o
tc_get_count_value                                src/ASF/sam0/drivers/tc/tc_sam_I_c/tc.o
tc_init                                           src/ASF/sam0/drivers/tc/tc_sam_I_c/tc.o
                                                  src/qs_tc_callback.o
tc_instance                                       src/qs_tc_callback.o
tc_register_callback                              src/ASF/sam0/drivers/tc/tc_interrupt.o
                                                  src/qs_tc_callback.o
tc_reset                                          src/ASF/sam0/drivers/tc/tc_sam_I_c/tc.o
tc_set_compare_value                              src/ASF/sam0/drivers/tc/tc_sam_I_c/tc.o
                                                  src/qs_tc_callback.o
tc_set_count_value                                src/ASF/sam0/drivers/tc/tc_sam_I_c/tc.o
tc_set_top_value                                  src/ASF/sam0/drivers/tc/tc_sam_I_c/tc.o
tc_unregister_callback                            src/ASF/sam0/drivers/tc/tc_interrupt.o
ulSetInterruptMaskFromISR                         FreeRtos/portable/GCC/ARM_CM0/port.o
                                                  FreeRtos/tasks.o
                                                  FreeRtos/stream_buffer.o
                                                  FreeRtos/queue.o
                                                  FreeRtos/event_groups.o
ulTaskNotifyTake                                  FreeRtos/tasks.o
uxListRemove                                      FreeRtos/list.o
                                                  FreeRtos/tasks.o
uxQueueMessagesWaiting                            FreeRtos/queue.o
uxQueueMessagesWaitingFromISR                     FreeRtos/queue.o
uxQueueSpacesAvailable                            FreeRtos/queue.o
uxTaskGetNumberOfTasks                            FreeRtos/tasks.o
uxTaskPriorityGet                                 FreeRtos/tasks.o
uxTaskPriorityGetFromISR                          FreeRtos/tasks.o
uxTaskResetEventItemValue                         FreeRtos/tasks.o
                                                  FreeRtos/event_groups.o
vClearInterruptMaskFromISR                        FreeRtos/portable/GCC/ARM_CM0/port.o
                                                  FreeRtos/tasks.o
                                                  FreeRtos/stream_buffer.o
                                                  FreeRtos/queue.o
                                                  FreeRtos/event_groups.o
vEventGroupClearBitsCallback                      FreeRtos/event_groups.o
vEventGroupDelete                                 FreeRtos/event_groups.o
vEventGroupSetBitsCallback                        FreeRtos/event_groups.o
vListInitialise                                   FreeRtos/list.o
                                                  FreeRtos/tasks.o
                                                  FreeRtos/queue.o
                                                  FreeRtos/event_groups.o
vListInitialiseItem                               FreeRtos/list.o
                                                  FreeRtos/tasks.o
vListInsert                                       FreeRtos/list.o
                                                  FreeRtos/tasks.o
vListInsertEnd                                    FreeRtos/list.o
                                                  FreeRtos/tasks.o
vPortEndScheduler                                 FreeRtos/portable/GCC/ARM_CM0/port.o
                                                  FreeRtos/tasks.o
vPortEnterCritical                                FreeRtos/portable/GCC/ARM_CM0/port.o
                                                  FreeRtos/tasks.o
                                                  FreeRtos/stream_buffer.o
                                                  FreeRtos/queue.o
                                                  FreeRtos/event_groups.o
vPortExitCritical                                 FreeRtos/portable/GCC/ARM_CM0/port.o
                                                  FreeRtos/tasks.o
                                                  FreeRtos/stream_buffer.o
                                                  FreeRtos/queue.o
                                                  FreeRtos/event_groups.o
vPortFree                                         FreeRtos/portable/MemMang/heap_1.o
                                                  FreeRtos/tasks.o
                                                  FreeRtos/stream_buffer.o
                                                  FreeRtos/queue.o
                                                  FreeRtos/event_groups.o
vPortInitialiseBlocks                             FreeRtos/portable/MemMang/heap_1.o
vPortYield                                        FreeRtos/portable/GCC/ARM_CM0/port.o
                                                  FreeRtos/tasks.o
                                                  FreeRtos/queue.o
                                                  FreeRtos/event_groups.o
vQueueDelete                                      FreeRtos/queue.o
vStreamBufferDelete                               FreeRtos/stream_buffer.o
vTaskDelay                                        FreeRtos/tasks.o
                                                  FreeRtosExampleTask/LedTasks.o
vTaskDelayUntil                                   FreeRtos/tasks.o
vTaskEndScheduler                                 FreeRtos/tasks.o
vTaskInternalSetTimeOutState                      FreeRtos/tasks.o
                                                  FreeRtos/queue.o
vTaskMissedYield                                  FreeRtos/tasks.o
                                                  FreeRtos/queue.o
vTaskNotifyGiveFromISR                            FreeRtos/tasks.o
vTaskPlaceOnEventList                             FreeRtos/tasks.o
                                                  FreeRtos/queue.o
vTaskPlaceOnUnorderedEventList                    FreeRtos/tasks.o
                                                  FreeRtos/event_groups.o
vTaskPrioritySet                                  FreeRtos/tasks.o
vTaskRemoveFromUnorderedEventList                 FreeRtos/tasks.o
                                                  FreeRtos/event_groups.o
vTaskResume                                       FreeRtos/tasks.o
vTaskSetTimeOutState                              FreeRtos/tasks.o
                                                  FreeRtos/stream_buffer.o
vTaskStartScheduler                               FreeRtos/tasks.o
                                                  src/led_toggle.o
vTaskSuspend                                      FreeRtos/tasks.o
vTaskSuspendAll                                   FreeRtos/tasks.o
                                                  FreeRtos/stream_buffer.o
                                                  FreeRtos/queue.o
                                                  FreeRtos/portable/MemMang/heap_1.o
                                                  FreeRtos/event_groups.o
vTaskSwitchContext                                FreeRtos/tasks.o
                                                  FreeRtos/portable/GCC/ARM_CM0/port.o
xEventGroupClearBits                              FreeRtos/event_groups.o
xEventGroupCreate                                 FreeRtos/event_groups.o
xEventGroupGetBitsFromISR                         FreeRtos/event_groups.o
xEventGroupSetBits                                FreeRtos/event_groups.o
xEventGroupSync                                   FreeRtos/event_groups.o
xEventGroupWaitBits                               FreeRtos/event_groups.o
xPortGetFreeHeapSize                              FreeRtos/portable/MemMang/heap_1.o
xPortStartScheduler                               FreeRtos/portable/GCC/ARM_CM0/port.o
                                                  FreeRtos/tasks.o
xQueueGenericCreate                               FreeRtos/queue.o
xQueueGenericReset                                FreeRtos/queue.o
xQueueGenericSend                                 FreeRtos/queue.o
xQueueGenericSendFromISR                          FreeRtos/queue.o
xQueueGiveFromISR                                 FreeRtos/queue.o
xQueueIsQueueEmptyFromISR                         FreeRtos/queue.o
xQueueIsQueueFullFromISR                          FreeRtos/queue.o
xQueuePeek                                        FreeRtos/queue.o
xQueuePeekFromISR                                 FreeRtos/queue.o
xQueueReceive                                     FreeRtos/queue.o
xQueueReceiveFromISR                              FreeRtos/queue.o
xQueueSemaphoreTake                               FreeRtos/queue.o
xStreamBufferBytesAvailable                       FreeRtos/stream_buffer.o
xStreamBufferGenericCreate                        FreeRtos/stream_buffer.o
xStreamBufferIsEmpty                              FreeRtos/stream_buffer.o
xStreamBufferIsFull                               FreeRtos/stream_buffer.o
xStreamBufferNextMessageLengthBytes               FreeRtos/stream_buffer.o
xStreamBufferReceive                              FreeRtos/stream_buffer.o
xStreamBufferReceiveCompletedFromISR              FreeRtos/stream_buffer.o
xStreamBufferReceiveFromISR                       FreeRtos/stream_buffer.o
xStreamBufferReset                                FreeRtos/stream_buffer.o
xStreamBufferSend                                 FreeRtos/stream_buffer.o
xStreamBufferSendCompletedFromISR                 FreeRtos/stream_buffer.o
xStreamBufferSendFromISR                          FreeRtos/stream_buffer.o
xStreamBufferSetTriggerLevel                      FreeRtos/stream_buffer.o
xStreamBufferSpacesAvailable                      FreeRtos/stream_buffer.o
xTaskCheckForTimeOut                              FreeRtos/tasks.o
                                                  FreeRtos/stream_buffer.o
                                                  FreeRtos/queue.o
xTaskCreate                                       FreeRtos/tasks.o
                                                  FreeRtosExampleTask/FreeRtosTasks.o
xTaskGenericNotify                                FreeRtos/tasks.o
                                                  FreeRtos/stream_buffer.o
xTaskGenericNotifyFromISR                         FreeRtos/tasks.o
                                                  FreeRtos/stream_buffer.o
xTaskGetCurrentTaskHandle                         FreeRtos/stream_buffer.o
xTaskGetTickCount                                 FreeRtos/tasks.o
xTaskGetTickCountFromISR                          FreeRtos/tasks.o
xTaskIncrementTick                                FreeRtos/tasks.o
                                                  FreeRtos/portable/GCC/ARM_CM0/port.o
xTaskNotifyStateClear                             FreeRtos/tasks.o
                                                  FreeRtos/stream_buffer.o
xTaskNotifyWait                                   FreeRtos/tasks.o
                                                  FreeRtos/stream_buffer.o
xTaskRemoveFromEventList                          FreeRtos/tasks.o
                                                  FreeRtos/queue.o
xTaskResumeAll                                    FreeRtos/tasks.o
                                                  FreeRtos/stream_buffer.o
                                                  FreeRtos/queue.o
                                                  FreeRtos/portable/MemMang/heap_1.o
                                                  FreeRtos/event_groups.o
xTaskResumeFromISR                                FreeRtos/tasks.o
