Archive member included to satisfy reference by file (symbol)

c:/program files (x86)/atmel/studio/7.0/toolchain/arm/arm-gnu-toolchain/bin/../lib/gcc/arm-none-eabi/6.3.1/thumb/v6-m\libgcc.a(_udivsi3.o)
                              src/ASF/sam0/drivers/system/clock/clock_saml22/clock.o (__aeabi_uidiv)
c:/program files (x86)/atmel/studio/7.0/toolchain/arm/arm-gnu-toolchain/bin/../lib/gcc/arm-none-eabi/6.3.1/thumb/v6-m\libgcc.a(_dvmd_tls.o)
                              c:/program files (x86)/atmel/studio/7.0/toolchain/arm/arm-gnu-toolchain/bin/../lib/gcc/arm-none-eabi/6.3.1/thumb/v6-m\libgcc.a(_udivsi3.o) (__aeabi_idiv0)
c:/program files (x86)/atmel/studio/7.0/toolchain/arm/arm-gnu-toolchain/bin/../lib/gcc/arm-none-eabi/6.3.1/thumb/v6-m\libgcc.a(_muldi3.o)
                              src/ASF/sam0/drivers/sercom/sercom.o (__aeabi_lmul)
c:/program files (x86)/atmel/studio/7.0/toolchain/arm/arm-gnu-toolchain/bin/../lib/gcc/arm-none-eabi/6.3.1/../../../../arm-none-eabi/lib/thumb/v6-m\libc_nano.a(lib_a-exit.o)
                              c:/program files (x86)/atmel/studio/7.0/toolchain/arm/arm-gnu-toolchain/bin/../lib/gcc/arm-none-eabi/6.3.1/../../../../arm-none-eabi/lib/thumb/v6-m/crt0.o (exit)
c:/program files (x86)/atmel/studio/7.0/toolchain/arm/arm-gnu-toolchain/bin/../lib/gcc/arm-none-eabi/6.3.1/../../../../arm-none-eabi/lib/thumb/v6-m\libc_nano.a(lib_a-impure.o)
                              c:/program files (x86)/atmel/studio/7.0/toolchain/arm/arm-gnu-toolchain/bin/../lib/gcc/arm-none-eabi/6.3.1/../../../../arm-none-eabi/lib/thumb/v6-m\libc_nano.a(lib_a-exit.o) (_global_impure_ptr)
c:/program files (x86)/atmel/studio/7.0/toolchain/arm/arm-gnu-toolchain/bin/../lib/gcc/arm-none-eabi/6.3.1/../../../../arm-none-eabi/lib/thumb/v6-m\libc_nano.a(lib_a-init.o)
                              c:/program files (x86)/atmel/studio/7.0/toolchain/arm/arm-gnu-toolchain/bin/../lib/gcc/arm-none-eabi/6.3.1/../../../../arm-none-eabi/lib/thumb/v6-m/crt0.o (__libc_init_array)
c:/program files (x86)/atmel/studio/7.0/toolchain/arm/arm-gnu-toolchain/bin/../lib/gcc/arm-none-eabi/6.3.1/../../../../arm-none-eabi/lib/thumb/v6-m\libc_nano.a(lib_a-memcpy-stub.o)
                              FreeRtos/queue.o (memcpy)
c:/program files (x86)/atmel/studio/7.0/toolchain/arm/arm-gnu-toolchain/bin/../lib/gcc/arm-none-eabi/6.3.1/../../../../arm-none-eabi/lib/thumb/v6-m\libc_nano.a(lib_a-memset.o)
                              c:/program files (x86)/atmel/studio/7.0/toolchain/arm/arm-gnu-toolchain/bin/../lib/gcc/arm-none-eabi/6.3.1/../../../../arm-none-eabi/lib/thumb/v6-m/crt0.o (memset)
c:/program files (x86)/atmel/studio/7.0/toolchain/arm/arm-gnu-toolchain/bin/../lib/gcc/arm-none-eabi/6.3.1/../../../../arm-none-eabi/lib/thumb/v6-m\libc_nano.a(lib_a-puts.o)
                              FreeRtosExampleTask/SerialPortTask.o (puts)
c:/program files (x86)/atmel/studio/7.0/toolchain/arm/arm-gnu-toolchain/bin/../lib/gcc/arm-none-eabi/6.3.1/../../../../arm-none-eabi/lib/thumb/v6-m\libc_nano.a(lib_a-setbuf.o)
                              src/ASF/sam0/drivers/sercom/edbg/stdio_serial.o (setbuf)
c:/program files (x86)/atmel/studio/7.0/toolchain/arm/arm-gnu-toolchain/bin/../lib/gcc/arm-none-eabi/6.3.1/../../../../arm-none-eabi/lib/thumb/v6-m\libc_nano.a(lib_a-setvbuf.o)
                              c:/program files (x86)/atmel/studio/7.0/toolchain/arm/arm-gnu-toolchain/bin/../lib/gcc/arm-none-eabi/6.3.1/../../../../arm-none-eabi/lib/thumb/v6-m\libc_nano.a(lib_a-setbuf.o) (setvbuf)
c:/program files (x86)/atmel/studio/7.0/toolchain/arm/arm-gnu-toolchain/bin/../lib/gcc/arm-none-eabi/6.3.1/../../../../arm-none-eabi/lib/thumb/v6-m\libc_nano.a(lib_a-wbuf.o)
                              c:/program files (x86)/atmel/studio/7.0/toolchain/arm/arm-gnu-toolchain/bin/../lib/gcc/arm-none-eabi/6.3.1/../../../../arm-none-eabi/lib/thumb/v6-m\libc_nano.a(lib_a-puts.o) (__swbuf_r)
c:/program files (x86)/atmel/studio/7.0/toolchain/arm/arm-gnu-toolchain/bin/../lib/gcc/arm-none-eabi/6.3.1/../../../../arm-none-eabi/lib/thumb/v6-m\libc_nano.a(lib_a-wsetup.o)
                              c:/program files (x86)/atmel/studio/7.0/toolchain/arm/arm-gnu-toolchain/bin/../lib/gcc/arm-none-eabi/6.3.1/../../../../arm-none-eabi/lib/thumb/v6-m\libc_nano.a(lib_a-puts.o) (__swsetup_r)
c:/program files (x86)/atmel/studio/7.0/toolchain/arm/arm-gnu-toolchain/bin/../lib/gcc/arm-none-eabi/6.3.1/../../../../arm-none-eabi/lib/thumb/v6-m\libc_nano.a(lib_a-fflush.o)
                              c:/program files (x86)/atmel/studio/7.0/toolchain/arm/arm-gnu-toolchain/bin/../lib/gcc/arm-none-eabi/6.3.1/../../../../arm-none-eabi/lib/thumb/v6-m\libc_nano.a(lib_a-setvbuf.o) (_fflush_r)
c:/program files (x86)/atmel/studio/7.0/toolchain/arm/arm-gnu-toolchain/bin/../lib/gcc/arm-none-eabi/6.3.1/../../../../arm-none-eabi/lib/thumb/v6-m\libc_nano.a(lib_a-findfp.o)
[...]
Memory Configuration

Name             Origin             Length             Attributes
rom              0x00000000         0x00040000         xr
ram              0x20000000         0x00008000         xrw
*default*        0x00000000         0xffffffff

Linker script and memory map

LOAD c:/program files (x86)/atmel/studio/7.0/toolchain/arm/arm-gnu-toolchain/bin/../lib/gcc/arm-none-eabi/6.3.1/thumb/v6-m/crti.o
LOAD c:/program files (x86)/atmel/studio/7.0/toolchain/arm/arm-gnu-toolchain/bin/../lib/gcc/arm-none-eabi/6.3.1/thumb/v6-m/crtbegin.o
LOAD c:/program files (x86)/atmel/studio/7.0/toolchain/arm/arm-gnu-toolchain/bin/../lib/gcc/arm-none-eabi/6.3.1/../../../../arm-none-eabi/lib/thumb/v6-m/crt0.o
LOAD FreeRtosExampleTask/FreeRtosTasks.o
LOAD FreeRtosExampleTask/LedTasks.o
LOAD FreeRtosExampleTask/QueueExmplTasks.o
LOAD FreeRtosExampleTask/SerialPortTask.o
LOAD FreeRtos/croutine.o
LOAD FreeRtos/event_groups.o
LOAD FreeRtos/list.o
LOAD FreeRtos/portable/GCC/ARM_CM0/port.o
LOAD FreeRtos/portable/MemMang/heap_1.o
LOAD FreeRtos/queue.o
LOAD FreeRtos/stream_buffer.o
LOAD FreeRtos/tasks.o
LOAD FreeRtos/timers.o
LOAD src/ASF/common/utils/stdio/read.o
LOAD src/ASF/common/utils/stdio/write.o
LOAD src/ASF/sam0/drivers/sercom/edbg/stdio_serial.o
LOAD src/ASF/sam0/drivers/sercom/sercom.o
LOAD src/ASF/sam0/drivers/sercom/sercom_interrupt.o
LOAD src/ASF/sam0/drivers/sercom/usart/usart.o
LOAD src/ASF/sam0/drivers/sercom/usart/usart_interrupt.o
LOAD src/ASF/sam0/drivers/tc/tc_interrupt.o
LOAD src/ASF/sam0/drivers/tc/tc_sam_I_c/tc.o
LOAD src/qs_tc_callback.o
LOAD src/ASF/common/utils/interrupt/interrupt_sam_nvic.o
LOAD src/ASF/sam0/boards/saml22_xplained_pro/board_init.o
LOAD src/ASF/sam0/drivers/port/port.o
LOAD src/ASF/sam0/drivers/system/clock/clock_saml22/clock.o
LOAD src/ASF/sam0/drivers/system/clock/clock_saml22/gclk.o
LOAD src/ASF/sam0/drivers/system/interrupt/system_interrupt.o
LOAD src/ASF/sam0/drivers/system/pinmux/pinmux.o
LOAD src/ASF/sam0/drivers/system/system.o
LOAD src/ASF/sam0/utils/cmsis/saml22/source/gcc/startup_saml22.o
LOAD src/ASF/sam0/utils/cmsis/saml22/source/system_saml22.o
LOAD src/ASF/sam0/utils/syscalls/gcc/syscalls.o
LOAD src/led_toggle.o
START GROUP
LOAD ../src/ASF/thirdparty/CMSIS/Lib/GCC\libarm_cortexM0l_math.a
LOAD c:/program files (x86)/atmel/studio/7.0/toolchain/arm/arm-gnu-toolchain/bin/../lib/gcc/arm-none-eabi/6.3.1/../../../../arm-none-eabi/lib/thumb/v6-m\libm.a
END GROUP
START GROUP
LOAD c:/program files (x86)/atmel/studio/7.0/toolchain/arm/arm-gnu-toolchain/bin/../lib/gcc/arm-none-eabi/6.3.1/thumb/v6-m\libgcc.a
LOAD c:/program files (x86)/atmel/studio/7.0/toolchain/arm/arm-gnu-toolchain/bin/../lib/gcc/arm-none-eabi/6.3.1/../../../../arm-none-eabi/lib/thumb/v6-m\libc_nano.a
END GROUP
START GROUP
LOAD c:/program files (x86)/atmel/studio/7.0/toolchain/arm/arm-gnu-toolchain/bin/../lib/gcc/arm-none-eabi/6.3.1/thumb/v6-m\libgcc.a
LOAD c:/program files (x86)/atmel/studio/7.0/toolchain/arm/arm-gnu-toolchain/bin/../lib/gcc/arm-none-eabi/6.3.1/../../../../arm-none-eabi/lib/thumb/v6-m\libc_nano.a
END GROUP
LOAD c:/program files (x86)/atmel/studio/7.0/toolchain/arm/arm-gnu-toolchain/bin/../lib/gcc/arm-none-eabi/6.3.1/thumb/v6-m/crtend.o
LOAD c:/program files (x86)/atmel/studio/7.0/toolchain/arm/arm-gnu-toolchain/bin/../lib/gcc/arm-none-eabi/6.3.1/thumb/v6-m/crtn.o
                0x00002000                STACK_SIZE = DEFINED (STACK_SIZE)?STACK_SIZE:DEFINED (__stack_size__)?__stack_size__:0x2000

.text           0x00000000     0x4ed4
                0x00000000                . = ALIGN (0x4)
                0x00000000                _sfixed = .
 *(.vectors .vectors.*)
 .vectors       0x00000000       0xa8 src/ASF/sam0/utils/cmsis/saml22/source/gcc/startup_saml22.o
                0x00000000                exception_table
 *(.text .text.* .gnu.linkonce.t.*)
 .text          0x000000a8       0x60 c:/program files (x86)/atmel/studio/7.0/toolchain/arm/arm-gnu-toolchain/bin/../lib/gcc/arm-none-eabi/6.3.1/thumb/v6-m/crtbegin.o
 .text.vApplicationIdleHook
                0x00000108        0xa FreeRtosExampleTask/FreeRtosTasks.o
                0x00000108                vApplicationIdleHook
 *fill*         0x00000112        0x2 
 .text.FreeRtosTasks
                0x00000114       0x80 FreeRtosExampleTask/FreeRtosTasks.o
                0x00000114                FreeRtosTasks
 .text.serial_task_four
                0x00000194       0x4c FreeRtosExampleTask/SerialPortTask.o
                0x00000194                serial_task_four
 .text.serial_task_five
                0x000001e0       0x4c FreeRtosExampleTask/SerialPortTask.o
                0x000001e0                serial_task_five
 .text.vListInitialise
                0x0000022c       0x3c FreeRtos/list.o
                0x0000022c                vListInitialise
 .text.vListInitialiseItem
                0x00000268       0x16 FreeRtos/list.o
                0x00000268                vListInitialiseItem
 .text.vListInsertEnd
                0x0000027e       0x44 FreeRtos/list.o
                0x0000027e                vListInsertEnd
 .text.vListInsert
                0x000002c2       0x6c FreeRtos/list.o
                0x000002c2                vListInsert
 .text.uxListRemove
                0x0000032e       0x50 FreeRtos/list.o
                0x0000032e                uxListRemove
 *fill*         0x0000037e        0x2 
 .text.pxPortInitialiseStack
                0x00000380       0x54 FreeRtos/portable/GCC/ARM_CM0/port.o
                0x00000380                pxPortInitialiseStack
 .text.prvTaskExitError
                0x000003d4       0x1c FreeRtos/portable/GCC/ARM_CM0/port.o
 .text.SVC_Handler
                0x000003f0        0xa FreeRtos/portable/GCC/ARM_CM0/port.o
                0x000003f0                SVC_Handler
 *fill*         0x000003fa        0x6 
 .text.vPortStartFirstTask
                0x00000400       0x38 FreeRtos/portable/GCC/ARM_CM0/port.o
 .text.xPortStartScheduler
                0x00000438       0x58 FreeRtos/portable/GCC/ARM_CM0/port.o
                0x00000438                xPortStartScheduler
 .text.vPortYield
                0x00000490       0x20 FreeRtos/portable/GCC/ARM_CM0/port.o
                0x00000490                vPortYield
 .text.vPortEnterCritical
                0x000004b0       0x24 FreeRtos/portable/GCC/ARM_CM0/port.o
                0x000004b0                vPortEnterCritical
 .text.vPortExitCritical
                0x000004d4       0x24 FreeRtos/portable/GCC/ARM_CM0/port.o
                0x000004d4                vPortExitCritical
 .text.ulSetInterruptMaskFromISR
                0x000004f8        0xc FreeRtos/portable/GCC/ARM_CM0/port.o
                0x000004f8                ulSetInterruptMaskFromISR
 .text.vClearInterruptMaskFromISR
                0x00000504        0x8 FreeRtos/portable/GCC/ARM_CM0/port.o
                0x00000504                vClearInterruptMaskFromISR
 *fill*         0x0000050c        0x4 
 .text.PendSV_Handler
                0x00000510       0x48 FreeRtos/portable/GCC/ARM_CM0/port.o
                0x00000510                PendSV_Handler
 .text.SysTick_Handler
                0x00000558       0x40 FreeRtos/portable/GCC/ARM_CM0/port.o
                0x00000558                SysTick_Handler
 .text.prvSetupTimerInterrupt
                0x00000598       0x34 FreeRtos/portable/GCC/ARM_CM0/port.o
 .text.pvPortMalloc
                0x000005cc       0x94 FreeRtos/portable/MemMang/heap_1.o
                0x000005cc                pvPortMalloc
 .text.vPortFree
                0x00000660       0x10 FreeRtos/portable/MemMang/heap_1.o
                0x00000660                vPortFree
 .text.xQueueGenericReset
                0x00000670       0xb4 FreeRtos/queue.o
                0x00000670                xQueueGenericReset
 .text.xQueueGenericCreate
                0x00000724       0x68 FreeRtos/queue.o
                0x00000724                xQueueGenericCreate
 .text.prvInitialiseNewQueue
                0x0000078c       0x48 FreeRtos/queue.o
 .text.prvInitialiseMutex
                0x000007d4       0x38 FreeRtos/queue.o
 .text.xQueueCreateMutex
                0x0000080c       0x40 FreeRtos/queue.o
                0x0000080c                xQueueCreateMutex
 .text.xQueueGenericSend
                0x0000084c      0x15c FreeRtos/queue.o
                0x0000084c                xQueueGenericSend
 .text.xQueueSemaphoreTake
                0x000009a8      0x1b4 FreeRtos/queue.o
                0x000009a8                xQueueSemaphoreTake
 .text.prvGetDisinheritPriorityAfterTimeout
                0x00000b5c       0x2c FreeRtos/queue.o
 .text.prvCopyDataToQueue
                0x00000b88       0xe0 FreeRtos/queue.o
 .text.prvUnlockQueue
                0x00000c68       0xd0 FreeRtos/queue.o
 .text.prvIsQueueEmpty
                0x00000d38       0x34 FreeRtos/queue.o
 .text.prvIsQueueFull
                0x00000d6c       0x38 FreeRtos/queue.o
 .text.xTaskCreate
                0x00000da4       0xa0 FreeRtos/tasks.o
                0x00000da4                xTaskCreate
 .text.prvInitialiseNewTask
                0x00000e44      0x100 FreeRtos/tasks.o
 .text.prvAddNewTaskToReadyList
                0x00000f44       0xdc FreeRtos/tasks.o
 .text.vTaskStartScheduler
                0x00001020       0x68 FreeRtos/tasks.o
                0x00001020                vTaskStartScheduler
 .text.vTaskSuspendAll
                0x00001088       0x18 FreeRtos/tasks.o
                0x00001088                vTaskSuspendAll
 .text.xTaskResumeAll
                0x000010a0      0x128 FreeRtos/tasks.o
                0x000010a0                xTaskResumeAll
 .text.xTaskIncrementTick
                0x000011c8      0x15c FreeRtos/tasks.o
                0x000011c8                xTaskIncrementTick
 .text.vTaskSwitchContext
                0x00001324       0x98 FreeRtos/tasks.o
                0x00001324                vTaskSwitchContext
 .text.vTaskPlaceOnEventList
                0x000013bc       0x3c FreeRtos/tasks.o
                0x000013bc                vTaskPlaceOnEventList
 .text.xTaskRemoveFromEventList
                0x000013f8       0xb8 FreeRtos/tasks.o
                0x000013f8                xTaskRemoveFromEventList
 .text.vTaskInternalSetTimeOutState
                0x000014b0       0x28 FreeRtos/tasks.o
                0x000014b0                vTaskInternalSetTimeOutState
 .text.xTaskCheckForTimeOut
                0x000014d8       0x98 FreeRtos/tasks.o
                0x000014d8                xTaskCheckForTimeOut
 .text.vTaskMissedYield
                0x00001570       0x14 FreeRtos/tasks.o
                0x00001570                vTaskMissedYield
 .text.prvIdleTask
                0x00001584       0x30 FreeRtos/tasks.o
 .text.prvInitialiseTaskLists
                0x000015b4       0x80 FreeRtos/tasks.o
 .text.prvCheckTasksWaitingTermination
                0x00001634        0xa FreeRtos/tasks.o
 *fill*         0x0000163e        0x2 
 .text.prvResetNextTaskUnblockTime
                0x00001640       0x3c FreeRtos/tasks.o
 .text.xTaskPriorityInherit
                0x0000167c       0xd8 FreeRtos/tasks.o
                0x0000167c                xTaskPriorityInherit
 .text.xTaskPriorityDisinherit
                0x00001754       0xa0 FreeRtos/tasks.o
                0x00001754                xTaskPriorityDisinherit
 .text.vTaskPriorityDisinheritAfterTimeout
                0x000017f4       0xc8 FreeRtos/tasks.o
                0x000017f4                vTaskPriorityDisinheritAfterTimeout
 .text.pvTaskIncrementMutexHeldCount
                0x000018bc       0x24 FreeRtos/tasks.o
                0x000018bc                pvTaskIncrementMutexHeldCount
 .text.prvAddCurrentTaskToDelayedList
                0x000018e0       0xb4 FreeRtos/tasks.o
 .text._read    0x00001994       0x54 src/ASF/common/utils/stdio/read.o
                0x00001994                _read
 .text._write   0x000019e8       0x6c src/ASF/common/utils/stdio/write.o
                0x000019e8                _write
 .text.system_interrupt_enable
                0x00001a54       0x2c src/ASF/sam0/drivers/sercom/edbg/stdio_serial.o
 .text.usart_is_syncing
                0x00001a80       0x20 src/ASF/sam0/drivers/sercom/edbg/stdio_serial.o
 .text._usart_wait_for_sync
                0x00001aa0       0x24 src/ASF/sam0/drivers/sercom/edbg/stdio_serial.o
 .text.usart_get_config_defaults
                0x00001ac4       0xfa src/ASF/sam0/drivers/sercom/edbg/stdio_serial.o
 *fill*         0x00001bbe        0x2 
 .text.usart_enable
                0x00001bc0       0x50 src/ASF/sam0/drivers/sercom/edbg/stdio_serial.o
 .text.usart_serial_init
                0x00001c10       0x30 src/ASF/sam0/drivers/sercom/edbg/stdio_serial.o
 .text.usart_serial_putchar
                0x00001c40       0x34 src/ASF/sam0/drivers/sercom/edbg/stdio_serial.o
 .text.usart_serial_getchar
                0x00001c74       0x40 src/ASF/sam0/drivers/sercom/edbg/stdio_serial.o
 .text.stdio_serial_init
                0x00001cb4       0x70 src/ASF/sam0/drivers/sercom/edbg/stdio_serial.o
 .text.configure_console
                0x00001d24       0x74 src/ASF/sam0/drivers/sercom/edbg/stdio_serial.o
                0x00001d24                configure_console
 .text.system_gclk_chan_get_config_defaults
                0x00001d98       0x16 src/ASF/sam0/drivers/sercom/sercom.o
 .text.long_division
                0x00001dae       0xe0 src/ASF/sam0/drivers/sercom/sercom.o
 .text._sercom_get_sync_baud_val
                0x00001e8e       0x7c src/ASF/sam0/drivers/sercom/sercom.o
                0x00001e8e                _sercom_get_sync_baud_val
 *fill*         0x00001f0a        0x2 
 .text._sercom_get_async_baud_val
                0x00001f0c      0x1c0 src/ASF/sam0/drivers/sercom/sercom.o
                0x00001f0c                _sercom_get_async_baud_val
 .text.sercom_set_gclk_generator
                0x000020cc       0x8c src/ASF/sam0/drivers/sercom/sercom.o
                0x000020cc                sercom_set_gclk_generator
 .text._sercom_get_default_pad
                0x00002158      0x1c0 src/ASF/sam0/drivers/sercom/sercom.o
                0x00002158                _sercom_get_default_pad
 .text._sercom_get_sercom_inst_index
                0x00002318       0x50 src/ASF/sam0/drivers/sercom/sercom.o
                0x00002318                _sercom_get_sercom_inst_index
 .text._sercom_default_handler
                0x00002368       0x14 src/ASF/sam0/drivers/sercom/sercom_interrupt.o
 .text._sercom_set_handler
                0x0000237c       0x6c src/ASF/sam0/drivers/sercom/sercom_interrupt.o
                0x0000237c                _sercom_set_handler
 .text._sercom_get_interrupt_vector
                0x000023e8       0x44 src/ASF/sam0/drivers/sercom/sercom_interrupt.o
                0x000023e8                _sercom_get_interrupt_vector
 .text.SERCOM0_Handler
                0x0000242c       0x18 src/ASF/sam0/drivers/sercom/sercom_interrupt.o
                0x0000242c                SERCOM0_Handler
 .text.SERCOM1_Handler
                0x00002444       0x18 src/ASF/sam0/drivers/sercom/sercom_interrupt.o
                0x00002444                SERCOM1_Handler
 .text.SERCOM2_Handler
                0x0000245c       0x18 src/ASF/sam0/drivers/sercom/sercom_interrupt.o
                0x0000245c                SERCOM2_Handler
 .text.SERCOM3_Handler
                0x00002474       0x18 src/ASF/sam0/drivers/sercom/sercom_interrupt.o
                0x00002474                SERCOM3_Handler
 .text.SERCOM4_Handler
                0x0000248c       0x18 src/ASF/sam0/drivers/sercom/sercom_interrupt.o
                0x0000248c                SERCOM4_Handler
 .text.SERCOM5_Handler
                0x000024a4       0x18 src/ASF/sam0/drivers/sercom/sercom_interrupt.o
                0x000024a4                SERCOM5_Handler
 .text.system_gclk_chan_get_config_defaults
                0x000024bc       0x16 src/ASF/sam0/drivers/sercom/usart/usart.o
 *fill*         0x000024d2        0x2 
 .text.system_apb_clock_set_mask
                0x000024d4       0x5c src/ASF/sam0/drivers/sercom/usart/usart.o
 .text.system_pinmux_get_config_defaults
                0x00002530       0x28 src/ASF/sam0/drivers/sercom/usart/usart.o
 .text.system_is_debugger_present
                0x00002558       0x20 src/ASF/sam0/drivers/sercom/usart/usart.o
 .text.usart_is_syncing
                0x00002578       0x20 src/ASF/sam0/drivers/sercom/usart/usart.o
 .text._usart_wait_for_sync
                0x00002598       0x24 src/ASF/sam0/drivers/sercom/usart/usart.o
 .text._usart_set_config
                0x000025bc      0x3d0 src/ASF/sam0/drivers/sercom/usart/usart.o
 .text.usart_init
                0x0000298c      0x27c src/ASF/sam0/drivers/sercom/usart/usart.o
                0x0000298c                usart_init
 .text.usart_write_wait
                0x00002c08       0x64 src/ASF/sam0/drivers/sercom/usart/usart.o
                0x00002c08                usart_write_wait
 .text.usart_read_wait
                0x00002c6c       0xe8 src/ASF/sam0/drivers/sercom/usart/usart.o
                0x00002c6c                usart_read_wait
 .text.usart_is_syncing
                0x00002d54       0x20 src/ASF/sam0/drivers/sercom/usart/usart_interrupt.o
 .text._usart_wait_for_sync
                0x00002d74       0x24 src/ASF/sam0/drivers/sercom/usart/usart_interrupt.o
 .text._usart_interrupt_handler
                0x00002d98      0x2a8 src/ASF/sam0/drivers/sercom/usart/usart_interrupt.o
                0x00002d98                _usart_interrupt_handler
 .text.TC0_Handler
                0x00003040       0x14 src/ASF/sam0/drivers/tc/tc_interrupt.o
                0x00003040                TC0_Handler
 .text.TC1_Handler
                0x00003054       0x14 src/ASF/sam0/drivers/tc/tc_interrupt.o
                0x00003054                TC1_Handler
 .text.TC2_Handler
                0x00003068       0x14 src/ASF/sam0/drivers/tc/tc_interrupt.o
                0x00003068                TC2_Handler
 .text.TC3_Handler
                0x0000307c       0x14 src/ASF/sam0/drivers/tc/tc_interrupt.o
                0x0000307c                TC3_Handler
 .text._tc_interrupt_handler
                0x00003090       0xb8 src/ASF/sam0/drivers/tc/tc_interrupt.o
                0x00003090                _tc_interrupt_handler
 .text.cpu_irq_enter_critical
                0x00003148       0x54 src/ASF/common/utils/interrupt/interrupt_sam_nvic.o
                0x00003148                cpu_irq_enter_critical
 .text.cpu_irq_leave_critical
                0x0000319c       0x40 src/ASF/common/utils/interrupt/interrupt_sam_nvic.o
                0x0000319c                cpu_irq_leave_critical
 .text.system_pinmux_get_group_from_gpio_pin
                0x000031dc       0x60 src/ASF/sam0/boards/saml22_xplained_pro/board_init.o
 .text.port_get_group_from_gpio_pin
                0x0000323c       0x24 src/ASF/sam0/boards/saml22_xplained_pro/board_init.o
 .text.port_get_config_defaults
                0x00003260       0x22 src/ASF/sam0/boards/saml22_xplained_pro/board_init.o
 *fill*         0x00003282        0x2 
 .text.port_pin_set_output_level
                0x00003284       0x54 src/ASF/sam0/boards/saml22_xplained_pro/board_init.o
 .text.system_board_init
                0x000032d8       0x50 src/ASF/sam0/boards/saml22_xplained_pro/board_init.o
                0x000032d8                board_init
                0x000032d8                system_board_init
 .text.system_pinmux_get_config_defaults
                0x00003328       0x28 src/ASF/sam0/drivers/port/port.o
 .text.port_pin_set_config
                0x00003350       0x60 src/ASF/sam0/drivers/port/port.o
                0x00003350                port_pin_set_config
 .text.system_gclk_gen_get_config_defaults
                0x000033b0       0x2e src/ASF/sam0/drivers/system/clock/clock_saml22/clock.o
 *fill*         0x000033de        0x2 
 .text.system_cpu_clock_set_divider
                0x000033e0       0x28 src/ASF/sam0/drivers/system/clock/clock_saml22/clock.o
 .text.system_backup_clock_set_divider
                0x00003408       0x28 src/ASF/sam0/drivers/system/clock/clock_saml22/clock.o
 .text.system_cpu_clock_get_hz
                0x00003430       0x30 src/ASF/sam0/drivers/system/clock/clock_saml22/clock.o
 .text.system_flash_set_waitstates
                0x00003460       0x34 src/ASF/sam0/drivers/system/clock/clock_saml22/clock.o
 .text.system_switch_performance_level
                0x00003494       0x58 src/ASF/sam0/drivers/system/clock/clock_saml22/clock.o
 .text._system_dfll_wait_for_sync
                0x000034ec       0x1c src/ASF/sam0/drivers/system/clock/clock_saml22/clock.o
 .text.system_clock_source_get_hz
                0x00003508       0xbc src/ASF/sam0/drivers/system/clock/clock_saml22/clock.o
                0x00003508                system_clock_source_get_hz
 .text.system_clock_init
                0x000035c4       0xdc src/ASF/sam0/drivers/system/clock/clock_saml22/clock.o
                0x000035c4                system_clock_init
 .text.system_apb_clock_set_mask
                0x000036a0       0x5c src/ASF/sam0/drivers/system/clock/clock_saml22/gclk.o
 .text.system_interrupt_enter_critical_section
                0x000036fc       0x14 src/ASF/sam0/drivers/system/clock/clock_saml22/gclk.o
 .text.system_interrupt_leave_critical_section
                0x00003710       0x14 src/ASF/sam0/drivers/system/clock/clock_saml22/gclk.o
 .text.system_gclk_is_syncing
                0x00003724       0x38 src/ASF/sam0/drivers/system/clock/clock_saml22/gclk.o
 .text.system_gclk_init
                0x0000375c       0x30 src/ASF/sam0/drivers/system/clock/clock_saml22/gclk.o
                0x0000375c                system_gclk_init
 .text.system_gclk_gen_set_config
                0x0000378c      0x110 src/ASF/sam0/drivers/system/clock/clock_saml22/gclk.o
                0x0000378c                system_gclk_gen_set_config
 .text.system_gclk_gen_enable
                0x0000389c       0x5c src/ASF/sam0/drivers/system/clock/clock_saml22/gclk.o
                0x0000389c                system_gclk_gen_enable
 .text.system_gclk_gen_get_hz
                0x000038f8       0xc0 src/ASF/sam0/drivers/system/clock/clock_saml22/gclk.o
                0x000038f8                system_gclk_gen_get_hz
 .text.system_gclk_chan_set_config
                0x000039b8       0x40 src/ASF/sam0/drivers/system/clock/clock_saml22/gclk.o
                0x000039b8                system_gclk_chan_set_config
 .text.system_gclk_chan_enable
                0x000039f8       0x58 src/ASF/sam0/drivers/system/clock/clock_saml22/gclk.o
                0x000039f8                system_gclk_chan_enable
 .text.system_gclk_chan_disable
                0x00003a50       0x58 src/ASF/sam0/drivers/system/clock/clock_saml22/gclk.o
                0x00003a50                system_gclk_chan_disable
 .text.system_gclk_chan_get_hz
                0x00003aa8       0x54 src/ASF/sam0/drivers/system/clock/clock_saml22/gclk.o
                0x00003aa8                system_gclk_chan_get_hz
 .text.system_pinmux_get_group_from_gpio_pin
                0x00003afc       0x60 src/ASF/sam0/drivers/system/pinmux/pinmux.o
 .text._system_pinmux_config
                0x00003b5c      0x110 src/ASF/sam0/drivers/system/pinmux/pinmux.o
 .text.system_pinmux_pin_set_config
                0x00003c6c       0x48 src/ASF/sam0/drivers/system/pinmux/pinmux.o
                0x00003c6c                system_pinmux_pin_set_config
 .text._system_dummy_init
                0x00003cb4        0xa src/ASF/sam0/drivers/system/system.o
                0x00003cb4                _system_extint_init
                0x00003cb4                _system_events_init
                0x00003cb4                _system_dummy_init
                0x00003cb4                _system_divas_init
 *fill*         0x00003cbe        0x2 
 .text.system_init
                0x00003cc0       0x34 src/ASF/sam0/drivers/system/system.o
                0x00003cc0                system_init
 .text.Reset_Handler
                0x00003cf4       0x84 src/ASF/sam0/utils/cmsis/saml22/source/gcc/startup_saml22.o
                0x00003cf4                Reset_Handler
 .text.Dummy_Handler
                0x00003d78        0x6 src/ASF/sam0/utils/cmsis/saml22/source/gcc/startup_saml22.o
                0x00003d78                DMAC_Handler
                0x00003d78                TRNG_Handler
                0x00003d78                HardFault_Handler
                0x00003d78                AC_Handler
                0x00003d78                NMI_Handler
                0x00003d78                ADC_Handler
                0x00003d78                TCC0_Handler
                0x00003d78                RTC_Handler
                0x00003d78                EIC_Handler
                0x00003d78                WDT_Handler
                0x00003d78                USB_Handler
                0x00003d78                Dummy_Handler
                0x00003d78                EVSYS_Handler
                0x00003d78                NVMCTRL_Handler
                0x00003d78                SYSTEM_Handler
                0x00003d78                PTC_Handler
                0x00003d78                FREQM_Handler
                0x00003d78                SLCD_Handler
                0x00003d78                AES_Handler
 *fill*         0x00003d7e        0x2 
 .text._sbrk    0x00003d80       0x3c src/ASF/sam0/utils/syscalls/gcc/syscalls.o
                0x00003d80                _sbrk
 .text._close   0x00003dbc       0x14 src/ASF/sam0/utils/syscalls/gcc/syscalls.o
                0x00003dbc                _close
 .text._fstat   0x00003dd0       0x1c src/ASF/sam0/utils/syscalls/gcc/syscalls.o
                0x00003dd0                _fstat
 .text._isatty  0x00003dec       0x12 src/ASF/sam0/utils/syscalls/gcc/syscalls.o
                0x00003dec                _isatty
 .text._lseek   0x00003dfe       0x16 src/ASF/sam0/utils/syscalls/gcc/syscalls.o
                0x00003dfe                _lseek
 .text.NVIC_SetPriority
                0x00003e14       0xdc src/led_toggle.o
 .text.SysTick_Config
                0x00003ef0       0x4c src/led_toggle.o
 .text.system_pinmux_get_group_from_gpio_pin
                0x00003f3c       0x60 src/led_toggle.o
 .text.port_get_group_from_gpio_pin
                0x00003f9c       0x24 src/led_toggle.o
 .text.port_get_config_defaults
                0x00003fc0       0x22 src/led_toggle.o
 *fill*         0x00003fe2        0x2 
 .text.port_pin_set_output_level
                0x00003fe4       0x54 src/led_toggle.o
 .text.config_led
                0x00004038       0x3c src/led_toggle.o
 .text.main     0x00004074       0x54 src/led_toggle.o
                0x00004074                main
 .text          0x000040c8      0x114 c:/program files (x86)/atmel/studio/7.0/toolchain/arm/arm-gnu-toolchain/bin/../lib/gcc/arm-none-eabi/6.3.1/thumb/v6-m\libgcc.a(_udivsi3.o)
                0x000040c8                __aeabi_uidiv
                0x000040c8                __udivsi3
                0x000041d4                __aeabi_uidivmod
 .text          0x000041dc        0x4 c:/program files (x86)/atmel/studio/7.0/toolchain/arm/arm-gnu-toolchain/bin/../lib/gcc/arm-none-eabi/6.3.1/thumb/v6-m\libgcc.a(_dvmd_tls.o)
                0x000041dc                __aeabi_idiv0
                0x000041dc                __aeabi_ldiv0
 .text          0x000041e0       0x54 c:/program files (x86)/atmel/studio/7.0/toolchain/arm/arm-gnu-toolchain/bin/../lib/gcc/arm-none-eabi/6.3.1/thumb/v6-m\libgcc.a(_muldi3.o)
                0x000041e0                __muldi3
                0x000041e0                __aeabi_lmul
 .text.__libc_init_array
                0x00004234       0x48 c:/program files (x86)/atmel/studio/7.0/toolchain/arm/arm-gnu-toolchain/bin/../lib/gcc/arm-none-eabi/6.3.1/../../../../arm-none-eabi/lib/thumb/v6-m\libc_nano.a(lib_a-init.o)
                0x00004234                __libc_init_array
 .text.memcpy   0x0000427c       0x12 c:/program files (x86)/atmel/studio/7.0/toolchain/arm/arm-gnu-toolchain/bin/../lib/gcc/arm-none-eabi/6.3.1/../../../../arm-none-eabi/lib/thumb/v6-m\libc_nano.a(lib_a-memcpy-stub.o)
                0x0000427c                memcpy
 .text.memset   0x0000428e       0x10 c:/program files (x86)/atmel/studio/7.0/toolchain/arm/arm-gnu-toolchain/bin/../lib/gcc/arm-none-eabi/6.3.1/../../../../arm-none-eabi/lib/thumb/v6-m\libc_nano.a(lib_a-memset.o)
                0x0000428e                memset
 *fill*         0x0000429e        0x2 
 .text._puts_r  0x000042a0       0xc0 c:/program files (x86)/atmel/studio/7.0/toolchain/arm/arm-gnu-toolchain/bin/../lib/gcc/arm-none-eabi/6.3.1/../../../../arm-none-eabi/lib/thumb/v6-m\libc_nano.a(lib_a-puts.o)
                0x000042a0                _puts_r
 .text.puts     0x00004360       0x14 c:/program files (x86)/atmel/studio/7.0/toolchain/arm/arm-gnu-toolchain/bin/../lib/gcc/arm-none-eabi/6.3.1/../../../../arm-none-eabi/lib/thumb/v6-m\libc_nano.a(lib_a-puts.o)
                0x00004360                puts
 .text.setbuf   0x00004374       0x12 c:/program files (x86)/atmel/studio/7.0/toolchain/arm/arm-gnu-toolchain/bin/../lib/gcc/arm-none-eabi/6.3.1/../../../../arm-none-eabi/lib/thumb/v6-m\libc_nano.a(lib_a-setbuf.o)
                0x00004374                setbuf
 *fill*         0x00004386        0x2 
 .text.setvbuf  0x00004388      0x158 c:/program files (x86)/atmel/studio/7.0/toolchain/arm/arm-gnu-toolchain/bin/../lib/gcc/arm-none-eabi/6.3.1/../../../../arm-none-eabi/lib/thumb/v6-m\libc_nano.a(lib_a-setvbuf.o)
                0x00004388                setvbuf
 .text.__swbuf_r
                0x000044e0       0xac c:/program files (x86)/atmel/studio/7.0/toolchain/arm/arm-gnu-toolchain/bin/../lib/gcc/arm-none-eabi/6.3.1/../../../../arm-none-eabi/lib/thumb/v6-m\libc_nano.a(lib_a-wbuf.o)
                0x000044e0                __swbuf_r
 .text.__swsetup_r
                0x0000458c       0xec c:/program files (x86)/atmel/studio/7.0/toolchain/arm/arm-gnu-toolchain/bin/../lib/gcc/arm-none-eabi/6.3.1/../../../../arm-none-eabi/lib/thumb/v6-m\libc_nano.a(lib_a-wsetup.o)
                0x0000458c                __swsetup_r
 .text.__sflush_r
                0x00004678      0x114 c:/program files (x86)/atmel/studio/7.0/toolchain/arm/arm-gnu-toolchain/bin/../lib/gcc/arm-none-eabi/6.3.1/../../../../arm-none-eabi/lib/thumb/v6-m\libc_nano.a(lib_a-fflush.o)
                0x00004678                __sflush_r
 .text._fflush_r
                0x0000478c       0x58 c:/program files (x86)/atmel/studio/7.0/toolchain/arm/arm-gnu-toolchain/bin/../lib/gcc/arm-none-eabi/6.3.1/../../../../arm-none-eabi/lib/thumb/v6-m\libc_nano.a(lib_a-fflush.o)
                0x0000478c                _fflush_r
 .text._cleanup_r
                0x000047e4       0x10 c:/program files (x86)/atmel/studio/7.0/toolchain/arm/arm-gnu-toolchain/bin/../lib/gcc/arm-none-eabi/6.3.1/../../../../arm-none-eabi/lib/thumb/v6-m\libc_nano.a(lib_a-findfp.o)
                0x000047e4                _cleanup_r
 .text.std.isra.0
                0x000047f4       0x48 c:/program files (x86)/atmel/studio/7.0/toolchain/arm/arm-gnu-toolchain/bin/../lib/gcc/arm-none-eabi/6.3.1/../../../../arm-none-eabi/lib/thumb/v6-m\libc_nano.a(lib_a-findfp.o)
 .text.__sfmoreglue
                0x0000483c       0x2c c:/program files (x86)/atmel/studio/7.0/toolchain/arm/arm-gnu-toolchain/bin/../lib/gcc/arm-none-eabi/6.3.1/../../../../arm-none-eabi/lib/thumb/v6-m\libc_nano.a(lib_a-findfp.o)
                0x0000483c                __sfmoreglue
 .text.__sinit  0x00004868       0x68 c:/program files (x86)/atmel/studio/7.0/toolchain/arm/arm-gnu-toolchain/bin/../lib/gcc/arm-none-eabi/6.3.1/../../../../arm-none-eabi/lib/thumb/v6-m\libc_nano.a(lib_a-findfp.o)
                0x00004868                __sinit
 .text.__sfp    0x000048d0       0x80 c:/program files (x86)/atmel/studio/7.0/toolchain/arm/arm-gnu-toolchain/bin/../lib/gcc/arm-none-eabi/6.3.1/../../../../arm-none-eabi/lib/thumb/v6-m\libc_nano.a(lib_a-findfp.o)
                0x000048d0                __sfp
 .text._fwalk_reent
                0x00004950       0x42 c:/program files (x86)/atmel/studio/7.0/toolchain/arm/arm-gnu-toolchain/bin/../lib/gcc/arm-none-eabi/6.3.1/../../../../arm-none-eabi/lib/thumb/v6-m\libc_nano.a(lib_a-fwalk.o)
                0x00004950                _fwalk_reent
 *fill*         0x00004992        0x2 
 .text.__swhatbuf_r
                0x00004994       0x50 c:/program files (x86)/atmel/studio/7.0/toolchain/arm/arm-gnu-toolchain/bin/../lib/gcc/arm-none-eabi/6.3.1/../../../../arm-none-eabi/lib/thumb/v6-m\libc_nano.a(lib_a-makebuf.o)
                0x00004994                __swhatbuf_r
 .text.__smakebuf_r
                0x000049e4       0x88 c:/program files (x86)/atmel/studio/7.0/toolchain/arm/arm-gnu-toolchain/bin/../lib/gcc/arm-none-eabi/6.3.1/../../../../arm-none-eabi/lib/thumb/v6-m\libc_nano.a(lib_a-makebuf.o)
                0x000049e4                __smakebuf_r
 .text.malloc   0x00004a6c       0x14 c:/program files (x86)/atmel/studio/7.0/toolchain/arm/arm-gnu-toolchain/bin/../lib/gcc/arm-none-eabi/6.3.1/../../../../arm-none-eabi/lib/thumb/v6-m\libc_nano.a(lib_a-malloc.o)
                0x00004a6c                malloc
 .text._free_r  0x00004a80       0x94 c:/program files (x86)/atmel/studio/7.0/toolchain/arm/arm-gnu-toolchain/bin/../lib/gcc/arm-none-eabi/6.3.1/../../../../arm-none-eabi/lib/thumb/v6-m\libc_nano.a(lib_a-nano-freer.o)
                0x00004a80                _free_r
 .text._malloc_r
                0x00004b14       0xbc c:/program files (x86)/atmel/studio/7.0/toolchain/arm/arm-gnu-toolchain/bin/../lib/gcc/arm-none-eabi/6.3.1/../../../../arm-none-eabi/lib/thumb/v6-m\libc_nano.a(lib_a-nano-mallocr.o)
                0x00004b14                _malloc_r
 .text._sbrk_r  0x00004bd0       0x24 c:/program files (x86)/atmel/studio/7.0/toolchain/arm/arm-gnu-toolchain/bin/../lib/gcc/arm-none-eabi/6.3.1/../../../../arm-none-eabi/lib/thumb/v6-m\libc_nano.a(lib_a-sbrkr.o)
                0x00004bd0                _sbrk_r
 .text.__sread  0x00004bf4       0x28 c:/program files (x86)/atmel/studio/7.0/toolchain/arm/arm-gnu-toolchain/bin/../lib/gcc/arm-none-eabi/6.3.1/../../../../arm-none-eabi/lib/thumb/v6-m\libc_nano.a(lib_a-stdio.o)
                0x00004bf4                __sread
 .text.__swrite
                0x00004c1c       0x38 c:/program files (x86)/atmel/studio/7.0/toolchain/arm/arm-gnu-toolchain/bin/../lib/gcc/arm-none-eabi/6.3.1/../../../../arm-none-eabi/lib/thumb/v6-m\libc_nano.a(lib_a-stdio.o)
                0x00004c1c                __swrite
 .text.__sseek  0x00004c54       0x2c c:/program files (x86)/atmel/studio/7.0/toolchain/arm/arm-gnu-toolchain/bin/../lib/gcc/arm-none-eabi/6.3.1/../../../../arm-none-eabi/lib/thumb/v6-m\libc_nano.a(lib_a-stdio.o)
                0x00004c54                __sseek
 .text.__sclose
                0x00004c80        0xc c:/program files (x86)/atmel/studio/7.0/toolchain/arm/arm-gnu-toolchain/bin/../lib/gcc/arm-none-eabi/6.3.1/../../../../arm-none-eabi/lib/thumb/v6-m\libc_nano.a(lib_a-stdio.o)
                0x00004c80                __sclose
 .text._write_r
                0x00004c8c       0x28 c:/program files (x86)/atmel/studio/7.0/toolchain/arm/arm-gnu-toolchain/bin/../lib/gcc/arm-none-eabi/6.3.1/../../../../arm-none-eabi/lib/thumb/v6-m\libc_nano.a(lib_a-writer.o)
                0x00004c8c                _write_r
 .text._close_r
                0x00004cb4       0x24 c:/program files (x86)/atmel/studio/7.0/toolchain/arm/arm-gnu-toolchain/bin/../lib/gcc/arm-none-eabi/6.3.1/../../../../arm-none-eabi/lib/thumb/v6-m\libc_nano.a(lib_a-closer.o)
                0x00004cb4                _close_r
 .text._fstat_r
                0x00004cd8       0x24 c:/program files (x86)/atmel/studio/7.0/toolchain/arm/arm-gnu-toolchain/bin/../lib/gcc/arm-none-eabi/6.3.1/../../../../arm-none-eabi/lib/thumb/v6-m\libc_nano.a(lib_a-fstatr.o)
                0x00004cd8                _fstat_r
 .text._isatty_r
                0x00004cfc       0x24 c:/program files (x86)/atmel/studio/7.0/toolchain/arm/arm-gnu-toolchain/bin/../lib/gcc/arm-none-eabi/6.3.1/../../../../arm-none-eabi/lib/thumb/v6-m\libc_nano.a(lib_a-isattyr.o)
                0x00004cfc                _isatty_r
 .text._lseek_r
                0x00004d20       0x28 c:/program files (x86)/atmel/studio/7.0/toolchain/arm/arm-gnu-toolchain/bin/../lib/gcc/arm-none-eabi/6.3.1/../../../../arm-none-eabi/lib/thumb/v6-m\libc_nano.a(lib_a-lseekr.o)
                0x00004d20                _lseek_r
 .text.__malloc_lock
                0x00004d48        0x2 c:/program files (x86)/atmel/studio/7.0/toolchain/arm/arm-gnu-toolchain/bin/../lib/gcc/arm-none-eabi/6.3.1/../../../../arm-none-eabi/lib/thumb/v6-m\libc_nano.a(lib_a-mlock.o)
                0x00004d48                __malloc_lock
 .text.__malloc_unlock
                0x00004d4a        0x2 c:/program files (x86)/atmel/studio/7.0/toolchain/arm/arm-gnu-toolchain/bin/../lib/gcc/arm-none-eabi/6.3.1/../../../../arm-none-eabi/lib/thumb/v6-m\libc_nano.a(lib_a-mlock.o)
                0x00004d4a                __malloc_unlock
 .text._read_r  0x00004d4c       0x28 c:/program files (x86)/atmel/studio/7.0/toolchain/arm/arm-gnu-toolchain/bin/../lib/gcc/arm-none-eabi/6.3.1/../../../../arm-none-eabi/lib/thumb/v6-m\libc_nano.a(lib_a-readr.o)
                0x00004d4c                _read_r
 *(.glue_7t)
 .glue_7t       0x00004d74        0x0 linker stubs
 *(.glue_7)
 .glue_7        0x00004d74        0x0 linker stubs
 *(.rodata .rodata* .gnu.linkonce.r.*)
 .rodata        0x00004d74       0x25 FreeRtosExampleTask/FreeRtosTasks.o
 *fill*         0x00004d99        0x3 
 .rodata        0x00004d9c       0x54 FreeRtosExampleTask/SerialPortTask.o
 .rodata        0x00004df0        0x5 FreeRtos/tasks.o
 *fill*         0x00004df5        0x3 
 .rodata        0x00004df8       0x18 src/ASF/sam0/drivers/sercom/sercom.o
 .rodata        0x00004e10        0x6 src/ASF/sam0/drivers/sercom/sercom_interrupt.o
 *fill*         0x00004e16        0x2 
 .rodata.system_clock_source_get_hz
                0x00004e18       0x20 src/ASF/sam0/drivers/system/clock/clock_saml22/clock.o
 .rodata        0x00004e38       0x16 src/led_toggle.o
 *fill*         0x00004e4e        0x2 
 .rodata._global_impure_ptr
                0x00004e50        0x4 c:/program files (x86)/atmel/studio/7.0/toolchain/arm/arm-gnu-toolchain/bin/../lib/gcc/arm-none-eabi/6.3.1/../../../../arm-none-eabi/lib/thumb/v6-m\libc_nano.a(lib_a-impure.o)
                0x00004e50                _global_impure_ptr
 .rodata.__sf_fake_stderr
                0x00004e54       0x20 c:/program files (x86)/atmel/studio/7.0/toolchain/arm/arm-gnu-toolchain/bin/../lib/gcc/arm-none-eabi/6.3.1/../../../../arm-none-eabi/lib/thumb/v6-m\libc_nano.a(lib_a-findfp.o)
                0x00004e54                __sf_fake_stderr
 .rodata.__sf_fake_stdin
                0x00004e74       0x20 c:/program files (x86)/atmel/studio/7.0/toolchain/arm/arm-gnu-toolchain/bin/../lib/gcc/arm-none-eabi/6.3.1/../../../../arm-none-eabi/lib/thumb/v6-m\libc_nano.a(lib_a-findfp.o)
                0x00004e74                __sf_fake_stdin
 .rodata.__sf_fake_stdout
                0x00004e94       0x20 c:/program files (x86)/atmel/studio/7.0/toolchain/arm/arm-gnu-toolchain/bin/../lib/gcc/arm-none-eabi/6.3.1/../../../../arm-none-eabi/lib/thumb/v6-m\libc_nano.a(lib_a-findfp.o)
                0x00004e94                __sf_fake_stdout
 *(.ARM.extab* .gnu.linkonce.armextab.*)
                0x00004eb4                . = ALIGN (0x4)
 *(.init)
 .init          0x00004eb4        0x4 c:/program files (x86)/atmel/studio/7.0/toolchain/arm/arm-gnu-toolchain/bin/../lib/gcc/arm-none-eabi/6.3.1/thumb/v6-m/crti.o
                0x00004eb4                _init
 .init          0x00004eb8        0x8 c:/program files (x86)/atmel/studio/7.0/toolchain/arm/arm-gnu-toolchain/bin/../lib/gcc/arm-none-eabi/6.3.1/thumb/v6-m/crtn.o
                0x00004ec0                . = ALIGN (0x4)
                0x00004ec0                __preinit_array_start = .
 *(.preinit_array)
                0x00004ec0                __preinit_array_end = .
                0x00004ec0                . = ALIGN (0x4)
                0x00004ec0                __init_array_start = .
 *(SORT(.init_array.*))
 *(.init_array)
 .init_array    0x00004ec0        0x4 c:/program files (x86)/atmel/studio/7.0/toolchain/arm/arm-gnu-toolchain/bin/../lib/gcc/arm-none-eabi/6.3.1/thumb/v6-m/crtbegin.o
                0x00004ec4                __init_array_end = .
                0x00004ec4                . = ALIGN (0x4)
 *crtbegin.o(.ctors)
 *(EXCLUDE_FILE(*crtend.o) .ctors)
 *(SORT(.ctors.*))
 *crtend.o(.ctors)
                0x00004ec4                . = ALIGN (0x4)
 *(.fini)
 .fini          0x00004ec4        0x4 c:/program files (x86)/atmel/studio/7.0/toolchain/arm/arm-gnu-toolchain/bin/../lib/gcc/arm-none-eabi/6.3.1/thumb/v6-m/crti.o
                0x00004ec4                _fini
 .fini          0x00004ec8        0x8 c:/program files (x86)/atmel/studio/7.0/toolchain/arm/arm-gnu-toolchain/bin/../lib/gcc/arm-none-eabi/6.3.1/thumb/v6-m/crtn.o
                0x00004ed0                . = ALIGN (0x4)
                0x00004ed0                __fini_array_start = .
 *(.fini_array)
 .fini_array    0x00004ed0        0x4 c:/program files (x86)/atmel/studio/7.0/toolchain/arm/arm-gnu-toolchain/bin/../lib/gcc/arm-none-eabi/6.3.1/thumb/v6-m/crtbegin.o
 *(SORT(.fini_array.*))
                0x00004ed4                __fini_array_end = .
 *crtbegin.o(.dtors)
 *(EXCLUDE_FILE(*crtend.o) .dtors)
 *(SORT(.dtors.*))
 *crtend.o(.dtors)
                0x00004ed4                . = ALIGN (0x4)
                0x00004ed4                _efixed = .
                [!provide]                PROVIDE (__exidx_start, .)

.vfp11_veneer   0x00004ed4        0x0
 .vfp11_veneer  0x00004ed4        0x0 linker stubs

.v4_bx          0x00004ed4        0x0
 .v4_bx         0x00004ed4        0x0 linker stubs

.iplt           0x00004ed4        0x0
 .iplt          0x00004ed4        0x0 c:/program files (x86)/atmel/studio/7.0/toolchain/arm/arm-gnu-toolchain/bin/../lib/gcc/arm-none-eabi/6.3.1/thumb/v6-m/crtbegin.o

.eh_frame       0x00004ed4        0x0
 .eh_frame      0x00004ed4        0x0 c:/program files (x86)/atmel/studio/7.0/toolchain/arm/arm-gnu-toolchain/bin/../lib/gcc/arm-none-eabi/6.3.1/thumb/v6-m/crtbegin.o

.rel.dyn        0x00004ed4        0x0
 .rel.iplt      0x00004ed4        0x0 c:/program files (x86)/atmel/studio/7.0/toolchain/arm/arm-gnu-toolchain/bin/../lib/gcc/arm-none-eabi/6.3.1/thumb/v6-m/crtbegin.o

.jcr            0x00004ed4        0x0
 .jcr           0x00004ed4        0x0 c:/program files (x86)/atmel/studio/7.0/toolchain/arm/arm-gnu-toolchain/bin/../lib/gcc/arm-none-eabi/6.3.1/thumb/v6-m/crtbegin.o

.igot.plt       0x00004ed4        0x0
 .igot.plt      0x00004ed4        0x0 c:/program files (x86)/atmel/studio/7.0/toolchain/arm/arm-gnu-toolchain/bin/../lib/gcc/arm-none-eabi/6.3.1/thumb/v6-m/crtbegin.o

.ARM.exidx
 *(.ARM.exidx* .gnu.linkonce.armexidx.*)
                [!provide]                PROVIDE (__exidx_end, .)
                0x00004ed4                . = ALIGN (0x4)
                0x00004ed4                _etext = .

.relocate       0x20000000       0x6c load address 0x00004ed4
                0x20000000                . = ALIGN (0x4)
                0x20000000                _srelocate = .
 *(.ramfunc .ramfunc.*)
 *(.data .data.*)
 .data.uxCriticalNesting
                0x20000000        0x4 FreeRtos/portable/GCC/ARM_CM0/port.o
 .data.g_interrupt_enabled
                0x20000004        0x1 src/ASF/common/utils/interrupt/interrupt_sam_nvic.o
                0x20000004                g_interrupt_enabled
 *fill*         0x20000005        0x3 
 .data._impure_ptr
                0x20000008        0x4 c:/program files (x86)/atmel/studio/7.0/toolchain/arm/arm-gnu-toolchain/bin/../lib/gcc/arm-none-eabi/6.3.1/../../../../arm-none-eabi/lib/thumb/v6-m\libc_nano.a(lib_a-impure.o)
                0x20000008                _impure_ptr
 .data.impure_data
                0x2000000c       0x60 c:/program files (x86)/atmel/studio/7.0/toolchain/arm/arm-gnu-toolchain/bin/../lib/gcc/arm-none-eabi/6.3.1/../../../../arm-none-eabi/lib/thumb/v6-m\libc_nano.a(lib_a-impure.o)
                0x2000006c                . = ALIGN (0x4)
                0x2000006c                _erelocate = .

.bss            0x2000006c     0x396c load address 0x00004f40
                0x2000006c                . = ALIGN (0x4)
                0x2000006c                _sbss = .
                0x2000006c                _szero = .
 *(.bss .bss.*)
 .bss           0x2000006c       0x1c c:/program files (x86)/atmel/studio/7.0/toolchain/arm/arm-gnu-toolchain/bin/../lib/gcc/arm-none-eabi/6.3.1/thumb/v6-m/crtbegin.o
 .bss.ucHeap    0x20000088     0x3778 FreeRtos/portable/MemMang/heap_1.o
 .bss.xNextFreeByte
                0x20003800        0x4 FreeRtos/portable/MemMang/heap_1.o
 .bss.pucAlignedHeap.13123
                0x20003804        0x4 FreeRtos/portable/MemMang/heap_1.o
 .bss.pxCurrentTCB
                0x20003808        0x4 FreeRtos/tasks.o
                0x20003808                pxCurrentTCB
 .bss.pxReadyTasksLists
                0x2000380c       0x64 FreeRtos/tasks.o
 .bss.xDelayedTaskList1
                0x20003870       0x14 FreeRtos/tasks.o
 .bss.xDelayedTaskList2
                0x20003884       0x14 FreeRtos/tasks.o
 .bss.pxDelayedTaskList
                0x20003898        0x4 FreeRtos/tasks.o
 .bss.pxOverflowDelayedTaskList
                0x2000389c        0x4 FreeRtos/tasks.o
 .bss.xPendingReadyList
                0x200038a0       0x14 FreeRtos/tasks.o
 .bss.xSuspendedTaskList
                0x200038b4       0x14 FreeRtos/tasks.o
 .bss.uxCurrentNumberOfTasks
                0x200038c8        0x4 FreeRtos/tasks.o
 .bss.xTickCount
                0x200038cc        0x4 FreeRtos/tasks.o
 .bss.uxTopReadyPriority
                0x200038d0        0x4 FreeRtos/tasks.o
 .bss.xSchedulerRunning
                0x200038d4        0x4 FreeRtos/tasks.o
 .bss.uxPendedTicks
                0x200038d8        0x4 FreeRtos/tasks.o
 .bss.xYieldPending
                0x200038dc        0x4 FreeRtos/tasks.o
 .bss.xNumOfOverflows
                0x200038e0        0x4 FreeRtos/tasks.o
 .bss.uxTaskNumber
                0x200038e4        0x4 FreeRtos/tasks.o
 .bss.xNextTaskUnblockTime
                0x200038e8        0x4 FreeRtos/tasks.o
 .bss.xIdleTaskHandle
                0x200038ec        0x4 FreeRtos/tasks.o
 .bss.uxSchedulerSuspended
                0x200038f0        0x4 FreeRtos/tasks.o
 .bss.cdc_uart_module
                0x200038f4       0x34 src/ASF/sam0/drivers/sercom/edbg/stdio_serial.o
 .bss._sercom_config
                0x20003928        0x2 src/ASF/sam0/drivers/sercom/sercom.o
 .bss._handler_table_initialized
                0x2000392a        0x1 src/ASF/sam0/drivers/sercom/sercom_interrupt.o
 *fill*         0x2000392b        0x1 
 .bss._sercom_interrupt_handlers
                0x2000392c       0x18 src/ASF/sam0/drivers/sercom/sercom_interrupt.o
 .bss.u16UartDataIndex
                0x20003944        0x2 src/ASF/sam0/drivers/sercom/usart/usart_interrupt.o
                0x20003944                u16UartDataIndex
 *fill*         0x20003946        0x2 
 .bss.cpu_irq_critical_section_counter
                0x20003948        0x4 src/ASF/common/utils/interrupt/interrupt_sam_nvic.o
 .bss.cpu_irq_prev_interrupt_state
                0x2000394c        0x1 src/ASF/common/utils/interrupt/interrupt_sam_nvic.o
 *fill*         0x2000394d        0x3 
 .bss._system_clock_inst
                0x20003950       0x18 src/ASF/sam0/drivers/system/clock/clock_saml22/clock.o
 .bss.heap.5296
                0x20003968        0x4 src/ASF/sam0/utils/syscalls/gcc/syscalls.o
 .bss.__malloc_free_list
                0x2000396c        0x4 c:/program files (x86)/atmel/studio/7.0/toolchain/arm/arm-gnu-toolchain/bin/../lib/gcc/arm-none-eabi/6.3.1/../../../../arm-none-eabi/lib/thumb/v6-m\libc_nano.a(lib_a-nano-mallocr.o)
                0x2000396c                __malloc_free_list
 .bss.__malloc_sbrk_start
                0x20003970        0x4 c:/program files (x86)/atmel/studio/7.0/toolchain/arm/arm-gnu-toolchain/bin/../lib/gcc/arm-none-eabi/6.3.1/../../../../arm-none-eabi/lib/thumb/v6-m\libc_nano.a(lib_a-nano-mallocr.o)
                0x20003970                __malloc_sbrk_start
 *(COMMON)
 COMMON         0x20003974       0x18 FreeRtosExampleTask/FreeRtosTasks.o
                0x20003974                sLedOnTask
                0x20003978                xSerial4
                0x2000397c                xMutex
                0x20003980                sSerialTaskOne
                0x20003984                sLedffTask
                0x20003988                xSerial5
 COMMON         0x2000398c        0x4 src/ASF/common/utils/stdio/read.o
                0x2000398c                ptr_get
 COMMON         0x20003990        0x8 src/ASF/common/utils/stdio/write.o
                0x20003990                ptr_put
                0x20003994                stdio_base
 COMMON         0x20003998       0x18 src/ASF/sam0/drivers/sercom/sercom_interrupt.o
                0x20003998                _sercom_instances
 COMMON         0x200039b0       0x14 src/ASF/sam0/drivers/sercom/usart/usart_interrupt.o
                0x200039b0                au8UartData
 COMMON         0x200039c4       0x10 src/ASF/sam0/drivers/tc/tc_interrupt.o
                0x200039c4                _tc_instances
 COMMON         0x200039d4        0x4 c:/program files (x86)/atmel/studio/7.0/toolchain/arm/arm-gnu-toolchain/bin/../lib/gcc/arm-none-eabi/6.3.1/../../../../arm-none-eabi/lib/thumb/v6-m\libc_nano.a(lib_a-reent.o)
                0x200039d4                errno
                0x200039d8                . = ALIGN (0x4)
                0x200039d8                _ebss = .
                0x200039d8                _ezero = .

.stack          0x200039d8     0x2000 load address 0x000088ac
                0x200039d8                . = ALIGN (0x8)
                0x200039d8                _sstack = .
                0x200059d8                . = (. + STACK_SIZE)
 *fill*         0x200039d8     0x2000 
                0x200059d8                . = ALIGN (0x8)
                0x200059d8                _estack = .
                0x200059d8                . = ALIGN (0x4)
                0x200059d8                _end = .
OUTPUT(LED_TOGGLE1.elf elf32-littlearm)

.ARM.attributes
                0x00000000       0x28
 .ARM.attributes
                0x00000000       0x1e c:/program files (x86)/atmel/studio/7.0/toolchain/arm/arm-gnu-toolchain/bin/../lib/gcc/arm-none-eabi/6.3.1/thumb/v6-m/crti.o
 .ARM.attributes
                0x0000001e       0x2c c:/program files (x86)/atmel/studio/7.0/toolchain/arm/arm-gnu-toolchain/bin/../lib/gcc/arm-none-eabi/6.3.1/thumb/v6-m/crtbegin.o
 .ARM.attributes
                0x0000004a       0x32 FreeRtosExampleTask/FreeRtosTasks.o
 .ARM.attributes
                0x0000007c       0x32 FreeRtosExampleTask/SerialPortTask.o
 .ARM.attributes
                0x000000ae       0x32 FreeRtos/list.o
 .ARM.attributes
                0x000000e0       0x32 FreeRtos/portable/GCC/ARM_CM0/port.o
 .ARM.attributes
                0x00000112       0x32 FreeRtos/portable/MemMang/heap_1.o
 .ARM.attributes
                0x00000144       0x32 FreeRtos/queue.o
 .ARM.attributes
                0x00000176       0x32 FreeRtos/tasks.o
 .ARM.attributes
                0x000001a8       0x32 src/ASF/common/utils/stdio/read.o
 .ARM.attributes
                0x000001da       0x32 src/ASF/common/utils/stdio/write.o
 .ARM.attributes
                0x0000020c       0x32 src/ASF/sam0/drivers/sercom/edbg/stdio_serial.o
 .ARM.attributes
                0x0000023e       0x32 src/ASF/sam0/drivers/sercom/sercom.o
 .ARM.attributes
                0x00000270       0x32 src/ASF/sam0/drivers/sercom/sercom_interrupt.o
 .ARM.attributes
                0x000002a2       0x32 src/ASF/sam0/drivers/sercom/usart/usart.o
 .ARM.attributes
                0x000002d4       0x32 src/ASF/sam0/drivers/sercom/usart/usart_interrupt.o
 .ARM.attributes
                0x00000306       0x32 src/ASF/sam0/drivers/tc/tc_interrupt.o
 .ARM.attributes
                0x00000338       0x32 src/ASF/common/utils/interrupt/interrupt_sam_nvic.o
 .ARM.attributes
                0x0000036a       0x32 src/ASF/sam0/boards/saml22_xplained_pro/board_init.o
 .ARM.attributes
                0x0000039c       0x32 src/ASF/sam0/drivers/port/port.o
 .ARM.attributes
                0x000003ce       0x32 src/ASF/sam0/drivers/system/clock/clock_saml22/clock.o
 .ARM.attributes
                0x00000400       0x32 src/ASF/sam0/drivers/system/clock/clock_saml22/gclk.o
 .ARM.attributes
                0x00000432       0x32 src/ASF/sam0/drivers/system/pinmux/pinmux.o
 .ARM.attributes
                0x00000464       0x32 src/ASF/sam0/drivers/system/system.o
 .ARM.attributes
                0x00000496       0x32 src/ASF/sam0/utils/cmsis/saml22/source/gcc/startup_saml22.o
 .ARM.attributes
                0x000004c8       0x32 src/ASF/sam0/utils/syscalls/gcc/syscalls.o
 .ARM.attributes
                0x000004fa       0x32 src/led_toggle.o
 .ARM.attributes
                0x0000052c       0x1e c:/program files (x86)/atmel/studio/7.0/toolchain/arm/arm-gnu-toolchain/bin/../lib/gcc/arm-none-eabi/6.3.1/thumb/v6-m\libgcc.a(_udivsi3.o)
 .ARM.attributes
                0x0000054a       0x1e c:/program files (x86)/atmel/studio/7.0/toolchain/arm/arm-gnu-toolchain/bin/../lib/gcc/arm-none-eabi/6.3.1/thumb/v6-m\libgcc.a(_dvmd_tls.o)
 .ARM.attributes
                0x00000568       0x2c c:/program files (x86)/atmel/studio/7.0/toolchain/arm/arm-gnu-toolchain/bin/../lib/gcc/arm-none-eabi/6.3.1/thumb/v6-m\libgcc.a(_muldi3.o)
 .ARM.attributes
                0x00000594       0x2c c:/program files (x86)/atmel/studio/7.0/toolchain/arm/arm-gnu-toolchain/bin/../lib/gcc/arm-none-eabi/6.3.1/../../../../arm-none-eabi/lib/thumb/v6-m\libc_nano.a(lib_a-impure.o)
 .ARM.attributes
                0x000005c0       0x2c c:/program files (x86)/atmel/studio/7.0/toolchain/arm/arm-gnu-toolchain/bin/../lib/gcc/arm-none-eabi/6.3.1/../../../../arm-none-eabi/lib/thumb/v6-m\libc_nano.a(lib_a-init.o)
 .ARM.attributes
                0x000005ec       0x2c c:/program files (x86)/atmel/studio/7.0/toolchain/arm/arm-gnu-toolchain/bin/../lib/gcc/arm-none-eabi/6.3.1/../../../../arm-none-eabi/lib/thumb/v6-m\libc_nano.a(lib_a-memcpy-stub.o)
 .ARM.attributes
                0x00000618       0x2c c:/program files (x86)/atmel/studio/7.0/toolchain/arm/arm-gnu-toolchain/bin/../lib/gcc/arm-none-eabi/6.3.1/../../../../arm-none-eabi/lib/thumb/v6-m\libc_nano.a(lib_a-memset.o)
 .ARM.attributes
                0x00000644       0x2c c:/program files (x86)/atmel/studio/7.0/toolchain/arm/arm-gnu-toolchain/bin/../lib/gcc/arm-none-eabi/6.3.1/../../../../arm-none-eabi/lib/thumb/v6-m\libc_nano.a(lib_a-puts.o)
 .ARM.attributes
                0x00000670       0x2c c:/program files (x86)/atmel/studio/7.0/toolchain/arm/arm-gnu-toolchain/bin/../lib/gcc/arm-none-eabi/6.3.1/../../../../arm-none-eabi/lib/thumb/v6-m\libc_nano.a(lib_a-setbuf.o)
 .ARM.attributes
                0x0000069c       0x2c c:/program files (x86)/atmel/studio/7.0/toolchain/arm/arm-gnu-toolchain/bin/../lib/gcc/arm-none-eabi/6.3.1/../../../../arm-none-eabi/lib/thumb/v6-m\libc_nano.a(lib_a-setvbuf.o)
 .ARM.attributes
                0x000006c8       0x2c c:/program files (x86)/atmel/studio/7.0/toolchain/arm/arm-gnu-toolchain/bin/../lib/gcc/arm-none-eabi/6.3.1/../../../../arm-none-eabi/lib/thumb/v6-m\libc_nano.a(lib_a-wbuf.o)
 .ARM.attributes
                0x000006f4       0x2c c:/program files (x86)/atmel/studio/7.0/toolchain/arm/arm-gnu-toolchain/bin/../lib/gcc/arm-none-eabi/6.3.1/../../../../arm-none-eabi/lib/thumb/v6-m\libc_nano.a(lib_a-wsetup.o)
 .ARM.attributes
                0x00000720       0x2c c:/program files (x86)/atmel/studio/7.0/toolchain/arm/arm-gnu-toolchain/bin/../lib/gcc/arm-none-eabi/6.3.1/../../../../arm-none-eabi/lib/thumb/v6-m\libc_nano.a(lib_a-fflush.o)
 .ARM.attributes
                0x0000074c       0x2c c:/program files (x86)/atmel/studio/7.0/toolchain/arm/arm-gnu-toolchain/bin/../lib/gcc/arm-none-eabi/6.3.1/../../../../arm-none-eabi/lib/thumb/v6-m\libc_nano.a(lib_a-findfp.o)
 .ARM.attributes
                0x00000778       0x2c c:/program files (x86)/atmel/studio/7.0/toolchain/arm/arm-gnu-toolchain/bin/../lib/gcc/arm-none-eabi/6.3.1/../../../../arm-none-eabi/lib/thumb/v6-m\libc_nano.a(lib_a-fwalk.o)
 .ARM.attributes
                0x000007a4       0x2c c:/program files (x86)/atmel/studio/7.0/toolchain/arm/arm-gnu-toolchain/bin/../lib/gcc/arm-none-eabi/6.3.1/../../../../arm-none-eabi/lib/thumb/v6-m\libc_nano.a(lib_a-makebuf.o)
 .ARM.attributes
                0x000007d0       0x2c c:/program files (x86)/atmel/studio/7.0/toolchain/arm/arm-gnu-toolchain/bin/../lib/gcc/arm-none-eabi/6.3.1/../../../../arm-none-eabi/lib/thumb/v6-m\libc_nano.a(lib_a-malloc.o)
 .ARM.attributes
                0x000007fc       0x2c c:/program files (x86)/atmel/studio/7.0/toolchain/arm/arm-gnu-toolchain/bin/../lib/gcc/arm-none-eabi/6.3.1/../../../../arm-none-eabi/lib/thumb/v6-m\libc_nano.a(lib_a-nano-freer.o)
 .ARM.attributes
                0x00000828       0x2c c:/program files (x86)/atmel/studio/7.0/toolchain/arm/arm-gnu-toolchain/bin/../lib/gcc/arm-none-eabi/6.3.1/../../../../arm-none-eabi/lib/thumb/v6-m\libc_nano.a(lib_a-nano-mallocr.o)
 .ARM.attributes
                0x00000854       0x2c c:/program files (x86)/atmel/studio/7.0/toolchain/arm/arm-gnu-toolchain/bin/../lib/gcc/arm-none-eabi/6.3.1/../../../../arm-none-eabi/lib/thumb/v6-m\libc_nano.a(lib_a-sbrkr.o)
 .ARM.attributes
                0x00000880       0x2c c:/program files (x86)/atmel/studio/7.0/toolchain/arm/arm-gnu-toolchain/bin/../lib/gcc/arm-none-eabi/6.3.1/../../../../arm-none-eabi/lib/thumb/v6-m\libc_nano.a(lib_a-stdio.o)
 .ARM.attributes
                0x000008ac       0x2c c:/program files (x86)/atmel/studio/7.0/toolchain/arm/arm-gnu-toolchain/bin/../lib/gcc/arm-none-eabi/6.3.1/../../../../arm-none-eabi/lib/thumb/v6-m\libc_nano.a(lib_a-writer.o)
 .ARM.attributes
                0x000008d8       0x2c c:/program files (x86)/atmel/studio/7.0/toolchain/arm/arm-gnu-toolchain/bin/../lib/gcc/arm-none-eabi/6.3.1/../../../../arm-none-eabi/lib/thumb/v6-m\libc_nano.a(lib_a-closer.o)
 .ARM.attributes
                0x00000904       0x2c c:/program files (x86)/atmel/studio/7.0/toolchain/arm/arm-gnu-toolchain/bin/../lib/gcc/arm-none-eabi/6.3.1/../../../../arm-none-eabi/lib/thumb/v6-m\libc_nano.a(lib_a-fstatr.o)
 .ARM.attributes
                0x00000930       0x2c c:/program files (x86)/atmel/studio/7.0/toolchain/arm/arm-gnu-toolchain/bin/../lib/gcc/arm-none-eabi/6.3.1/../../../../arm-none-eabi/lib/thumb/v6-m\libc_nano.a(lib_a-isattyr.o)
 .ARM.attributes
                0x0000095c       0x2c c:/program files (x86)/atmel/studio/7.0/toolchain/arm/arm-gnu-toolchain/bin/../lib/gcc/arm-none-eabi/6.3.1/../../../../arm-none-eabi/lib/thumb/v6-m\libc_nano.a(lib_a-lseekr.o)
 .ARM.attributes
                0x00000988       0x2c c:/program files (x86)/atmel/studio/7.0/toolchain/arm/arm-gnu-toolchain/bin/../lib/gcc/arm-none-eabi/6.3.1/../../../../arm-none-eabi/lib/thumb/v6-m\libc_nano.a(lib_a-mlock.o)
 .ARM.attributes
                0x000009b4       0x2c c:/program files (x86)/atmel/studio/7.0/toolchain/arm/arm-gnu-toolchain/bin/../lib/gcc/arm-none-eabi/6.3.1/../../../../arm-none-eabi/lib/thumb/v6-m\libc_nano.a(lib_a-readr.o)
 .ARM.attributes
                0x000009e0       0x2c c:/program files (x86)/atmel/studio/7.0/toolchain/arm/arm-gnu-toolchain/bin/../lib/gcc/arm-none-eabi/6.3.1/../../../../arm-none-eabi/lib/thumb/v6-m\libc_nano.a(lib_a-reent.o)
 .ARM.attributes
                0x00000a0c       0x1e c:/program files (x86)/atmel/studio/7.0/toolchain/arm/arm-gnu-toolchain/bin/../lib/gcc/arm-none-eabi/6.3.1/thumb/v6-m/crtn.o

.comment        0x00000000       0x59
 .comment       0x00000000       0x59 FreeRtosExampleTask/FreeRtosTasks.o
                                 0x5a (size before relaxing)
 .comment       0x00000059       0x5a FreeRtosExampleTask/SerialPortTask.o
 .comment       0x00000059       0x5a FreeRtos/list.o
 .comment       0x00000059       0x5a FreeRtos/portable/GCC/ARM_CM0/port.o
 .comment       0x00000059       0x5a FreeRtos/portable/MemMang/heap_1.o
 .comment       0x00000059       0x5a FreeRtos/queue.o
 .comment       0x00000059       0x5a FreeRtos/tasks.o
 .comment       0x00000059       0x5a src/ASF/common/utils/stdio/read.o
 .comment       0x00000059       0x5a src/ASF/common/utils/stdio/write.o
 .comment       0x00000059       0x5a src/ASF/sam0/drivers/sercom/edbg/stdio_serial.o
 .comment       0x00000059       0x5a src/ASF/sam0/drivers/sercom/sercom.o
 .comment       0x00000059       0x5a src/ASF/sam0/drivers/sercom/sercom_interrupt.o
 .comment       0x00000059       0x5a src/ASF/sam0/drivers/sercom/usart/usart.o
 .comment       0x00000059       0x5a src/ASF/sam0/drivers/sercom/usart/usart_interrupt.o
 .comment       0x00000059       0x5a src/ASF/sam0/drivers/tc/tc_interrupt.o
 .comment       0x00000059       0x5a src/ASF/common/utils/interrupt/interrupt_sam_nvic.o
 .comment       0x00000059       0x5a src/ASF/sam0/boards/saml22_xplained_pro/board_init.o
 .comment       0x00000059       0x5a src/ASF/sam0/drivers/port/port.o
 .comment       0x00000059       0x5a src/ASF/sam0/drivers/system/clock/clock_saml22/clock.o
 .comment       0x00000059       0x5a src/ASF/sam0/drivers/system/clock/clock_saml22/gclk.o
 .comment       0x00000059       0x5a src/ASF/sam0/drivers/system/pinmux/pinmux.o
 .comment       0x00000059       0x5a src/ASF/sam0/drivers/system/system.o
 .comment       0x00000059       0x5a src/ASF/sam0/utils/cmsis/saml22/source/gcc/startup_saml22.o
 .comment       0x00000059       0x5a src/ASF/sam0/utils/syscalls/gcc/syscalls.o
 .comment       0x00000059       0x5a src/led_toggle.o

.debug_info     0x00000000    0x29315
 .debug_info    0x00000000      0xbb0 FreeRtosExampleTask/FreeRtosTasks.o
 .debug_info    0x00000bb0      0xd49 FreeRtosExampleTask/SerialPortTask.o
 .debug_info    0x000018f9      0xc6f FreeRtos/list.o
 .debug_info    0x00002568      0xc90 FreeRtos/portable/GCC/ARM_CM0/port.o
 .debug_info    0x000031f8      0xb56 FreeRtos/portable/MemMang/heap_1.o
 .debug_info    0x00003d4e     0x1d92 FreeRtos/queue.o
 .debug_info    0x00005ae0     0x22bd FreeRtos/tasks.o
 .debug_info    0x00007d9d      0xabf src/ASF/common/utils/stdio/read.o
 .debug_info    0x0000885c      0xac8 src/ASF/common/utils/stdio/write.o
 .debug_info    0x00009324     0x365e src/ASF/sam0/drivers/sercom/edbg/stdio_serial.o
 .debug_info    0x0000c982     0x2e56 src/ASF/sam0/drivers/sercom/sercom.o
 .debug_info    0x0000f7d8     0x2c47 src/ASF/sam0/drivers/sercom/sercom_interrupt.o
 .debug_info    0x0001241f     0x4a10 src/ASF/sam0/drivers/sercom/usart/usart.o
 .debug_info    0x00016e2f     0x31ae src/ASF/sam0/drivers/sercom/usart/usart_interrupt.o
 .debug_info    0x00019fdd     0x1fa8 src/ASF/sam0/drivers/tc/tc_interrupt.o
 .debug_info    0x0001bf85      0xb0c src/ASF/common/utils/interrupt/interrupt_sam_nvic.o
 .debug_info    0x0001ca91     0x1245 src/ASF/sam0/boards/saml22_xplained_pro/board_init.o
 .debug_info    0x0001dcd6     0x121a src/ASF/sam0/drivers/port/port.o
 .debug_info    0x0001eef0     0x4185 src/ASF/sam0/drivers/system/clock/clock_saml22/clock.o
 .debug_info    0x00023075     0x1a41 src/ASF/sam0/drivers/system/clock/clock_saml22/gclk.o
 .debug_info    0x00024ab6     0x12db src/ASF/sam0/drivers/system/pinmux/pinmux.o
 .debug_info    0x00025d91      0xa74 src/ASF/sam0/drivers/system/system.o
 .debug_info    0x00026805      0x4da src/ASF/sam0/utils/cmsis/saml22/source/gcc/startup_saml22.o
 .debug_info    0x00026cdf      0xda1 src/ASF/sam0/utils/syscalls/gcc/syscalls.o
 .debug_info    0x00027a80     0x1895 src/led_toggle.o

.debug_abbrev   0x00000000     0x40f9
 .debug_abbrev  0x00000000      0x208 FreeRtosExampleTask/FreeRtosTasks.o
 .debug_abbrev  0x00000208      0x214 FreeRtosExampleTask/SerialPortTask.o
 .debug_abbrev  0x0000041c      0x203 FreeRtos/list.o
 .debug_abbrev  0x0000061f      0x2ce FreeRtos/portable/GCC/ARM_CM0/port.o
 .debug_abbrev  0x000008ed      0x252 FreeRtos/portable/MemMang/heap_1.o
 .debug_abbrev  0x00000b3f      0x2b4 FreeRtos/queue.o
 .debug_abbrev  0x00000df3      0x2f7 FreeRtos/tasks.o
 .debug_abbrev  0x000010ea      0x1f4 src/ASF/common/utils/stdio/read.o
 .debug_abbrev  0x000012de      0x1f4 src/ASF/common/utils/stdio/write.o
 .debug_abbrev  0x000014d2      0x342 src/ASF/sam0/drivers/sercom/edbg/stdio_serial.o
 .debug_abbrev  0x00001814      0x30e src/ASF/sam0/drivers/sercom/sercom.o
 .debug_abbrev  0x00001b22      0x2bf src/ASF/sam0/drivers/sercom/sercom_interrupt.o
 .debug_abbrev  0x00001de1      0x38f src/ASF/sam0/drivers/sercom/usart/usart.o
 .debug_abbrev  0x00002170      0x35e src/ASF/sam0/drivers/sercom/usart/usart_interrupt.o
 .debug_abbrev  0x000024ce      0x2d9 src/ASF/sam0/drivers/tc/tc_interrupt.o
 .debug_abbrev  0x000027a7      0x22e src/ASF/common/utils/interrupt/interrupt_sam_nvic.o
 .debug_abbrev  0x000029d5      0x28d src/ASF/sam0/boards/saml22_xplained_pro/board_init.o
 .debug_abbrev  0x00002c62      0x266 src/ASF/sam0/drivers/port/port.o
 .debug_abbrev  0x00002ec8      0x3ce src/ASF/sam0/drivers/system/clock/clock_saml22/clock.o
 .debug_abbrev  0x00003296      0x36f src/ASF/sam0/drivers/system/clock/clock_saml22/gclk.o
 .debug_abbrev  0x00003605      0x2a2 src/ASF/sam0/drivers/system/pinmux/pinmux.o
 .debug_abbrev  0x000038a7      0x1e1 src/ASF/sam0/drivers/system/system.o
 .debug_abbrev  0x00003a88      0x142 src/ASF/sam0/utils/cmsis/saml22/source/gcc/startup_saml22.o
 .debug_abbrev  0x00003bca      0x22a src/ASF/sam0/utils/syscalls/gcc/syscalls.o
 .debug_abbrev  0x00003df4      0x305 src/led_toggle.o

.debug_loc      0x00000000     0x3271
 .debug_loc     0x00000000       0x64 FreeRtosExampleTask/FreeRtosTasks.o
 .debug_loc     0x00000064      0x100 FreeRtosExampleTask/SerialPortTask.o
 .debug_loc     0x00000164      0x118 FreeRtos/list.o
 .debug_loc     0x0000027c      0x1dc FreeRtos/portable/GCC/ARM_CM0/port.o
 .debug_loc     0x00000458       0xc8 FreeRtos/portable/MemMang/heap_1.o
 .debug_loc     0x00000520      0x578 FreeRtos/queue.o
 .debug_loc     0x00000a98      0xa01 FreeRtos/tasks.o
 .debug_loc     0x00001499       0x38 src/ASF/common/utils/stdio/read.o
 .debug_loc     0x000014d1       0x38 src/ASF/common/utils/stdio/write.o
 .debug_loc     0x00001509      0x232 src/ASF/sam0/drivers/sercom/edbg/stdio_serial.o
 .debug_loc     0x0000173b      0x18c src/ASF/sam0/drivers/sercom/sercom.o
 .debug_loc     0x000018c7      0x1b0 src/ASF/sam0/drivers/sercom/sercom_interrupt.o
 .debug_loc     0x00001a77      0x298 src/ASF/sam0/drivers/sercom/usart/usart.o
 .debug_loc     0x00001d0f      0x330 src/ASF/sam0/drivers/sercom/usart/usart_interrupt.o
 .debug_loc     0x0000203f      0x190 src/ASF/sam0/drivers/tc/tc_interrupt.o
 .debug_loc     0x000021cf       0x64 src/ASF/common/utils/interrupt/interrupt_sam_nvic.o
 .debug_loc     0x00002233      0x118 src/ASF/sam0/boards/saml22_xplained_pro/board_init.o
 .debug_loc     0x0000234b       0xa8 src/ASF/sam0/drivers/port/port.o
 .debug_loc     0x000023f3      0x53e src/ASF/sam0/drivers/system/clock/clock_saml22/clock.o
 .debug_loc     0x00002931      0x394 src/ASF/sam0/drivers/system/clock/clock_saml22/gclk.o
 .debug_loc     0x00002cc5      0x118 src/ASF/sam0/drivers/system/pinmux/pinmux.o
 .debug_loc     0x00002ddd       0x58 src/ASF/sam0/drivers/system/system.o
 .debug_loc     0x00002e35       0x64 src/ASF/sam0/utils/cmsis/saml22/source/gcc/startup_saml22.o
 .debug_loc     0x00002e99      0x1ec src/ASF/sam0/utils/syscalls/gcc/syscalls.o
 .debug_loc     0x00003085      0x1ec src/led_toggle.o

.debug_aranges  0x00000000      0x9f8
 .debug_aranges
                0x00000000       0x28 FreeRtosExampleTask/FreeRtosTasks.o
 .debug_aranges
                0x00000028       0x40 FreeRtosExampleTask/SerialPortTask.o
 .debug_aranges
                0x00000068       0x40 FreeRtos/list.o
 .debug_aranges
                0x000000a8       0x88 FreeRtos/portable/GCC/ARM_CM0/port.o
 .debug_aranges
                0x00000130       0x38 FreeRtos/portable/MemMang/heap_1.o
 .debug_aranges
                0x00000168       0xe0 FreeRtos/queue.o
 .debug_aranges
                0x00000248      0x190 FreeRtos/tasks.o
 .debug_aranges
                0x000003d8       0x20 src/ASF/common/utils/stdio/read.o
 .debug_aranges
                0x000003f8       0x20 src/ASF/common/utils/stdio/write.o
 .debug_aranges
                0x00000418       0x68 src/ASF/sam0/drivers/sercom/edbg/stdio_serial.o
 .debug_aranges
                0x00000480       0x50 src/ASF/sam0/drivers/sercom/sercom.o
 .debug_aranges
                0x000004d0       0x60 src/ASF/sam0/drivers/sercom/sercom_interrupt.o
 .debug_aranges
                0x00000530       0x78 src/ASF/sam0/drivers/sercom/usart/usart.o
 .debug_aranges
                0x000005a8       0x90 src/ASF/sam0/drivers/sercom/usart/usart_interrupt.o
 .debug_aranges
                0x00000638       0x58 src/ASF/sam0/drivers/tc/tc_interrupt.o
 .debug_aranges
                0x00000690       0x28 src/ASF/common/utils/interrupt/interrupt_sam_nvic.o
 .debug_aranges
                0x000006b8       0x40 src/ASF/sam0/boards/saml22_xplained_pro/board_init.o
 .debug_aranges
                0x000006f8       0x30 src/ASF/sam0/drivers/port/port.o
 .debug_aranges
                0x00000728       0xe0 src/ASF/sam0/drivers/system/clock/clock_saml22/clock.o
 .debug_aranges
                0x00000808       0xa0 src/ASF/sam0/drivers/system/clock/clock_saml22/gclk.o
 .debug_aranges
                0x000008a8       0x40 src/ASF/sam0/drivers/system/pinmux/pinmux.o
 .debug_aranges
                0x000008e8       0x28 src/ASF/sam0/drivers/system/system.o
 .debug_aranges
                0x00000910       0x28 src/ASF/sam0/utils/cmsis/saml22/source/gcc/startup_saml22.o
 .debug_aranges
                0x00000938       0x60 src/ASF/sam0/utils/syscalls/gcc/syscalls.o
 .debug_aranges
                0x00000998       0x60 src/led_toggle.o

.debug_ranges   0x00000000      0x868
 .debug_ranges  0x00000000       0x18 FreeRtosExampleTask/FreeRtosTasks.o
 .debug_ranges  0x00000018       0x30 FreeRtosExampleTask/SerialPortTask.o
 .debug_ranges  0x00000048       0x30 FreeRtos/list.o
 .debug_ranges  0x00000078       0x78 FreeRtos/portable/GCC/ARM_CM0/port.o
 .debug_ranges  0x000000f0       0x28 FreeRtos/portable/MemMang/heap_1.o
 .debug_ranges  0x00000118       0xd0 FreeRtos/queue.o
 .debug_ranges  0x000001e8      0x180 FreeRtos/tasks.o
 .debug_ranges  0x00000368       0x10 src/ASF/common/utils/stdio/read.o
 .debug_ranges  0x00000378       0x10 src/ASF/common/utils/stdio/write.o
 .debug_ranges  0x00000388       0x58 src/ASF/sam0/drivers/sercom/edbg/stdio_serial.o
 .debug_ranges  0x000003e0       0x40 src/ASF/sam0/drivers/sercom/sercom.o
 .debug_ranges  0x00000420       0x50 src/ASF/sam0/drivers/sercom/sercom_interrupt.o
 .debug_ranges  0x00000470       0x68 src/ASF/sam0/drivers/sercom/usart/usart.o
 .debug_ranges  0x000004d8       0x80 src/ASF/sam0/drivers/sercom/usart/usart_interrupt.o
 .debug_ranges  0x00000558       0x48 src/ASF/sam0/drivers/tc/tc_interrupt.o
 .debug_ranges  0x000005a0       0x18 src/ASF/common/utils/interrupt/interrupt_sam_nvic.o
 .debug_ranges  0x000005b8       0x30 src/ASF/sam0/boards/saml22_xplained_pro/board_init.o
 .debug_ranges  0x000005e8       0x20 src/ASF/sam0/drivers/port/port.o
 .debug_ranges  0x00000608       0xd0 src/ASF/sam0/drivers/system/clock/clock_saml22/clock.o
 .debug_ranges  0x000006d8       0x90 src/ASF/sam0/drivers/system/clock/clock_saml22/gclk.o
 .debug_ranges  0x00000768       0x30 src/ASF/sam0/drivers/system/pinmux/pinmux.o
 .debug_ranges  0x00000798       0x18 src/ASF/sam0/drivers/system/system.o
 .debug_ranges  0x000007b0       0x18 src/ASF/sam0/utils/cmsis/saml22/source/gcc/startup_saml22.o
 .debug_ranges  0x000007c8       0x50 src/ASF/sam0/utils/syscalls/gcc/syscalls.o
 .debug_ranges  0x00000818       0x50 src/led_toggle.o

.debug_macro    0x00000000    0x2228c
 .debug_macro   0x00000000      0x67a FreeRtosExampleTask/FreeRtosTasks.o
 .debug_macro   0x0000067a      0x8b0 FreeRtosExampleTask/FreeRtosTasks.o
 .debug_macro   0x00000f2a      0x16d FreeRtosExampleTask/FreeRtosTasks.o
 .debug_macro   0x00001097       0x22 FreeRtosExampleTask/FreeRtosTasks.o
 .debug_macro   0x000010b9       0x87 FreeRtosExampleTask/FreeRtosTasks.o
 .debug_macro   0x00001140       0x51 FreeRtosExampleTask/FreeRtosTasks.o
 .debug_macro   0x00001191       0xef FreeRtosExampleTask/FreeRtosTasks.o
 .debug_macro   0x00001280       0x6a FreeRtosExampleTask/FreeRtosTasks.o
 .debug_macro   0x000012ea      0x1df FreeRtosExampleTask/FreeRtosTasks.o
 .debug_macro   0x000014c9      0x6d7 FreeRtosExampleTask/FreeRtosTasks.o
 .debug_macro   0x00001ba0       0x16 FreeRtosExampleTask/FreeRtosTasks.o
 .debug_macro   0x00001bb6       0x76 FreeRtosExampleTask/FreeRtosTasks.o
 .debug_macro   0x00001c2c       0x16 FreeRtosExampleTask/FreeRtosTasks.o
 .debug_macro   0x00001c42      0x6db FreeRtosExampleTask/FreeRtosTasks.o
 .debug_macro   0x0000231d      0xdd8 FreeRtosExampleTask/FreeRtosTasks.o
 .debug_macro   0x000030f5       0x22 FreeRtosExampleTask/FreeRtosTasks.o
 .debug_macro   0x00003117       0x40 FreeRtosExampleTask/FreeRtosTasks.o
 .debug_macro   0x00003157       0x3a FreeRtosExampleTask/FreeRtosTasks.o
 .debug_macro   0x00003191       0x1f FreeRtosExampleTask/FreeRtosTasks.o
 .debug_macro   0x000031b0      0x376 FreeRtosExampleTask/FreeRtosTasks.o
 .debug_macro   0x00003526      0x718 FreeRtosExampleTask/FreeRtosTasks.o
 .debug_macro   0x00003c3e      0x95d FreeRtosExampleTask/FreeRtosTasks.o
 .debug_macro   0x0000459b      0x279 FreeRtosExampleTask/FreeRtosTasks.o
 .debug_macro   0x00004814      0x222 FreeRtosExampleTask/FreeRtosTasks.o
 .debug_macro   0x00004a36      0xe16 FreeRtosExampleTask/FreeRtosTasks.o
 .debug_macro   0x0000584c      0x5b8 FreeRtosExampleTask/FreeRtosTasks.o
 .debug_macro   0x00005e04      0x5be FreeRtosExampleTask/FreeRtosTasks.o
 .debug_macro   0x000063c2      0x628 FreeRtosExampleTask/FreeRtosTasks.o
 .debug_macro   0x000069ea      0x172 FreeRtosExampleTask/FreeRtosTasks.o
 .debug_macro   0x00006b5c      0x25c FreeRtosExampleTask/FreeRtosTasks.o
 .debug_macro   0x00006db8      0x46b FreeRtosExampleTask/FreeRtosTasks.o
 .debug_macro   0x00007223      0x21c FreeRtosExampleTask/FreeRtosTasks.o
 .debug_macro   0x0000743f      0x76c FreeRtosExampleTask/FreeRtosTasks.o
 .debug_macro   0x00007bab      0x7c4 FreeRtosExampleTask/FreeRtosTasks.o
 .debug_macro   0x0000836f      0x291 FreeRtosExampleTask/FreeRtosTasks.o
 .debug_macro   0x00008600      0x5f5 FreeRtosExampleTask/FreeRtosTasks.o
 .debug_macro   0x00008bf5      0x1c6 FreeRtosExampleTask/FreeRtosTasks.o
 .debug_macro   0x00008dbb      0x30a FreeRtosExampleTask/FreeRtosTasks.o
 .debug_macro   0x000090c5       0xac FreeRtosExampleTask/FreeRtosTasks.o
 .debug_macro   0x00009171     0x1c53 FreeRtosExampleTask/FreeRtosTasks.o
 .debug_macro   0x0000adc4      0xff6 FreeRtosExampleTask/FreeRtosTasks.o
 .debug_macro   0x0000bdba      0xd45 FreeRtosExampleTask/FreeRtosTasks.o
 .debug_macro   0x0000caff      0x877 FreeRtosExampleTask/FreeRtosTasks.o
 .debug_macro   0x0000d376      0x9c1 FreeRtosExampleTask/FreeRtosTasks.o
 .debug_macro   0x0000dd37      0x8b2 FreeRtosExampleTask/FreeRtosTasks.o
 .debug_macro   0x0000e5e9     0x19c2 FreeRtosExampleTask/FreeRtosTasks.o
 .debug_macro   0x0000ffab       0xe7 FreeRtosExampleTask/FreeRtosTasks.o
 .debug_macro   0x00010092      0xb7c FreeRtosExampleTask/FreeRtosTasks.o
 .debug_macro   0x00010c0e      0x36e FreeRtosExampleTask/FreeRtosTasks.o
 .debug_macro   0x00010f7c       0x7c FreeRtosExampleTask/FreeRtosTasks.o
 .debug_macro   0x00010ff8       0xac FreeRtosExampleTask/FreeRtosTasks.o
 .debug_macro   0x000110a4       0xca FreeRtosExampleTask/FreeRtosTasks.o
 .debug_macro   0x0001116e       0x4c FreeRtosExampleTask/FreeRtosTasks.o
 .debug_macro   0x000111ba       0xdc FreeRtosExampleTask/FreeRtosTasks.o
 .debug_macro   0x00011296       0xb2 FreeRtosExampleTask/FreeRtosTasks.o
 .debug_macro   0x00011348       0x64 FreeRtosExampleTask/FreeRtosTasks.o
 .debug_macro   0x000113ac      0x469 FreeRtosExampleTask/FreeRtosTasks.o
 .debug_macro   0x00011815       0x4c FreeRtosExampleTask/FreeRtosTasks.o
 .debug_macro   0x00011861      0x14d FreeRtosExampleTask/FreeRtosTasks.o
 .debug_macro   0x000119ae       0x5e FreeRtosExampleTask/FreeRtosTasks.o
 .debug_macro   0x00011a0c       0xa0 FreeRtosExampleTask/FreeRtosTasks.o
 .debug_macro   0x00011aac       0xc4 FreeRtosExampleTask/FreeRtosTasks.o
 .debug_macro   0x00011b70       0xb2 FreeRtosExampleTask/FreeRtosTasks.o
 .debug_macro   0x00011c22       0x4c FreeRtosExampleTask/FreeRtosTasks.o
 .debug_macro   0x00011c6e       0x64 FreeRtosExampleTask/FreeRtosTasks.o
 .debug_macro   0x00011cd2       0x40 FreeRtosExampleTask/FreeRtosTasks.o
 .debug_macro   0x00011d12      0x1de FreeRtosExampleTask/FreeRtosTasks.o
 .debug_macro   0x00011ef0       0x22 FreeRtosExampleTask/FreeRtosTasks.o
 .debug_macro   0x00011f12      0x162 FreeRtosExampleTask/FreeRtosTasks.o
 .debug_macro   0x00012074      0x174 FreeRtosExampleTask/FreeRtosTasks.o
 .debug_macro   0x000121e8      0x174 FreeRtosExampleTask/FreeRtosTasks.o
 .debug_macro   0x0001235c      0x174 FreeRtosExampleTask/FreeRtosTasks.o
 .debug_macro   0x000124d0      0x174 FreeRtosExampleTask/FreeRtosTasks.o
 .debug_macro   0x00012644      0x174 FreeRtosExampleTask/FreeRtosTasks.o
 .debug_macro   0x000127b8      0x174 FreeRtosExampleTask/FreeRtosTasks.o
 .debug_macro   0x0001292c      0x11f FreeRtosExampleTask/FreeRtosTasks.o
 .debug_macro   0x00012a4b       0x5e FreeRtosExampleTask/FreeRtosTasks.o
 .debug_macro   0x00012aa9      0x16c FreeRtosExampleTask/FreeRtosTasks.o
 .debug_macro   0x00012c15       0xfa FreeRtosExampleTask/FreeRtosTasks.o
 .debug_macro   0x00012d0f       0xfa FreeRtosExampleTask/FreeRtosTasks.o
 .debug_macro   0x00012e09       0xfa FreeRtosExampleTask/FreeRtosTasks.o
 .debug_macro   0x00012f03       0xfa FreeRtosExampleTask/FreeRtosTasks.o
 .debug_macro   0x00012ffd      0x124 FreeRtosExampleTask/FreeRtosTasks.o
 .debug_macro   0x00013121       0x2e FreeRtosExampleTask/FreeRtosTasks.o
 .debug_macro   0x0001314f      0x1fe FreeRtosExampleTask/FreeRtosTasks.o
 .debug_macro   0x0001334d       0x3a FreeRtosExampleTask/FreeRtosTasks.o
 .debug_macro   0x00013387      0x417 FreeRtosExampleTask/FreeRtosTasks.o
 .debug_macro   0x0001379e     0x2eb7 FreeRtosExampleTask/FreeRtosTasks.o
 .debug_macro   0x00016655       0x6d FreeRtosExampleTask/FreeRtosTasks.o
 .debug_macro   0x000166c2       0x58 FreeRtosExampleTask/FreeRtosTasks.o
 .debug_macro   0x0001671a       0x35 FreeRtosExampleTask/FreeRtosTasks.o
 .debug_macro   0x0001674f       0x9c FreeRtosExampleTask/FreeRtosTasks.o
 .debug_macro   0x000167eb       0x16 FreeRtosExampleTask/FreeRtosTasks.o
 .debug_macro   0x00016801       0x35 FreeRtosExampleTask/FreeRtosTasks.o
 .debug_macro   0x00016836      0x353 FreeRtosExampleTask/FreeRtosTasks.o
 .debug_macro   0x00016b89       0x10 FreeRtosExampleTask/FreeRtosTasks.o
 .debug_macro   0x00016b99       0x58 FreeRtosExampleTask/FreeRtosTasks.o
 .debug_macro   0x00016bf1       0x1f FreeRtosExampleTask/FreeRtosTasks.o
 .debug_macro   0x00016c10       0x43 FreeRtosExampleTask/FreeRtosTasks.o
 .debug_macro   0x00016c53       0x20 FreeRtosExampleTask/FreeRtosTasks.o
 .debug_macro   0x00016c73      0x187 FreeRtosExampleTask/FreeRtosTasks.o
 .debug_macro   0x00016dfa       0x10 FreeRtosExampleTask/FreeRtosTasks.o
 .debug_macro   0x00016e0a       0x1c FreeRtosExampleTask/FreeRtosTasks.o
 .debug_macro   0x00016e26       0x52 FreeRtosExampleTask/FreeRtosTasks.o
 .debug_macro   0x00016e78       0x40 FreeRtosExampleTask/FreeRtosTasks.o
 .debug_macro   0x00016eb8       0x10 FreeRtosExampleTask/FreeRtosTasks.o
 .debug_macro   0x00016ec8       0x40 FreeRtosExampleTask/FreeRtosTasks.o
 .debug_macro   0x00016f08       0xd7 FreeRtosExampleTask/FreeRtosTasks.o
 .debug_macro   0x00016fdf       0x16 FreeRtosExampleTask/FreeRtosTasks.o
 .debug_macro   0x00016ff5      0x18b FreeRtosExampleTask/FreeRtosTasks.o
 .debug_macro   0x00017180       0x16 FreeRtosExampleTask/FreeRtosTasks.o
 .debug_macro   0x00017196       0x16 FreeRtosExampleTask/FreeRtosTasks.o
 .debug_macro   0x000171ac       0x29 FreeRtosExampleTask/FreeRtosTasks.o
 .debug_macro   0x000171d5       0x51 FreeRtosExampleTask/FreeRtosTasks.o
 .debug_macro   0x00017226       0x3e FreeRtosExampleTask/FreeRtosTasks.o
 .debug_macro   0x00017264      0x3df FreeRtosExampleTask/FreeRtosTasks.o
 .debug_macro   0x00017643      0x2bd FreeRtosExampleTask/FreeRtosTasks.o
 .debug_macro   0x00017900      0x7da FreeRtosExampleTask/FreeRtosTasks.o
 .debug_macro   0x000180da       0x9a FreeRtosExampleTask/FreeRtosTasks.o
 .debug_macro   0x00018174      0x15a FreeRtosExampleTask/FreeRtosTasks.o
 .debug_macro   0x000182ce       0xa6 FreeRtosExampleTask/FreeRtosTasks.o
 .debug_macro   0x00018374       0x1c FreeRtosExampleTask/FreeRtosTasks.o
 .debug_macro   0x00018390       0x26 FreeRtosExampleTask/FreeRtosTasks.o
 .debug_macro   0x000183b6      0x543 FreeRtosExampleTask/FreeRtosTasks.o
 .debug_macro   0x000188f9       0x11 FreeRtosExampleTask/FreeRtosTasks.o
 .debug_macro   0x0001890a       0x20 FreeRtosExampleTask/FreeRtosTasks.o
 .debug_macro   0x0001892a       0xb5 FreeRtosExampleTask/FreeRtosTasks.o
 .debug_macro   0x000189df       0xaa FreeRtosExampleTask/FreeRtosTasks.o
 .debug_macro   0x00018a89       0x80 FreeRtosExampleTask/FreeRtosTasks.o
 .debug_macro   0x00018b09       0x22 FreeRtosExampleTask/FreeRtosTasks.o
 .debug_macro   0x00018b2b       0x69 FreeRtosExampleTask/FreeRtosTasks.o
 .debug_macro   0x00018b94      0x73d FreeRtosExampleTask/SerialPortTask.o
 .debug_macro   0x000192d1      0x5f0 FreeRtos/list.o
 .debug_macro   0x000198c1      0x660 FreeRtos/portable/GCC/ARM_CM0/port.o
 .debug_macro   0x00019f21      0x612 FreeRtos/portable/MemMang/heap_1.o
 .debug_macro   0x0001a533      0x676 FreeRtos/queue.o
 .debug_macro   0x0001aba9      0x6df FreeRtos/tasks.o
 .debug_macro   0x0001b288       0x10 FreeRtos/tasks.o
 .debug_macro   0x0001b298      0x56c src/ASF/common/utils/stdio/read.o
 .debug_macro   0x0001b804       0x10 src/ASF/common/utils/stdio/read.o
 .debug_macro   0x0001b814      0x56c src/ASF/common/utils/stdio/write.o
 .debug_macro   0x0001bd80      0x67f src/ASF/sam0/drivers/sercom/edbg/stdio_serial.o
 .debug_macro   0x0001c3ff      0x2c3 src/ASF/sam0/drivers/sercom/edbg/stdio_serial.o
 .debug_macro   0x0001c6c2      0x5fe src/ASF/sam0/drivers/sercom/sercom.o
 .debug_macro   0x0001ccc0      0x5fc src/ASF/sam0/drivers/sercom/sercom_interrupt.o
 .debug_macro   0x0001d2bc      0x619 src/ASF/sam0/drivers/sercom/usart/usart.o
 .debug_macro   0x0001d8d5      0x6fb src/ASF/sam0/drivers/sercom/usart/usart_interrupt.o
 .debug_macro   0x0001dfd0      0x2c3 src/ASF/sam0/drivers/sercom/usart/usart_interrupt.o
 .debug_macro   0x0001e293      0x5da src/ASF/sam0/drivers/tc/tc_interrupt.o
 .debug_macro   0x0001e86d       0x43 src/ASF/sam0/drivers/tc/tc_interrupt.o
 .debug_macro   0x0001e8b0       0x66 src/ASF/sam0/drivers/tc/tc_interrupt.o
 .debug_macro   0x0001e916      0x56c src/ASF/common/utils/interrupt/interrupt_sam_nvic.o
 .debug_macro   0x0001ee82      0x5a8 src/ASF/sam0/boards/saml22_xplained_pro/board_init.o
 .debug_macro   0x0001f42a      0x586 src/ASF/sam0/drivers/port/port.o
 .debug_macro   0x0001f9b0      0x5d4 src/ASF/sam0/drivers/system/clock/clock_saml22/clock.o
 .debug_macro   0x0001ff84      0x20d src/ASF/sam0/drivers/system/clock/clock_saml22/clock.o
 .debug_macro   0x00020191      0x5a3 src/ASF/sam0/drivers/system/clock/clock_saml22/gclk.o
 .debug_macro   0x00020734      0x57e src/ASF/sam0/drivers/system/pinmux/pinmux.o
 .debug_macro   0x00020cb2      0x5b1 src/ASF/sam0/drivers/system/system.o
 .debug_macro   0x00021263      0x353 src/ASF/sam0/utils/cmsis/saml22/source/gcc/startup_saml22.o
 .debug_macro   0x000215b6       0x3a src/ASF/sam0/utils/cmsis/saml22/source/gcc/startup_saml22.o
 .debug_macro   0x000215f0      0x1d6 src/ASF/sam0/utils/syscalls/gcc/syscalls.o
 .debug_macro   0x000217c6       0x97 src/ASF/sam0/utils/syscalls/gcc/syscalls.o
 .debug_macro   0x0002185d       0xf6 src/ASF/sam0/utils/syscalls/gcc/syscalls.o
 .debug_macro   0x00021953       0x4c src/ASF/sam0/utils/syscalls/gcc/syscalls.o
 .debug_macro   0x0002199f       0x16 src/ASF/sam0/utils/syscalls/gcc/syscalls.o
 .debug_macro   0x000219b5       0x10 src/ASF/sam0/utils/syscalls/gcc/syscalls.o
 .debug_macro   0x000219c5       0x10 src/ASF/sam0/utils/syscalls/gcc/syscalls.o
 .debug_macro   0x000219d5       0x35 src/ASF/sam0/utils/syscalls/gcc/syscalls.o
 .debug_macro   0x00021a0a      0x122 src/ASF/sam0/utils/syscalls/gcc/syscalls.o
 .debug_macro   0x00021b2c      0x760 src/led_toggle.o

.debug_line     0x00000000    0x11f21
 .debug_line    0x00000000      0xb42 FreeRtosExampleTask/FreeRtosTasks.o
 .debug_line    0x00000b42      0xed1 FreeRtosExampleTask/SerialPortTask.o
 .debug_line    0x00001a13      0xac1 FreeRtos/list.o
 .debug_line    0x000024d4      0xb8b FreeRtos/portable/GCC/ARM_CM0/port.o
 .debug_line    0x0000305f      0xab6 FreeRtos/portable/MemMang/heap_1.o
 .debug_line    0x00003b15      0xe64 FreeRtos/queue.o
 .debug_line    0x00004979     0x121d FreeRtos/tasks.o
 .debug_line    0x00005b96      0x918 src/ASF/common/utils/stdio/read.o
 .debug_line    0x000064ae      0x915 src/ASF/common/utils/stdio/write.o
 .debug_line    0x00006dc3      0xd84 src/ASF/sam0/drivers/sercom/edbg/stdio_serial.o
 .debug_line    0x00007b47      0xc6f src/ASF/sam0/drivers/sercom/sercom.o
 .debug_line    0x000087b6      0xbd2 src/ASF/sam0/drivers/sercom/sercom_interrupt.o
 .debug_line    0x00009388      0xdcb src/ASF/sam0/drivers/sercom/usart/usart.o
 .debug_line    0x0000a153      0xed3 src/ASF/sam0/drivers/sercom/usart/usart_interrupt.o
 .debug_line    0x0000b026      0xb0f src/ASF/sam0/drivers/tc/tc_interrupt.o
 .debug_line    0x0000bb35      0x936 src/ASF/common/utils/interrupt/interrupt_sam_nvic.o
 .debug_line    0x0000c46b      0xa26 src/ASF/sam0/boards/saml22_xplained_pro/board_init.o
 .debug_line    0x0000ce91      0x969 src/ASF/sam0/drivers/port/port.o
 .debug_line    0x0000d7fa      0xd56 src/ASF/sam0/drivers/system/clock/clock_saml22/clock.o
 .debug_line    0x0000e550      0xbd0 src/ASF/sam0/drivers/system/clock/clock_saml22/gclk.o
 .debug_line    0x0000f120      0x9b4 src/ASF/sam0/drivers/system/pinmux/pinmux.o
 .debug_line    0x0000fad4      0xa47 src/ASF/sam0/drivers/system/system.o
 .debug_line    0x0001051b      0x6b9 src/ASF/sam0/utils/cmsis/saml22/source/gcc/startup_saml22.o
 .debug_line    0x00010bd4      0x414 src/ASF/sam0/utils/syscalls/gcc/syscalls.o
 .debug_line    0x00010fe8      0xf39 src/led_toggle.o

.debug_str      0x00000000    0xa5ed6
 .debug_str     0x00000000    0x9c05e FreeRtosExampleTask/FreeRtosTasks.o
                              0x9c4d1 (size before relaxing)
 .debug_str     0x0009c05e      0xa53 FreeRtosExampleTask/SerialPortTask.o
                              0x9cd9b (size before relaxing)
 .debug_str     0x0009cab1      0x11d FreeRtos/list.o
                              0x9af46 (size before relaxing)
 .debug_str     0x0009cbce      0x401 FreeRtos/portable/GCC/ARM_CM0/port.o
                              0x9b8eb (size before relaxing)
 .debug_str     0x0009cfcf      0x151 FreeRtos/portable/MemMang/heap_1.o
                              0x9b5dc (size before relaxing)
 .debug_str     0x0009d120      0x775 FreeRtos/queue.o
                              0x9c595 (size before relaxing)
 .debug_str     0x0009d895     0x16a4 FreeRtos/tasks.o
                              0x9cffe (size before relaxing)
 .debug_str     0x0009ef39       0x2c src/ASF/common/utils/stdio/read.o
                              0x94bfa (size before relaxing)
 .debug_str     0x0009ef65       0x26 src/ASF/common/utils/stdio/write.o
                              0x94bfb (size before relaxing)
 .debug_str     0x0009ef8b     0x1bac src/ASF/sam0/drivers/sercom/edbg/stdio_serial.o
                              0x9a0e5 (size before relaxing)
 .debug_str     0x000a0b37      0x43a src/ASF/sam0/drivers/sercom/sercom.o
                              0x962eb (size before relaxing)
 .debug_str     0x000a0f71      0x17b src/ASF/sam0/drivers/sercom/sercom_interrupt.o
                              0x96194 (size before relaxing)
 .debug_str     0x000a10ec      0x6d8 src/ASF/sam0/drivers/sercom/usart/usart.o
                              0x97436 (size before relaxing)
 .debug_str     0x000a17c4      0x233 src/ASF/sam0/drivers/sercom/usart/usart_interrupt.o
                              0x9dbed (size before relaxing)
 .debug_str     0x000a19f7      0x8e5 src/ASF/sam0/drivers/tc/tc_interrupt.o
                              0x95f31 (size before relaxing)
 .debug_str     0x000a22dc       0x66 src/ASF/common/utils/interrupt/interrupt_sam_nvic.o
                              0x94c51 (size before relaxing)
 .debug_str     0x000a2342      0x34e src/ASF/sam0/boards/saml22_xplained_pro/board_init.o
                              0x97ed7 (size before relaxing)
 .debug_str     0x000a2690       0x5e src/ASF/sam0/drivers/port/port.o
                              0x950e4 (size before relaxing)
 .debug_str     0x000a26ee     0x2943 src/ASF/sam0/drivers/system/clock/clock_saml22/clock.o
                              0x97de8 (size before relaxing)
 .debug_str     0x000a5031      0x198 src/ASF/sam0/drivers/system/clock/clock_saml22/gclk.o
                              0x957a1 (size before relaxing)
 .debug_str     0x000a51c9       0xf4 src/ASF/sam0/drivers/system/pinmux/pinmux.o
                              0x950a6 (size before relaxing)
 .debug_str     0x000a52bd       0x47 src/ASF/sam0/drivers/system/system.o
                              0x94cbb (size before relaxing)
 .debug_str     0x000a5304      0x39d src/ASF/sam0/utils/cmsis/saml22/source/gcc/startup_saml22.o
                              0x7f303 (size before relaxing)
 .debug_str     0x000a56a1      0x75b src/ASF/sam0/utils/syscalls/gcc/syscalls.o
                               0x7388 (size before relaxing)
 .debug_str     0x000a5dfc       0xda src/led_toggle.o
                              0x9db26 (size before relaxing)

.debug_frame    0x00000000     0x2634
 .debug_frame   0x00000000       0x4c FreeRtosExampleTask/FreeRtosTasks.o
 .debug_frame   0x0000004c       0xb0 FreeRtosExampleTask/SerialPortTask.o
 .debug_frame   0x000000fc       0xb0 FreeRtos/list.o
 .debug_frame   0x000001ac      0x174 FreeRtos/portable/GCC/ARM_CM0/port.o
 .debug_frame   0x00000320       0x88 FreeRtos/portable/MemMang/heap_1.o
 .debug_frame   0x000003a8      0x330 FreeRtos/queue.o
 .debug_frame   0x000006d8      0x5d8 FreeRtos/tasks.o
 .debug_frame   0x00000cb0       0x30 src/ASF/common/utils/stdio/read.o
 .debug_frame   0x00000ce0       0x30 src/ASF/common/utils/stdio/write.o
 .debug_frame   0x00000d10      0x150 src/ASF/sam0/drivers/sercom/edbg/stdio_serial.o
 .debug_frame   0x00000e60       0xf8 src/ASF/sam0/drivers/sercom/sercom.o
 .debug_frame   0x00000f58      0x118 src/ASF/sam0/drivers/sercom/sercom_interrupt.o
 .debug_frame   0x00001070      0x190 src/ASF/sam0/drivers/sercom/usart/usart.o
 .debug_frame   0x00001200      0x1e8 src/ASF/sam0/drivers/sercom/usart/usart_interrupt.o
 .debug_frame   0x000013e8      0x100 src/ASF/sam0/drivers/tc/tc_interrupt.o
 .debug_frame   0x000014e8       0x4c src/ASF/common/utils/interrupt/interrupt_sam_nvic.o
 .debug_frame   0x00001534       0xb0 src/ASF/sam0/boards/saml22_xplained_pro/board_init.o
 .debug_frame   0x000015e4       0x70 src/ASF/sam0/drivers/port/port.o
 .debug_frame   0x00001654      0x31c src/ASF/sam0/drivers/system/clock/clock_saml22/clock.o
 .debug_frame   0x00001970      0x224 src/ASF/sam0/drivers/system/clock/clock_saml22/gclk.o
 .debug_frame   0x00001b94       0xb0 src/ASF/sam0/drivers/system/pinmux/pinmux.o
 .debug_frame   0x00001c44       0x48 src/ASF/sam0/drivers/system/system.o
 .debug_frame   0x00001c8c       0x4c src/ASF/sam0/utils/cmsis/saml22/source/gcc/startup_saml22.o
 .debug_frame   0x00001cd8      0x12c src/ASF/sam0/utils/syscalls/gcc/syscalls.o
 .debug_frame   0x00001e04      0x130 src/led_toggle.o
 .debug_frame   0x00001f34       0x20 c:/program files (x86)/atmel/studio/7.0/toolchain/arm/arm-gnu-toolchain/bin/../lib/gcc/arm-none-eabi/6.3.1/thumb/v6-m\libgcc.a(_udivsi3.o)
 .debug_frame   0x00001f54       0x34 c:/program files (x86)/atmel/studio/7.0/toolchain/arm/arm-gnu-toolchain/bin/../lib/gcc/arm-none-eabi/6.3.1/thumb/v6-m\libgcc.a(_muldi3.o)
 .debug_frame   0x00001f88       0x2c c:/program files (x86)/atmel/studio/7.0/toolchain/arm/arm-gnu-toolchain/bin/../lib/gcc/arm-none-eabi/6.3.1/../../../../arm-none-eabi/lib/thumb/v6-m\libc_nano.a(lib_a-init.o)
 .debug_frame   0x00001fb4       0x28 c:/program files (x86)/atmel/studio/7.0/toolchain/arm/arm-gnu-toolchain/bin/../lib/gcc/arm-none-eabi/6.3.1/../../../../arm-none-eabi/lib/thumb/v6-m\libc_nano.a(lib_a-memcpy-stub.o)
 .debug_frame   0x00001fdc       0x20 c:/program files (x86)/atmel/studio/7.0/toolchain/arm/arm-gnu-toolchain/bin/../lib/gcc/arm-none-eabi/6.3.1/../../../../arm-none-eabi/lib/thumb/v6-m\libc_nano.a(lib_a-memset.o)
 .debug_frame   0x00001ffc       0x44 c:/program files (x86)/atmel/studio/7.0/toolchain/arm/arm-gnu-toolchain/bin/../lib/gcc/arm-none-eabi/6.3.1/../../../../arm-none-eabi/lib/thumb/v6-m\libc_nano.a(lib_a-puts.o)
 .debug_frame   0x00002040       0x28 c:/program files (x86)/atmel/studio/7.0/toolchain/arm/arm-gnu-toolchain/bin/../lib/gcc/arm-none-eabi/6.3.1/../../../../arm-none-eabi/lib/thumb/v6-m\libc_nano.a(lib_a-setbuf.o)
 .debug_frame   0x00002068       0x30 c:/program files (x86)/atmel/studio/7.0/toolchain/arm/arm-gnu-toolchain/bin/../lib/gcc/arm-none-eabi/6.3.1/../../../../arm-none-eabi/lib/thumb/v6-m\libc_nano.a(lib_a-setvbuf.o)
 .debug_frame   0x00002098       0x48 c:/program files (x86)/atmel/studio/7.0/toolchain/arm/arm-gnu-toolchain/bin/../lib/gcc/arm-none-eabi/6.3.1/../../../../arm-none-eabi/lib/thumb/v6-m\libc_nano.a(lib_a-wbuf.o)
 .debug_frame   0x000020e0       0x2c c:/program files (x86)/atmel/studio/7.0/toolchain/arm/arm-gnu-toolchain/bin/../lib/gcc/arm-none-eabi/6.3.1/../../../../arm-none-eabi/lib/thumb/v6-m\libc_nano.a(lib_a-wsetup.o)